Archive member included because of file (symbol)

D:\UTN - Apuntes\UTN 2015\PROYECTO\LPCXpresso_WorkSpace\lpc_chip_175x_6x\Debug\liblpc_chip_175x_6x.a(clock_17xx_40xx.o)
                              ./src/SPI_RF.o (Chip_Clock_EnablePeriphClock)
D:\UTN - Apuntes\UTN 2015\PROYECTO\LPCXpresso_WorkSpace\lpc_chip_175x_6x\Debug\liblpc_chip_175x_6x.a(iocon_17xx_40xx.o)
                              ./src/SPI_RF.o (Chip_IOCON_PinMux)
D:\UTN - Apuntes\UTN 2015\PROYECTO\LPCXpresso_WorkSpace\lpc_chip_175x_6x\Debug\liblpc_chip_175x_6x.a(ssp_17xx_40xx.o)
                              ./src/SPI_RF.o (Chip_SSP_RWFrames_Blocking)
D:\UTN - Apuntes\UTN 2015\PROYECTO\LPCXpresso_WorkSpace\lpc_chip_175x_6x\Debug\liblpc_chip_175x_6x.a(sysinit_17xx_40xx.o)
                              ./src/sysinit.o (Chip_SystemInit)
c:/nxp/lpcxpresso_7.7.2_379/lpcxpresso/tools/bin/../lib/gcc/arm-none-eabi/4.9.3/../../../../arm-none-eabi/lib/armv7-m\libcr_c.a(__weak__main.o)
                              ./src/cr_startup_lpc175x_6x.o (__main)

Allocating common symbols
Common symbol       size              file

addr_width          0x1               ./src/Prueba_RF_TX.o
dynamic_payloads_enabled
                    0x1               ./src/Prueba_RF_TX.o
SysTickCnt          0x4               ./src/Prueba_RF_TX.o
pipe0_reading_address
                    0x5               ./src/Prueba_RF_TX.o
p_variant           0x1               ./src/Prueba_RF_TX.o
txRxDelay           0x4               ./src/Prueba_RF_TX.o
payload_size        0x1               ./src/Prueba_RF_TX.o
failureDetected     0x1               ./src/Prueba_RF_TX.o

Discarded input sections

 .group         0x00000000        0x8 ./src/Prueba_RF_TX.o
 .group         0x00000000        0x8 ./src/Prueba_RF_TX.o
 .group         0x00000000        0x8 ./src/Prueba_RF_TX.o
 .group         0x00000000        0x8 ./src/Prueba_RF_TX.o
 .group         0x00000000        0x8 ./src/Prueba_RF_TX.o
 .group         0x00000000        0x8 ./src/Prueba_RF_TX.o
 .group         0x00000000        0x8 ./src/Prueba_RF_TX.o
 .group         0x00000000        0x8 ./src/Prueba_RF_TX.o
 .group         0x00000000        0x8 ./src/Prueba_RF_TX.o
 .group         0x00000000        0x8 ./src/Prueba_RF_TX.o
 .group         0x00000000        0x8 ./src/Prueba_RF_TX.o
 .group         0x00000000        0x8 ./src/Prueba_RF_TX.o
 .group         0x00000000        0x8 ./src/Prueba_RF_TX.o
 .group         0x00000000        0x8 ./src/Prueba_RF_TX.o
 .group         0x00000000        0x8 ./src/Prueba_RF_TX.o
 .group         0x00000000        0x8 ./src/Prueba_RF_TX.o
 .group         0x00000000        0x8 ./src/Prueba_RF_TX.o
 .group         0x00000000        0x8 ./src/Prueba_RF_TX.o
 .group         0x00000000        0x8 ./src/Prueba_RF_TX.o
 .group         0x00000000        0x8 ./src/Prueba_RF_TX.o
 .group         0x00000000        0x8 ./src/Prueba_RF_TX.o
 .group         0x00000000        0x8 ./src/Prueba_RF_TX.o
 .group         0x00000000        0x8 ./src/Prueba_RF_TX.o
 .group         0x00000000        0x8 ./src/Prueba_RF_TX.o
 .group         0x00000000        0x8 ./src/Prueba_RF_TX.o
 .group         0x00000000        0x8 ./src/Prueba_RF_TX.o
 .group         0x00000000        0x8 ./src/Prueba_RF_TX.o
 .group         0x00000000        0x8 ./src/Prueba_RF_TX.o
 .group         0x00000000        0x8 ./src/Prueba_RF_TX.o
 .group         0x00000000        0x8 ./src/Prueba_RF_TX.o
 .group         0x00000000        0x8 ./src/Prueba_RF_TX.o
 .group         0x00000000        0x8 ./src/Prueba_RF_TX.o
 .group         0x00000000        0x8 ./src/Prueba_RF_TX.o
 .group         0x00000000        0x8 ./src/Prueba_RF_TX.o
 .group         0x00000000        0x8 ./src/Prueba_RF_TX.o
 .group         0x00000000        0x8 ./src/Prueba_RF_TX.o
 .group         0x00000000        0x8 ./src/Prueba_RF_TX.o
 .group         0x00000000        0x8 ./src/Prueba_RF_TX.o
 .group         0x00000000        0x8 ./src/Prueba_RF_TX.o
 .text          0x00000000        0x0 ./src/Prueba_RF_TX.o
 .data          0x00000000        0x0 ./src/Prueba_RF_TX.o
 .bss           0x00000000        0x0 ./src/Prueba_RF_TX.o
 .rodata.child_pipe_enable
                0x00000000        0x8 ./src/Prueba_RF_TX.o
 .rodata.child_pipe
                0x00000000        0x8 ./src/Prueba_RF_TX.o
 .rodata.child_payload_size
                0x00000000        0x8 ./src/Prueba_RF_TX.o
 .group         0x00000000        0x8 ./src/RF24.o
 .group         0x00000000        0x8 ./src/RF24.o
 .group         0x00000000        0x8 ./src/RF24.o
 .group         0x00000000        0x8 ./src/RF24.o
 .group         0x00000000        0x8 ./src/RF24.o
 .group         0x00000000        0x8 ./src/RF24.o
 .group         0x00000000        0x8 ./src/RF24.o
 .group         0x00000000        0x8 ./src/RF24.o
 .group         0x00000000        0x8 ./src/RF24.o
 .group         0x00000000        0x8 ./src/RF24.o
 .group         0x00000000        0x8 ./src/RF24.o
 .group         0x00000000        0x8 ./src/RF24.o
[...]
Memory Configuration

Name             Origin             Length             Attributes
MFlash512        0x00000000         0x00080000         xr
RamLoc32         0x10000000         0x00008000         xrw
RamAHB32         0x2007c000         0x00008000         xrw
*default*        0x00000000         0xffffffff

Linker script and memory map

LOAD ./src/Prueba_RF_TX.o
LOAD ./src/RF24.o
LOAD ./src/SPI_RF.o
LOAD ./src/cr_startup_lpc175x_6x.o
LOAD ./src/crp.o
LOAD ./src/sysinit.o
LOAD D:\UTN - Apuntes\UTN 2015\PROYECTO\LPCXpresso_WorkSpace\lpc_chip_175x_6x\Debug\liblpc_chip_175x_6x.a
START GROUP
LOAD c:/nxp/lpcxpresso_7.7.2_379/lpcxpresso/tools/bin/../lib/gcc/arm-none-eabi/4.9.3/../../../../arm-none-eabi/lib/armv7-m\libcr_c.a
LOAD c:/nxp/lpcxpresso_7.7.2_379/lpcxpresso/tools/bin/../lib/gcc/arm-none-eabi/4.9.3/armv7-m\libcr_eabihelpers.a
END GROUP
                0x00080000                __top_MFlash512 = 0x80000
                0x10008000                __top_RamLoc32 = 0x10008000
                0x20084000                __top_RamAHB32 = 0x20084000

.text           0x00000000     0x1914
 FILL mask 0xff
                0x00000000                __vectors_start__ = ABSOLUTE (.)
 *(.isr_vector)
 .isr_vector    0x00000000       0xcc ./src/cr_startup_lpc175x_6x.o
                0x00000000                g_pfnVectors
                0x000000cc                . = ALIGN (0x4)
                0x000000cc                __section_table_start = .
                0x000000cc                __data_section_table = .
                0x000000cc        0x4 LONG 0x1914 LOADADDR (.data)
                0x000000d0        0x4 LONG 0x10000000 ADDR (.data)
                0x000000d4        0x4 LONG 0x0 SIZEOF (.data)
                0x000000d8        0x4 LONG 0x1914 LOADADDR (.data_RAM2)
                0x000000dc        0x4 LONG 0x2007c000 ADDR (.data_RAM2)
                0x000000e0        0x4 LONG 0x0 SIZEOF (.data_RAM2)
                0x000000e4                __data_section_table_end = .
                0x000000e4                __bss_section_table = .
                0x000000e4        0x4 LONG 0x10000000 ADDR (.bss)
                0x000000e8        0x4 LONG 0x18 SIZEOF (.bss)
                0x000000ec        0x4 LONG 0x2007c000 ADDR (.bss_RAM2)
                0x000000f0        0x4 LONG 0x0 SIZEOF (.bss_RAM2)
                0x000000f4                __bss_section_table_end = .
                0x000000f4                __section_table_end = .
 *(.after_vectors*)
 .after_vectors
                0x000000f4      0x144 ./src/cr_startup_lpc175x_6x.o
                0x000000f4                data_init
                0x00000138                bss_init
                0x00000170                ResetISR
                0x000001e8                NMI_Handler
                0x000001f0                HardFault_Handler
                0x000001f8                MemManage_Handler
                0x00000200                BusFault_Handler
                0x00000208                UsageFault_Handler
                0x00000210                SVC_Handler
                0x00000218                DebugMon_Handler
                0x00000220                PendSV_Handler
                0x00000230                UART1_IRQHandler
                0x00000230                EINT3_IRQHandler
                0x00000230                CANActivity_IRQHandler
                0x00000230                TIMER3_IRQHandler
                0x00000230                UART0_IRQHandler
                0x00000230                USBActivity_IRQHandler
                0x00000230                EINT2_IRQHandler
                0x00000230                IntDefaultHandler
                0x00000230                PLL0_IRQHandler
                0x00000230                CAN_IRQHandler
                0x00000230                I2C0_IRQHandler
                0x00000230                SSP0_IRQHandler
                0x00000230                I2C1_IRQHandler
                0x00000230                I2C2_IRQHandler
                0x00000230                RTC_IRQHandler
                0x00000230                TIMER0_IRQHandler
                0x00000230                SPI_IRQHandler
                0x00000230                RIT_IRQHandler
                0x00000230                EINT1_IRQHandler
                0x00000230                TIMER1_IRQHandler
                0x00000230                UART2_IRQHandler
                0x00000230                ADC_IRQHandler
                0x00000230                SSP1_IRQHandler
                0x00000230                USB_IRQHandler
                0x00000230                BOD_IRQHandler
                0x00000230                PWM1_IRQHandler
                0x00000230                WDT_IRQHandler
                0x00000230                I2S_IRQHandler
                0x00000230                QEI_IRQHandler
                0x00000230                EINT0_IRQHandler
                0x00000230                ETH_IRQHandler
                0x00000230                PLL1_IRQHandler
                0x00000230                DMA_IRQHandler
                0x00000230                TIMER2_IRQHandler
                0x00000230                UART3_IRQHandler
                0x00000230                MCPWM_IRQHandler
                0x000002fc                . = 0x2fc
 *fill*         0x00000238       0xc4 ff
                0x000002fc                PROVIDE (__CRP_WORD_START__, .)
 *(.crp)
 .crp           0x000002fc        0x4 ./src/crp.o
                0x000002fc                CRP_WORD
                0x00000300                PROVIDE (__CRP_WORD_END__, .)
                0x00000001                ASSERT (! ((__CRP_WORD_START__ == __CRP_WORD_END__)), Linker CRP Enabled, but no CRP_WORD provided within application)
 *(.text*)
 .text.NVIC_SetPriority
                0x00000300       0x54 ./src/Prueba_RF_TX.o
 .text.SysTick_Config
                0x00000354       0x44 ./src/Prueba_RF_TX.o
 .text.Chip_GPIO_GetPinState
                0x00000398       0x3c ./src/Prueba_RF_TX.o
 .text.Chip_GPIO_ReadPortBit
                0x000003d4       0x28 ./src/Prueba_RF_TX.o
 .text.Chip_GPIO_SetPinDIROutput
                0x000003fc       0x38 ./src/Prueba_RF_TX.o
 .text.Chip_GPIO_SetPinDIRInput
                0x00000434       0x3c ./src/Prueba_RF_TX.o
 .text.Chip_GPIO_SetPinDIR
                0x00000470       0x44 ./src/Prueba_RF_TX.o
 .text.Chip_GPIO_WriteDirBit
                0x000004b4       0x2c ./src/Prueba_RF_TX.o
 .text.main     0x000004e0      0x10c ./src/Prueba_RF_TX.o
                0x000004e0                main
 .text.SysTick_Handler
                0x000005ec       0x1c ./src/Prueba_RF_TX.o
                0x000005ec                SysTick_Handler
 .text.Delay    0x00000608       0x2c ./src/Prueba_RF_TX.o
                0x00000608                Delay
 .text.Chip_GPIO_SetPinOutHigh
                0x00000634       0x2c ./src/RF24.o
 .text.Chip_GPIO_SetPinOutLow
                0x00000660       0x2c ./src/RF24.o
 .text.beginTransaction
                0x0000068c       0x14 ./src/RF24.o
                0x0000068c                beginTransaction
 .text.endTransaction
                0x000006a0       0x14 ./src/RF24.o
                0x000006a0                endTransaction
 .text.read_register_byte
                0x000006b4       0x34 ./src/RF24.o
                0x000006b4                read_register_byte
 .text.write_register
                0x000006e8       0x58 ./src/RF24.o
                0x000006e8                write_register
 .text.write_register_byte
                0x00000740       0x44 ./src/RF24.o
                0x00000740                write_register_byte
 .text.write_payload
                0x00000784       0xa4 ./src/RF24.o
                0x00000784                write_payload
 .text.flush_rx
                0x00000828       0x10 ./src/RF24.o
                0x00000828                flush_rx
 .text.flush_tx
                0x00000838       0x10 ./src/RF24.o
                0x00000838                flush_tx
 .text.spiTrans
                0x00000848       0x28 ./src/RF24.o
                0x00000848                spiTrans
 .text.setChannel
                0x00000870       0x28 ./src/RF24.o
                0x00000870                setChannel
 .text.begin    0x00000898       0xd0 ./src/RF24.o
                0x00000898                begin
 .text.stopListening
                0x00000968       0x1c ./src/RF24.o
                0x00000968                stopListening
 .text.powerUp  0x00000984       0x38 ./src/RF24.o
                0x00000984                powerUp
 .text.write    0x000009bc       0x90 ./src/RF24.o
                0x000009bc                write
 .text.openWritingPipe
                0x00000a4c       0x40 ./src/RF24.o
                0x00000a4c                openWritingPipe
 .text.openReadingPipe
                0x00000a8c       0x88 ./src/RF24.o
                0x00000a8c                openReadingPipe
 .text.setPALevel
                0x00000b14       0x70 ./src/RF24.o
                0x00000b14                setPALevel
 .text.setDataRate
                0x00000b84       0x58 ./src/RF24.o
                0x00000b84                setDataRate
 .text.setCRCLength
                0x00000bdc       0x50 ./src/RF24.o
                0x00000bdc                setCRCLength
 .text.Chip_IOCON_DisableOD
                0x00000c2c       0x3c ./src/SPI_RF.o
 .text.Chip_GPIO_SetPinDIROutput
                0x00000c68       0x38 ./src/SPI_RF.o
 .text.Chip_GPIO_SetPinDIRInput
                0x00000ca0       0x3c ./src/SPI_RF.o
 .text.Chip_GPIO_SetPinDIR
                0x00000cdc       0x44 ./src/SPI_RF.o
 .text.Chip_GPIO_WriteDirBit
                0x00000d20       0x2c ./src/SPI_RF.o
 .text.Chip_GPIO_SetPinOutHigh
                0x00000d4c       0x2c ./src/SPI_RF.o
 .text.Chip_GPIO_SetPinOutLow
                0x00000d78       0x2c ./src/SPI_RF.o
 .text.Chip_SSP_Enable
                0x00000da4       0x20 ./src/SPI_RF.o
 .text.Chip_SSP_SetFormat
                0x00000dc4       0x30 ./src/SPI_RF.o
 .text.Chip_SSP_Set_Mode
                0x00000df4       0x24 ./src/SPI_RF.o
 .text.InitHardware
                0x00000e18       0x38 ./src/SPI_RF.o
                0x00000e18                InitHardware
 .text.InitSPI  0x00000e50       0xa0 ./src/SPI_RF.o
                0x00000e50                InitSPI
 .text.SPI_ReadWrite
                0x00000ef0       0x48 ./src/SPI_RF.o
                0x00000ef0                SPI_ReadWrite
 .text.SystemInit
                0x00000f38       0x24 ./src/sysinit.o
                0x00000f38                SystemInit
 .text.Chip_Clock_IsMainPLLEnabled
                0x00000f5c       0x28 D:\UTN - Apuntes\UTN 2015\PROYECTO\LPCXpresso_WorkSpace\lpc_chip_175x_6x\Debug\liblpc_chip_175x_6x.a(clock_17xx_40xx.o)
 .text.Chip_Clock_IsMainPLLConnected
                0x00000f84       0x28 D:\UTN - Apuntes\UTN 2015\PROYECTO\LPCXpresso_WorkSpace\lpc_chip_175x_6x\Debug\liblpc_chip_175x_6x.a(clock_17xx_40xx.o)
 .text.Chip_Clock_FeedPLL
                0x00000fac       0x34 D:\UTN - Apuntes\UTN 2015\PROYECTO\LPCXpresso_WorkSpace\lpc_chip_175x_6x\Debug\liblpc_chip_175x_6x.a(clock_17xx_40xx.o)
 .text.Chip_Clock_GetMainPLLSource
                0x00000fe0       0x20 D:\UTN - Apuntes\UTN 2015\PROYECTO\LPCXpresso_WorkSpace\lpc_chip_175x_6x\Debug\liblpc_chip_175x_6x.a(clock_17xx_40xx.o)
 .text.Chip_Clock_GetMainOscRate
                0x00001000       0x18 D:\UTN - Apuntes\UTN 2015\PROYECTO\LPCXpresso_WorkSpace\lpc_chip_175x_6x\Debug\liblpc_chip_175x_6x.a(clock_17xx_40xx.o)
 .text.Chip_Clock_GetIntOscRate
                0x00001018       0x14 D:\UTN - Apuntes\UTN 2015\PROYECTO\LPCXpresso_WorkSpace\lpc_chip_175x_6x\Debug\liblpc_chip_175x_6x.a(clock_17xx_40xx.o)
 .text.Chip_Clock_GetRTCOscRate
                0x0000102c       0x18 D:\UTN - Apuntes\UTN 2015\PROYECTO\LPCXpresso_WorkSpace\lpc_chip_175x_6x\Debug\liblpc_chip_175x_6x.a(clock_17xx_40xx.o)
 .text.Chip_Clock_GetMainPLLInClockRate
                0x00001044       0x10 D:\UTN - Apuntes\UTN 2015\PROYECTO\LPCXpresso_WorkSpace\lpc_chip_175x_6x\Debug\liblpc_chip_175x_6x.a(clock_17xx_40xx.o)
 .text.Chip_Clock_EnablePLL
                0x00001054       0x44 D:\UTN - Apuntes\UTN 2015\PROYECTO\LPCXpresso_WorkSpace\lpc_chip_175x_6x\Debug\liblpc_chip_175x_6x.a(clock_17xx_40xx.o)
                0x00001054                Chip_Clock_EnablePLL
 .text.Chip_Clock_DisablePLL
                0x00001098       0x44 D:\UTN - Apuntes\UTN 2015\PROYECTO\LPCXpresso_WorkSpace\lpc_chip_175x_6x\Debug\liblpc_chip_175x_6x.a(clock_17xx_40xx.o)
                0x00001098                Chip_Clock_DisablePLL
 .text.Chip_Clock_SetupPLL
                0x000010dc       0x58 D:\UTN - Apuntes\UTN 2015\PROYECTO\LPCXpresso_WorkSpace\lpc_chip_175x_6x\Debug\liblpc_chip_175x_6x.a(clock_17xx_40xx.o)
                0x000010dc                Chip_Clock_SetupPLL
 .text.Chip_Clock_EnablePeriphClock
                0x00001134       0x34 D:\UTN - Apuntes\UTN 2015\PROYECTO\LPCXpresso_WorkSpace\lpc_chip_175x_6x\Debug\liblpc_chip_175x_6x.a(clock_17xx_40xx.o)
                0x00001134                Chip_Clock_EnablePeriphClock
 .text.Chip_Clock_GetCPUClockSource
                0x00001168       0x24 D:\UTN - Apuntes\UTN 2015\PROYECTO\LPCXpresso_WorkSpace\lpc_chip_175x_6x\Debug\liblpc_chip_175x_6x.a(clock_17xx_40xx.o)
                0x00001168                Chip_Clock_GetCPUClockSource
 .text.Chip_Clock_SetCPUClockDiv
                0x0000118c       0x20 D:\UTN - Apuntes\UTN 2015\PROYECTO\LPCXpresso_WorkSpace\lpc_chip_175x_6x\Debug\liblpc_chip_175x_6x.a(clock_17xx_40xx.o)
                0x0000118c                Chip_Clock_SetCPUClockDiv
 .text.Chip_Clock_GetCPUClockDiv
                0x000011ac       0x1c D:\UTN - Apuntes\UTN 2015\PROYECTO\LPCXpresso_WorkSpace\lpc_chip_175x_6x\Debug\liblpc_chip_175x_6x.a(clock_17xx_40xx.o)
                0x000011ac                Chip_Clock_GetCPUClockDiv
 .text.Chip_Clock_GetPCLKDiv
                0x000011c8       0x90 D:\UTN - Apuntes\UTN 2015\PROYECTO\LPCXpresso_WorkSpace\lpc_chip_175x_6x\Debug\liblpc_chip_175x_6x.a(clock_17xx_40xx.o)
                0x000011c8                Chip_Clock_GetPCLKDiv
 .text.Chip_Clock_GetSYSCLKRate
                0x00001258       0x34 D:\UTN - Apuntes\UTN 2015\PROYECTO\LPCXpresso_WorkSpace\lpc_chip_175x_6x\Debug\liblpc_chip_175x_6x.a(clock_17xx_40xx.o)
                0x00001258                Chip_Clock_GetSYSCLKRate
 .text.Chip_Clock_GetMainPLLOutClockRate
                0x0000128c       0x54 D:\UTN - Apuntes\UTN 2015\PROYECTO\LPCXpresso_WorkSpace\lpc_chip_175x_6x\Debug\liblpc_chip_175x_6x.a(clock_17xx_40xx.o)
                0x0000128c                Chip_Clock_GetMainPLLOutClockRate
 .text.Chip_Clock_GetMainClockRate
                0x000012e0       0x28 D:\UTN - Apuntes\UTN 2015\PROYECTO\LPCXpresso_WorkSpace\lpc_chip_175x_6x\Debug\liblpc_chip_175x_6x.a(clock_17xx_40xx.o)
                0x000012e0                Chip_Clock_GetMainClockRate
 .text.Chip_Clock_GetSystemClockRate
                0x00001308       0x18 D:\UTN - Apuntes\UTN 2015\PROYECTO\LPCXpresso_WorkSpace\lpc_chip_175x_6x\Debug\liblpc_chip_175x_6x.a(clock_17xx_40xx.o)
                0x00001308                Chip_Clock_GetSystemClockRate
 .text.Chip_Clock_GetPeripheralClockRate
                0x00001320       0x28 D:\UTN - Apuntes\UTN 2015\PROYECTO\LPCXpresso_WorkSpace\lpc_chip_175x_6x\Debug\liblpc_chip_175x_6x.a(clock_17xx_40xx.o)
                0x00001320                Chip_Clock_GetPeripheralClockRate
 .text.Chip_IOCON_PinMux
                0x00001348       0x94 D:\UTN - Apuntes\UTN 2015\PROYECTO\LPCXpresso_WorkSpace\lpc_chip_175x_6x\Debug\liblpc_chip_175x_6x.a(iocon_17xx_40xx.o)
                0x00001348                Chip_IOCON_PinMux
 .text.Chip_SSP_GetStatus
                0x000013dc       0x2c D:\UTN - Apuntes\UTN 2015\PROYECTO\LPCXpresso_WorkSpace\lpc_chip_175x_6x\Debug\liblpc_chip_175x_6x.a(ssp_17xx_40xx.o)
 .text.Chip_SSP_GetRawIntStatus
                0x00001408       0x2c D:\UTN - Apuntes\UTN 2015\PROYECTO\LPCXpresso_WorkSpace\lpc_chip_175x_6x\Debug\liblpc_chip_175x_6x.a(ssp_17xx_40xx.o)
 .text.Chip_SSP_GetDataSize
                0x00001434       0x20 D:\UTN - Apuntes\UTN 2015\PROYECTO\LPCXpresso_WorkSpace\lpc_chip_175x_6x\Debug\liblpc_chip_175x_6x.a(ssp_17xx_40xx.o)
 .text.Chip_SSP_ClearIntPending
                0x00001454       0x1c D:\UTN - Apuntes\UTN 2015\PROYECTO\LPCXpresso_WorkSpace\lpc_chip_175x_6x\Debug\liblpc_chip_175x_6x.a(ssp_17xx_40xx.o)
 .text.Chip_SSP_ReceiveFrame
                0x00001470       0x1c D:\UTN - Apuntes\UTN 2015\PROYECTO\LPCXpresso_WorkSpace\lpc_chip_175x_6x\Debug\liblpc_chip_175x_6x.a(ssp_17xx_40xx.o)
 .text.Chip_SSP_SendFrame
                0x0000148c       0x1c D:\UTN - Apuntes\UTN 2015\PROYECTO\LPCXpresso_WorkSpace\lpc_chip_175x_6x\Debug\liblpc_chip_175x_6x.a(ssp_17xx_40xx.o)
 .text.SSP_Write2BFifo
                0x000014a8       0x44 D:\UTN - Apuntes\UTN 2015\PROYECTO\LPCXpresso_WorkSpace\lpc_chip_175x_6x\Debug\liblpc_chip_175x_6x.a(ssp_17xx_40xx.o)
 .text.SSP_Write1BFifo
                0x000014ec       0x44 D:\UTN - Apuntes\UTN 2015\PROYECTO\LPCXpresso_WorkSpace\lpc_chip_175x_6x\Debug\liblpc_chip_175x_6x.a(ssp_17xx_40xx.o)
 .text.SSP_Read2BFifo
                0x00001530       0x5c D:\UTN - Apuntes\UTN 2015\PROYECTO\LPCXpresso_WorkSpace\lpc_chip_175x_6x\Debug\liblpc_chip_175x_6x.a(ssp_17xx_40xx.o)
 .text.SSP_Read1BFifo
                0x0000158c       0x5c D:\UTN - Apuntes\UTN 2015\PROYECTO\LPCXpresso_WorkSpace\lpc_chip_175x_6x\Debug\liblpc_chip_175x_6x.a(ssp_17xx_40xx.o)
 .text.Chip_SSP_GetClkIndex
                0x000015e8       0x2c D:\UTN - Apuntes\UTN 2015\PROYECTO\LPCXpresso_WorkSpace\lpc_chip_175x_6x\Debug\liblpc_chip_175x_6x.a(ssp_17xx_40xx.o)
 .text.Chip_SSP_SetClockRate
                0x00001614       0x34 D:\UTN - Apuntes\UTN 2015\PROYECTO\LPCXpresso_WorkSpace\lpc_chip_175x_6x\Debug\liblpc_chip_175x_6x.a(ssp_17xx_40xx.o)
                0x00001614                Chip_SSP_SetClockRate
 .text.Chip_SSP_RWFrames_Blocking
                0x00001648      0x108 D:\UTN - Apuntes\UTN 2015\PROYECTO\LPCXpresso_WorkSpace\lpc_chip_175x_6x\Debug\liblpc_chip_175x_6x.a(ssp_17xx_40xx.o)
                0x00001648                Chip_SSP_RWFrames_Blocking
 .text.Chip_SSP_SetBitRate
                0x00001750       0x74 D:\UTN - Apuntes\UTN 2015\PROYECTO\LPCXpresso_WorkSpace\lpc_chip_175x_6x\Debug\liblpc_chip_175x_6x.a(ssp_17xx_40xx.o)
                0x00001750                Chip_SSP_SetBitRate
 .text.Chip_Clock_IsMainPLLEnabled
                0x000017c4       0x28 D:\UTN - Apuntes\UTN 2015\PROYECTO\LPCXpresso_WorkSpace\lpc_chip_175x_6x\Debug\liblpc_chip_175x_6x.a(sysinit_17xx_40xx.o)
 .text.Chip_Clock_IsMainPLLLocked
                0x000017ec       0x28 D:\UTN - Apuntes\UTN 2015\PROYECTO\LPCXpresso_WorkSpace\lpc_chip_175x_6x\Debug\liblpc_chip_175x_6x.a(sysinit_17xx_40xx.o)
 .text.Chip_Clock_IsMainPLLConnected
                0x00001814       0x28 D:\UTN - Apuntes\UTN 2015\PROYECTO\LPCXpresso_WorkSpace\lpc_chip_175x_6x\Debug\liblpc_chip_175x_6x.a(sysinit_17xx_40xx.o)
 .text.Chip_Clock_SetMainPLLSource
                0x0000183c       0x20 D:\UTN - Apuntes\UTN 2015\PROYECTO\LPCXpresso_WorkSpace\lpc_chip_175x_6x\Debug\liblpc_chip_175x_6x.a(sysinit_17xx_40xx.o)
 .text.Chip_SetupIrcClocking
                0x0000185c       0x68 D:\UTN - Apuntes\UTN 2015\PROYECTO\LPCXpresso_WorkSpace\lpc_chip_175x_6x\Debug\liblpc_chip_175x_6x.a(sysinit_17xx_40xx.o)
                0x0000185c                Chip_SetupIrcClocking
 .text.Chip_SystemInit
                0x000018c4        0xc D:\UTN - Apuntes\UTN 2015\PROYECTO\LPCXpresso_WorkSpace\lpc_chip_175x_6x\Debug\liblpc_chip_175x_6x.a(sysinit_17xx_40xx.o)
                0x000018c4                Chip_SystemInit
 .text.__weak_main
                0x000018d0        0x4 c:/nxp/lpcxpresso_7.7.2_379/lpcxpresso/tools/bin/../lib/gcc/arm-none-eabi/4.9.3/../../../../arm-none-eabi/lib/armv7-m\libcr_c.a(__weak__main.o)
                0x000018d0                __weak_main
                0x000018d0                __main
 *(.rodata .rodata.* .constdata .constdata.*)
 .rodata        0x000018d4       0x20 ./src/Prueba_RF_TX.o
 .rodata.child_pipe_enable
                0x000018f4        0x8 ./src/RF24.o
 .rodata.child_pipe
                0x000018fc        0x8 ./src/RF24.o
 .rodata.child_payload_size
                0x00001904        0x8 ./src/RF24.o
 .rodata.OscRateIn
                0x0000190c        0x4 ./src/sysinit.o
                0x0000190c                OscRateIn
 .rodata.RTCOscRateIn
                0x00001910        0x4 ./src/sysinit.o
                0x00001910                RTCOscRateIn
                0x00001914                . = ALIGN (0x4)

.glue_7         0x00001914        0x0
 .glue_7        0x00000000        0x0 linker stubs

.glue_7t        0x00001914        0x0
 .glue_7t       0x00000000        0x0 linker stubs

.vfp11_veneer   0x00001914        0x0
 .vfp11_veneer  0x00000000        0x0 linker stubs

.v4_bx          0x00001914        0x0
 .v4_bx         0x00000000        0x0 linker stubs

.iplt           0x00001914        0x0
 .iplt          0x00000000        0x0 ./src/Prueba_RF_TX.o

.rel.dyn        0x00001914        0x0
 .rel.iplt      0x00000000        0x0 ./src/Prueba_RF_TX.o

.ARM.extab
 *(.ARM.extab* .gnu.linkonce.armextab.*)
                0x00001914                __exidx_start = .

.ARM.exidx
 *(.ARM.exidx* .gnu.linkonce.armexidx.*)
                0x00001914                __exidx_end = .
                0x00001914                _etext = .

.data_RAM2      0x2007c000        0x0 load address 0x00001914
 FILL mask 0xff
                0x2007c000                PROVIDE (__start_data_RAM2, .)
 *(.ramfunc.$RAM2)
 *(.ramfunc.$RamAHB32)
 *(.data.$RAM2*)
 *(.data.$RamAHB32*)
                0x2007c000                . = ALIGN (0x4)
                0x2007c000                PROVIDE (__end_data_RAM2, .)

.uninit_RESERVED
                0x10000000        0x0
 *(.bss.$RESERVED*)
                0x10000000                . = ALIGN (0x4)
                0x10000000                _end_uninit_RESERVED = .

.data           0x10000000        0x0 load address 0x00001914
 FILL mask 0xff
                0x10000000                _data = .
 *(vtable)
 *(.ramfunc*)
 *(.data*)
                0x10000000                . = ALIGN (0x4)
                0x10000000                _edata = .

.igot.plt       0x10000000        0x0 load address 0x00001914
 .igot.plt      0x00000000        0x0 ./src/Prueba_RF_TX.o

.bss_RAM2       0x2007c000        0x0
                0x2007c000                PROVIDE (__start_bss_RAM2, .)
 *(.bss.$RAM2*)
 *(.bss.$RamAHB32*)
                0x2007c000                . = ALIGN (0x4)
                0x2007c000                PROVIDE (__end_bss_RAM2, .)

.bss            0x10000000       0x18
                0x10000000                _bss = .
 *(.bss*)
 *(COMMON)
 COMMON         0x10000000       0x16 ./src/Prueba_RF_TX.o
                0x10000000                addr_width
                0x10000001                dynamic_payloads_enabled
                0x10000004                SysTickCnt
                0x10000008                pipe0_reading_address
                0x1000000d                p_variant
                0x10000010                txRxDelay
                0x10000014                payload_size
                0x10000015                failureDetected
                0x10000018                . = ALIGN (0x4)
 *fill*         0x10000016        0x2 
                0x10000018                _ebss = .
                0x10000018                PROVIDE (end, .)

.noinit_RAM2    0x2007c000        0x0
 *(.noinit.$RAM2*)
 *(.noinit.$RamAHB32*)
                0x2007c000                . = ALIGN (0x4)

.noinit         0x10000018        0x0
                0x10000018                _noinit = .
 *(.noinit*)
                0x10000018                . = ALIGN (0x4)
                0x10000018                _end_noinit = .
                0x10000018                PROVIDE (_pvHeapStart, DEFINED (__user_heap_base)?__user_heap_base:.)
                0x10008000                PROVIDE (_vStackTop, DEFINED (__user_stack_top)?__user_stack_top:(__top_RamLoc32 - 0x0))
OUTPUT(Prueba_RF_TX.axf elf32-littlearm)

.debug_info     0x00000000     0x3f44
 .debug_info    0x00000000      0xa24 ./src/Prueba_RF_TX.o
 .debug_info    0x00000a24      0xb68 ./src/RF24.o
 .debug_info    0x0000158c      0x762 ./src/SPI_RF.o
 .debug_info    0x00001cee      0x24b ./src/cr_startup_lpc175x_6x.o
 .debug_info    0x00001f39       0x3f ./src/crp.o
 .debug_info    0x00001f78      0x1b1 ./src/sysinit.o
 .debug_info    0x00002129      0xb46 D:\UTN - Apuntes\UTN 2015\PROYECTO\LPCXpresso_WorkSpace\lpc_chip_175x_6x\Debug\liblpc_chip_175x_6x.a(clock_17xx_40xx.o)
 .debug_info    0x00002c6f      0x2d9 D:\UTN - Apuntes\UTN 2015\PROYECTO\LPCXpresso_WorkSpace\lpc_chip_175x_6x\Debug\liblpc_chip_175x_6x.a(iocon_17xx_40xx.o)
 .debug_info    0x00002f48      0xbcb D:\UTN - Apuntes\UTN 2015\PROYECTO\LPCXpresso_WorkSpace\lpc_chip_175x_6x\Debug\liblpc_chip_175x_6x.a(ssp_17xx_40xx.o)
 .debug_info    0x00003b13      0x431 D:\UTN - Apuntes\UTN 2015\PROYECTO\LPCXpresso_WorkSpace\lpc_chip_175x_6x\Debug\liblpc_chip_175x_6x.a(sysinit_17xx_40xx.o)

.debug_abbrev   0x00000000     0x109a
 .debug_abbrev  0x00000000      0x274 ./src/Prueba_RF_TX.o
 .debug_abbrev  0x00000274      0x2a7 ./src/RF24.o
 .debug_abbrev  0x0000051b      0x1bf ./src/SPI_RF.o
 .debug_abbrev  0x000006da       0xf5 ./src/cr_startup_lpc175x_6x.o
 .debug_abbrev  0x000007cf       0x36 ./src/crp.o
 .debug_abbrev  0x00000805       0xca ./src/sysinit.o
 .debug_abbrev  0x000008cf      0x2e4 D:\UTN - Apuntes\UTN 2015\PROYECTO\LPCXpresso_WorkSpace\lpc_chip_175x_6x\Debug\liblpc_chip_175x_6x.a(clock_17xx_40xx.o)
 .debug_abbrev  0x00000bb3      0x126 D:\UTN - Apuntes\UTN 2015\PROYECTO\LPCXpresso_WorkSpace\lpc_chip_175x_6x\Debug\liblpc_chip_175x_6x.a(iocon_17xx_40xx.o)
 .debug_abbrev  0x00000cd9      0x250 D:\UTN - Apuntes\UTN 2015\PROYECTO\LPCXpresso_WorkSpace\lpc_chip_175x_6x\Debug\liblpc_chip_175x_6x.a(ssp_17xx_40xx.o)
 .debug_abbrev  0x00000f29      0x171 D:\UTN - Apuntes\UTN 2015\PROYECTO\LPCXpresso_WorkSpace\lpc_chip_175x_6x\Debug\liblpc_chip_175x_6x.a(sysinit_17xx_40xx.o)

.debug_aranges  0x00000000      0x5d0
 .debug_aranges
                0x00000000       0x70 ./src/Prueba_RF_TX.o
 .debug_aranges
                0x00000070      0x190 ./src/RF24.o
 .debug_aranges
                0x00000200       0x80 ./src/SPI_RF.o
 .debug_aranges
                0x00000280       0x80 ./src/cr_startup_lpc175x_6x.o
 .debug_aranges
                0x00000300       0x18 ./src/crp.o
 .debug_aranges
                0x00000318       0x20 ./src/sysinit.o
 .debug_aranges
                0x00000338      0x120 D:\UTN - Apuntes\UTN 2015\PROYECTO\LPCXpresso_WorkSpace\lpc_chip_175x_6x\Debug\liblpc_chip_175x_6x.a(clock_17xx_40xx.o)
 .debug_aranges
                0x00000458       0x30 D:\UTN - Apuntes\UTN 2015\PROYECTO\LPCXpresso_WorkSpace\lpc_chip_175x_6x\Debug\liblpc_chip_175x_6x.a(iocon_17xx_40xx.o)
 .debug_aranges
                0x00000488       0xe8 D:\UTN - Apuntes\UTN 2015\PROYECTO\LPCXpresso_WorkSpace\lpc_chip_175x_6x\Debug\liblpc_chip_175x_6x.a(ssp_17xx_40xx.o)
 .debug_aranges
                0x00000570       0x60 D:\UTN - Apuntes\UTN 2015\PROYECTO\LPCXpresso_WorkSpace\lpc_chip_175x_6x\Debug\liblpc_chip_175x_6x.a(sysinit_17xx_40xx.o)

.debug_ranges   0x00000000      0x528
 .debug_ranges  0x00000000       0x60 ./src/Prueba_RF_TX.o
 .debug_ranges  0x00000060      0x180 ./src/RF24.o
 .debug_ranges  0x000001e0       0x70 ./src/SPI_RF.o
 .debug_ranges  0x00000250       0x70 ./src/cr_startup_lpc175x_6x.o
 .debug_ranges  0x000002c0       0x10 ./src/sysinit.o
 .debug_ranges  0x000002d0      0x110 D:\UTN - Apuntes\UTN 2015\PROYECTO\LPCXpresso_WorkSpace\lpc_chip_175x_6x\Debug\liblpc_chip_175x_6x.a(clock_17xx_40xx.o)
 .debug_ranges  0x000003e0       0x20 D:\UTN - Apuntes\UTN 2015\PROYECTO\LPCXpresso_WorkSpace\lpc_chip_175x_6x\Debug\liblpc_chip_175x_6x.a(iocon_17xx_40xx.o)
 .debug_ranges  0x00000400       0xd8 D:\UTN - Apuntes\UTN 2015\PROYECTO\LPCXpresso_WorkSpace\lpc_chip_175x_6x\Debug\liblpc_chip_175x_6x.a(ssp_17xx_40xx.o)
 .debug_ranges  0x000004d8       0x50 D:\UTN - Apuntes\UTN 2015\PROYECTO\LPCXpresso_WorkSpace\lpc_chip_175x_6x\Debug\liblpc_chip_175x_6x.a(sysinit_17xx_40xx.o)

.debug_macro    0x00000000     0x521f
 .debug_macro   0x00000000      0x218 ./src/Prueba_RF_TX.o
 .debug_macro   0x00000218      0x880 ./src/Prueba_RF_TX.o
 .debug_macro   0x00000a98       0x10 ./src/Prueba_RF_TX.o
 .debug_macro   0x00000aa8      0x12d ./src/Prueba_RF_TX.o
 .debug_macro   0x00000bd5      0x5b2 ./src/Prueba_RF_TX.o
 .debug_macro   0x00001187       0x22 ./src/Prueba_RF_TX.o
 .debug_macro   0x000011a9       0x7b ./src/Prueba_RF_TX.o
 .debug_macro   0x00001224       0x10 ./src/Prueba_RF_TX.o
 .debug_macro   0x00001234       0x2d ./src/Prueba_RF_TX.o
 .debug_macro   0x00001261       0x3a ./src/Prueba_RF_TX.o
 .debug_macro   0x0000129b       0x2d ./src/Prueba_RF_TX.o
 .debug_macro   0x000012c8      0xbb1 ./src/Prueba_RF_TX.o
 .debug_macro   0x00001e79      0x233 ./src/Prueba_RF_TX.o
 .debug_macro   0x000020ac       0x42 ./src/Prueba_RF_TX.o
 .debug_macro   0x000020ee       0x52 ./src/Prueba_RF_TX.o
 .debug_macro   0x00002140       0x78 ./src/Prueba_RF_TX.o
 .debug_macro   0x000021b8       0x82 ./src/Prueba_RF_TX.o
 .debug_macro   0x0000223a      0x48c ./src/Prueba_RF_TX.o
 .debug_macro   0x000026c6       0x34 ./src/Prueba_RF_TX.o
 .debug_macro   0x000026fa      0x4c5 ./src/Prueba_RF_TX.o
 .debug_macro   0x00002bbf      0x1b7 ./src/Prueba_RF_TX.o
 .debug_macro   0x00002d76       0x10 ./src/Prueba_RF_TX.o
 .debug_macro   0x00002d86      0x21b ./src/Prueba_RF_TX.o
 .debug_macro   0x00002fa1      0x1b9 ./src/Prueba_RF_TX.o
 .debug_macro   0x0000315a       0x58 ./src/Prueba_RF_TX.o
 .debug_macro   0x000031b2       0x40 ./src/Prueba_RF_TX.o
 .debug_macro   0x000031f2       0x22 ./src/Prueba_RF_TX.o
 .debug_macro   0x00003214      0x162 ./src/Prueba_RF_TX.o
 .debug_macro   0x00003376       0x94 ./src/Prueba_RF_TX.o
 .debug_macro   0x0000340a       0xb8 ./src/Prueba_RF_TX.o
 .debug_macro   0x000034c2       0x4c ./src/Prueba_RF_TX.o
 .debug_macro   0x0000350e       0x16 ./src/Prueba_RF_TX.o
 .debug_macro   0x00003524      0x328 ./src/Prueba_RF_TX.o
 .debug_macro   0x0000384c       0x49 ./src/Prueba_RF_TX.o
 .debug_macro   0x00003895       0x16 ./src/Prueba_RF_TX.o
 .debug_macro   0x000038ab       0xca ./src/Prueba_RF_TX.o
 .debug_macro   0x00003975       0x18 ./src/Prueba_RF_TX.o
 .debug_macro   0x0000398d       0x1c ./src/Prueba_RF_TX.o
 .debug_macro   0x000039a9      0x220 ./src/Prueba_RF_TX.o
 .debug_macro   0x00003bc9       0x16 ./src/Prueba_RF_TX.o
 .debug_macro   0x00003bdf      0x20e ./src/RF24.o
 .debug_macro   0x00003ded      0x1ee ./src/SPI_RF.o
 .debug_macro   0x00003fdb       0x1d ./src/cr_startup_lpc175x_6x.o
 .debug_macro   0x00003ff8       0x1a ./src/crp.o
 .debug_macro   0x00004012       0x34 ./src/crp.o
 .debug_macro   0x00004046      0x1e1 ./src/sysinit.o
 .debug_macro   0x00004227      0x1e1 D:\UTN - Apuntes\UTN 2015\PROYECTO\LPCXpresso_WorkSpace\lpc_chip_175x_6x\Debug\liblpc_chip_175x_6x.a(clock_17xx_40xx.o)
 .debug_macro   0x00004408      0x874 D:\UTN - Apuntes\UTN 2015\PROYECTO\LPCXpresso_WorkSpace\lpc_chip_175x_6x\Debug\liblpc_chip_175x_6x.a(clock_17xx_40xx.o)
 .debug_macro   0x00004c7c      0x1e1 D:\UTN - Apuntes\UTN 2015\PROYECTO\LPCXpresso_WorkSpace\lpc_chip_175x_6x\Debug\liblpc_chip_175x_6x.a(iocon_17xx_40xx.o)
 .debug_macro   0x00004e5d      0x1e1 D:\UTN - Apuntes\UTN 2015\PROYECTO\LPCXpresso_WorkSpace\lpc_chip_175x_6x\Debug\liblpc_chip_175x_6x.a(ssp_17xx_40xx.o)
 .debug_macro   0x0000503e      0x1e1 D:\UTN - Apuntes\UTN 2015\PROYECTO\LPCXpresso_WorkSpace\lpc_chip_175x_6x\Debug\liblpc_chip_175x_6x.a(sysinit_17xx_40xx.o)

.debug_line     0x00000000     0x3023
 .debug_line    0x00000000      0x530 ./src/Prueba_RF_TX.o
 .debug_line    0x00000530      0x8e0 ./src/RF24.o
 .debug_line    0x00000e10      0x524 ./src/SPI_RF.o
 .debug_line    0x00001334       0xd5 ./src/cr_startup_lpc175x_6x.o
 .debug_line    0x00001409       0x78 ./src/crp.o
 .debug_line    0x00001481      0x41c ./src/sysinit.o
 .debug_line    0x0000189d      0x6e3 D:\UTN - Apuntes\UTN 2015\PROYECTO\LPCXpresso_WorkSpace\lpc_chip_175x_6x\Debug\liblpc_chip_175x_6x.a(clock_17xx_40xx.o)
 .debug_line    0x00001f80      0x458 D:\UTN - Apuntes\UTN 2015\PROYECTO\LPCXpresso_WorkSpace\lpc_chip_175x_6x\Debug\liblpc_chip_175x_6x.a(iocon_17xx_40xx.o)
 .debug_line    0x000023d8      0x769 D:\UTN - Apuntes\UTN 2015\PROYECTO\LPCXpresso_WorkSpace\lpc_chip_175x_6x\Debug\liblpc_chip_175x_6x.a(ssp_17xx_40xx.o)
 .debug_line    0x00002b41      0x4e2 D:\UTN - Apuntes\UTN 2015\PROYECTO\LPCXpresso_WorkSpace\lpc_chip_175x_6x\Debug\liblpc_chip_175x_6x.a(sysinit_17xx_40xx.o)

.debug_str      0x00000000    0x12d4d
 .debug_str     0x00000000    0x112a5 ./src/Prueba_RF_TX.o
                              0x11400 (size before relaxing)
 .debug_str     0x000112a5      0x351 ./src/RF24.o
                              0x112f4 (size before relaxing)
 .debug_str     0x000115f6      0x58d ./src/SPI_RF.o
                              0x10e2f (size before relaxing)
 .debug_str     0x00011b83      0x1b2 ./src/cr_startup_lpc175x_6x.o
                               0x2666 (size before relaxing)
 .debug_str     0x00011d35       0xe9 ./src/crp.o
                               0x257e (size before relaxing)
 .debug_str     0x00011e1e       0x1b ./src/sysinit.o
                              0x10967 (size before relaxing)
 .debug_str     0x00011e39      0x9bb D:\UTN - Apuntes\UTN 2015\PROYECTO\LPCXpresso_WorkSpace\lpc_chip_175x_6x\Debug\liblpc_chip_175x_6x.a(clock_17xx_40xx.o)
                              0x113f1 (size before relaxing)
 .debug_str     0x000127f4       0x98 D:\UTN - Apuntes\UTN 2015\PROYECTO\LPCXpresso_WorkSpace\lpc_chip_175x_6x\Debug\liblpc_chip_175x_6x.a(iocon_17xx_40xx.o)
                              0x1086e (size before relaxing)
 .debug_str     0x0001288c      0x3fd D:\UTN - Apuntes\UTN 2015\PROYECTO\LPCXpresso_WorkSpace\lpc_chip_175x_6x\Debug\liblpc_chip_175x_6x.a(ssp_17xx_40xx.o)
                              0x112ef (size before relaxing)
 .debug_str     0x00012c89       0xc4 D:\UTN - Apuntes\UTN 2015\PROYECTO\LPCXpresso_WorkSpace\lpc_chip_175x_6x\Debug\liblpc_chip_175x_6x.a(sysinit_17xx_40xx.o)
                              0x10a56 (size before relaxing)

.comment        0x00000000       0x70
 .comment       0x00000000       0x70 ./src/Prueba_RF_TX.o
                                 0x71 (size before relaxing)
 .comment       0x00000000       0x71 ./src/RF24.o
 .comment       0x00000000       0x71 ./src/SPI_RF.o
 .comment       0x00000000       0x71 ./src/cr_startup_lpc175x_6x.o
 .comment       0x00000000       0x71 ./src/crp.o
 .comment       0x00000000       0x71 ./src/sysinit.o
 .comment       0x00000000       0x71 D:\UTN - Apuntes\UTN 2015\PROYECTO\LPCXpresso_WorkSpace\lpc_chip_175x_6x\Debug\liblpc_chip_175x_6x.a(clock_17xx_40xx.o)
 .comment       0x00000000       0x71 D:\UTN - Apuntes\UTN 2015\PROYECTO\LPCXpresso_WorkSpace\lpc_chip_175x_6x\Debug\liblpc_chip_175x_6x.a(iocon_17xx_40xx.o)
 .comment       0x00000000       0x71 D:\UTN - Apuntes\UTN 2015\PROYECTO\LPCXpresso_WorkSpace\lpc_chip_175x_6x\Debug\liblpc_chip_175x_6x.a(ssp_17xx_40xx.o)
 .comment       0x00000000       0x71 D:\UTN - Apuntes\UTN 2015\PROYECTO\LPCXpresso_WorkSpace\lpc_chip_175x_6x\Debug\liblpc_chip_175x_6x.a(sysinit_17xx_40xx.o)
 .comment       0x00000000       0x71 c:/nxp/lpcxpresso_7.7.2_379/lpcxpresso/tools/bin/../lib/gcc/arm-none-eabi/4.9.3/../../../../arm-none-eabi/lib/armv7-m\libcr_c.a(__weak__main.o)

.ARM.attributes
                0x00000000       0x33
 .ARM.attributes
                0x00000000       0x33 ./src/Prueba_RF_TX.o
 .ARM.attributes
                0x00000033       0x33 ./src/RF24.o
 .ARM.attributes
                0x00000066       0x33 ./src/SPI_RF.o
 .ARM.attributes
                0x00000099       0x33 ./src/cr_startup_lpc175x_6x.o
 .ARM.attributes
                0x000000cc       0x33 ./src/crp.o
 .ARM.attributes
                0x000000ff       0x33 ./src/sysinit.o
 .ARM.attributes
                0x00000132       0x33 D:\UTN - Apuntes\UTN 2015\PROYECTO\LPCXpresso_WorkSpace\lpc_chip_175x_6x\Debug\liblpc_chip_175x_6x.a(clock_17xx_40xx.o)
 .ARM.attributes
                0x00000165       0x33 D:\UTN - Apuntes\UTN 2015\PROYECTO\LPCXpresso_WorkSpace\lpc_chip_175x_6x\Debug\liblpc_chip_175x_6x.a(iocon_17xx_40xx.o)
 .ARM.attributes
                0x00000198       0x33 D:\UTN - Apuntes\UTN 2015\PROYECTO\LPCXpresso_WorkSpace\lpc_chip_175x_6x\Debug\liblpc_chip_175x_6x.a(ssp_17xx_40xx.o)
 .ARM.attributes
                0x000001cb       0x33 D:\UTN - Apuntes\UTN 2015\PROYECTO\LPCXpresso_WorkSpace\lpc_chip_175x_6x\Debug\liblpc_chip_175x_6x.a(sysinit_17xx_40xx.o)
 .ARM.attributes
                0x000001fe       0x33 c:/nxp/lpcxpresso_7.7.2_379/lpcxpresso/tools/bin/../lib/gcc/arm-none-eabi/4.9.3/../../../../arm-none-eabi/lib/armv7-m\libcr_c.a(__weak__main.o)

.debug_frame    0x00000000     0x15a0
 .debug_frame   0x00000000      0x1a8 ./src/Prueba_RF_TX.o
 .debug_frame   0x000001a8      0x62c ./src/RF24.o
 .debug_frame   0x000007d4      0x1fc ./src/SPI_RF.o
 .debug_frame   0x000009d0      0x170 ./src/cr_startup_lpc175x_6x.o
 .debug_frame   0x00000b40       0x34 ./src/sysinit.o
 .debug_frame   0x00000b74      0x490 D:\UTN - Apuntes\UTN 2015\PROYECTO\LPCXpresso_WorkSpace\lpc_chip_175x_6x\Debug\liblpc_chip_175x_6x.a(clock_17xx_40xx.o)
 .debug_frame   0x00001004       0x88 D:\UTN - Apuntes\UTN 2015\PROYECTO\LPCXpresso_WorkSpace\lpc_chip_175x_6x\Debug\liblpc_chip_175x_6x.a(iocon_17xx_40xx.o)
 .debug_frame   0x0000108c      0x3e8 D:\UTN - Apuntes\UTN 2015\PROYECTO\LPCXpresso_WorkSpace\lpc_chip_175x_6x\Debug\liblpc_chip_175x_6x.a(ssp_17xx_40xx.o)
 .debug_frame   0x00001474      0x12c D:\UTN - Apuntes\UTN 2015\PROYECTO\LPCXpresso_WorkSpace\lpc_chip_175x_6x\Debug\liblpc_chip_175x_6x.a(sysinit_17xx_40xx.o)
