13:16:17 **** Incremental Build of configuration Debug for project lpc_board_nxp_lpcxpresso_1769 ****
make -r all 
make: Nothing to be done for `all'.
13:16:17 **** Incremental Build of configuration Debug for project lpc_chip_175x_6x ****
make -r all 
make: Nothing to be done for `all'.
13:16:21 **** Incremental Build of configuration Debug for project LPCOpen_PWM-MotorBrushless ****
make -r all 
Building file: ../src/Initiations.c
Invoking: MCU C Compiler
arm-none-eabi-gcc -DDEBUG -D__CODE_RED -DCORE_M3 -D__USE_LPCOPEN -D__LPC17XX__ -D__REDLIB__ -I"D:\UTN - Apuntes\UTN 2015\PROYECTO\LPCXpresso_WorkSpace\LPCOpen_PWM-MotorBrushless\inc" -I"D:\UTN - Apuntes\UTN 2015\PROYECTO\LPCXpresso_WorkSpace\lpc_chip_175x_6x\inc" -O0 -g3 -Wall -c -fmessage-length=0 -fno-builtin -ffunction-sections -fdata-sections -mcpu=cortex-m3 -mthumb -D__REDLIB__ -specs=redlib.specs -MMD -MP -MF"src/Initiations.d" -MT"src/Initiations.o" -MT"src/Initiations.d" -o "src/Initiations.o" "../src/Initiations.c"
Finished building: ../src/Initiations.c
 
Building file: ../src/LPCOpen_PWM-MotorBrushless.c
Invoking: MCU C Compiler
arm-none-eabi-gcc -DDEBUG -D__CODE_RED -DCORE_M3 -D__USE_LPCOPEN -D__LPC17XX__ -D__REDLIB__ -I"D:\UTN - Apuntes\UTN 2015\PROYECTO\LPCXpresso_WorkSpace\LPCOpen_PWM-MotorBrushless\inc" -I"D:\UTN - Apuntes\UTN 2015\PROYECTO\LPCXpresso_WorkSpace\lpc_chip_175x_6x\inc" -O0 -g3 -Wall -c -fmessage-length=0 -fno-builtin -ffunction-sections -fdata-sections -mcpu=cortex-m3 -mthumb -D__REDLIB__ -specs=redlib.specs -MMD -MP -MF"src/LPCOpen_PWM-MotorBrushless.d" -MT"src/LPCOpen_PWM-MotorBrushless.o" -MT"src/LPCOpen_PWM-MotorBrushless.d" -o "src/LPCOpen_PWM-MotorBrushless.o" "../src/LPCOpen_PWM-MotorBrushless.c"
Finished building: ../src/LPCOpen_PWM-MotorBrushless.c
 
Building file: ../src/cr_startup_lpc175x_6x.c
Invoking: MCU C Compiler
arm-none-eabi-gcc -DDEBUG -D__CODE_RED -DCORE_M3 -D__USE_LPCOPEN -D__LPC17XX__ -D__REDLIB__ -I"D:\UTN - Apuntes\UTN 2015\PROYECTO\LPCXpresso_WorkSpace\LPCOpen_PWM-MotorBrushless\inc" -I"D:\UTN - Apuntes\UTN 2015\PROYECTO\LPCXpresso_WorkSpace\lpc_chip_175x_6x\inc" -O0 -g3 -Wall -c -fmessage-length=0 -fno-builtin -ffunction-sections -fdata-sections -mcpu=cortex-m3 -mthumb -D__REDLIB__ -specs=redlib.specs -MMD -MP -MF"src/cr_startup_lpc175x_6x.d" -MT"src/cr_startup_lpc175x_6x.o" -MT"src/cr_startup_lpc175x_6x.d" -o "src/cr_startup_lpc175x_6x.o" "../src/cr_startup_lpc175x_6x.c"
Finished building: ../src/cr_startup_lpc175x_6x.c
 
Building file: ../src/crp.c
Invoking: MCU C Compiler
arm-none-eabi-gcc -DDEBUG -D__CODE_RED -DCORE_M3 -D__USE_LPCOPEN -D__LPC17XX__ -D__REDLIB__ -I"D:\UTN - Apuntes\UTN 2015\PROYECTO\LPCXpresso_WorkSpace\LPCOpen_PWM-MotorBrushless\inc" -I"D:\UTN - Apuntes\UTN 2015\PROYECTO\LPCXpresso_WorkSpace\lpc_chip_175x_6x\inc" -O0 -g3 -Wall -c -fmessage-length=0 -fno-builtin -ffunction-sections -fdata-sections -mcpu=cortex-m3 -mthumb -D__REDLIB__ -specs=redlib.specs -MMD -MP -MF"src/crp.d" -MT"src/crp.o" -MT"src/crp.d" -o "src/crp.o" "../src/crp.c"
Finished building: ../src/crp.c
 
Building file: ../src/sysinit.c
Invoking: MCU C Compiler
arm-none-eabi-gcc -DDEBUG -D__CODE_RED -DCORE_M3 -D__USE_LPCOPEN -D__LPC17XX__ -D__REDLIB__ -I"D:\UTN - Apuntes\UTN 2015\PROYECTO\LPCXpresso_WorkSpace\LPCOpen_PWM-MotorBrushless\inc" -I"D:\UTN - Apuntes\UTN 2015\PROYECTO\LPCXpresso_WorkSpace\lpc_chip_175x_6x\inc" -O0 -g3 -Wall -c -fmessage-length=0 -fno-builtin -ffunction-sections -fdata-sections -mcpu=cortex-m3 -mthumb -D__REDLIB__ -specs=redlib.specs -MMD -MP -MF"src/sysinit.d" -MT"src/sysinit.o" -MT"src/sysinit.d" -o "src/sysinit.o" "../src/sysinit.c"
../src/sysinit.c:35:20: fatal error: board.h: No such file or directory
  #include "board.h"
                    ^
compilation terminated.
make: *** [src/sysinit.o] Error 1
13:17:55 **** Incremental Build of configuration Debug for project lpc_board_nxp_lpcxpresso_1769 ****
make -r all 
make: Nothing to be done for `all'.
13:17:56 **** Incremental Build of configuration Debug for project lpc_chip_175x_6x ****
make -r all 
make: Nothing to be done for `all'.
13:18:00 **** Incremental Build of configuration Debug for project LPCOpen_PWM-MotorBrushless ****
make -r all 
Building file: ../src/sysinit.c
Invoking: MCU C Compiler
arm-none-eabi-gcc -DDEBUG -D__CODE_RED -DCORE_M3 -D__USE_LPCOPEN -D__LPC17XX__ -D__REDLIB__ -I"D:\UTN - Apuntes\UTN 2015\PROYECTO\LPCXpresso_WorkSpace\LPCOpen_PWM-MotorBrushless\inc" -I"D:\UTN - Apuntes\UTN 2015\PROYECTO\LPCXpresso_WorkSpace\lpc_chip_175x_6x\inc" -O0 -g3 -Wall -c -fmessage-length=0 -fno-builtin -ffunction-sections -fdata-sections -mcpu=cortex-m3 -mthumb -D__REDLIB__ -specs=redlib.specs -MMD -MP -MF"src/sysinit.d" -MT"src/sysinit.o" -MT"src/sysinit.d" -o "src/sysinit.o" "../src/sysinit.c"
../src/sysinit.c: In function 'SystemInit':
../src/sysinit.c:87:2: warning: implicit declaration of function 'Board_SystemInit' [-Wimplicit-function-declaration]
  Board_SystemInit();
  ^
Finished building: ../src/sysinit.c
 
Building target: LPCOpen_PWM-MotorBrushless.axf
Invoking: MCU Linker
arm-none-eabi-gcc -nostdlib -L"D:\UTN - Apuntes\UTN 2015\PROYECTO\LPCXpresso_WorkSpace\lpc_chip_175x_6x\Debug" -Xlinker -Map="LPCOpen_PWM-MotorBrushless.map" -Xlinker --gc-sections -mcpu=cortex-m3 -mthumb -T "LPCOpen_PWM-MotorBrushless_Debug.ld" -o "LPCOpen_PWM-MotorBrushless.axf"  ./src/Initiations.o ./src/LPCOpen_PWM-MotorBrushless.o ./src/cr_startup_lpc175x_6x.o ./src/crp.o ./src/sysinit.o   -llpc_chip_175x_6x
./src/LPCOpen_PWM-MotorBrushless.o: In function `Zero_Detect':
D:\UTN - Apuntes\UTN 2015\PROYECTO\LPCXpresso_WorkSpace\lpc_chip_175x_6x\inc/gpio_17xx_40xx.h:89: multiple definition of `Match_Cnt'
./src/Initiations.o:D:\UTN - Apuntes\UTN 2015\PROYECTO\LPCXpresso_WorkSpace\lpc_chip_175x_6x\inc/core_cm3.h:1324: first defined here
./src/LPCOpen_PWM-MotorBrushless.o: In function `Zero_Detect':
D:\UTN - Apuntes\UTN 2015\PROYECTO\LPCXpresso_WorkSpace\lpc_chip_175x_6x\inc/gpio_17xx_40xx.h:89: multiple definition of `Cycle'
./src/Initiations.o:D:\UTN - Apuntes\UTN 2015\PROYECTO\LPCXpresso_WorkSpace\lpc_chip_175x_6x\inc/core_cm3.h:1324: first defined here
./src/LPCOpen_PWM-MotorBrushless.o:(.data.AntiRebo+0x0): multiple definition of `AntiRebo'
./src/Initiations.o:(.data.AntiRebo+0x0): first defined here
./src/LPCOpen_PWM-MotorBrushless.o:(.data.PORT_Qa+0x0): multiple definition of `PORT_Qa'
./src/Initiations.o:(.data.PORT_Qa+0x0): first defined here
./src/LPCOpen_PWM-MotorBrushless.o:(.data.PIN_Qa+0x0): multiple definition of `PIN_Qa'
./src/Initiations.o:(.data.PIN_Qa+0x0): first defined here
./src/LPCOpen_PWM-MotorBrushless.o:(.data.PORT_Qb+0x0): multiple definition of `PORT_Qb'
./src/Initiations.o:(.data.PORT_Qb+0x0): first defined here
./src/LPCOpen_PWM-MotorBrushless.o:(.data.PIN_Qb+0x0): multiple definition of `PIN_Qb'
./src/Initiations.o:(.data.PIN_Qb+0x0): first defined here
./src/LPCOpen_PWM-MotorBrushless.o:(.data.PORT_Z+0x0): multiple definition of `PORT_Z'
./src/Initiations.o:(.data.PORT_Z+0x0): first defined here
./src/LPCOpen_PWM-MotorBrushless.o:(.data.PIN_Z+0x0): multiple definition of `PIN_Z'
./src/Initiations.o:(.data.PIN_Z+0x0): first defined here
./src/LPCOpen_PWM-MotorBrushless.o: In function `Zero_Detect':
D:\UTN - Apuntes\UTN 2015\PROYECTO\LPCXpresso_WorkSpace\lpc_chip_175x_6x\inc/gpio_17xx_40xx.h:89: multiple definition of `CruceZero'
./src/Initiations.o:D:\UTN - Apuntes\UTN 2015\PROYECTO\LPCXpresso_WorkSpace\lpc_chip_175x_6x\inc/core_cm3.h:1324: first defined here
./src/LPCOpen_PWM-MotorBrushless.o: In function `Zero_Detect':
D:\UTN - Apuntes\UTN 2015\PROYECTO\LPCXpresso_WorkSpace\lpc_chip_175x_6x\inc/gpio_17xx_40xx.h:89: multiple definition of `CruceZero0'
./src/Initiations.o:D:\UTN - Apuntes\UTN 2015\PROYECTO\LPCXpresso_WorkSpace\lpc_chip_175x_6x\inc/core_cm3.h:1324: first defined here
./src/LPCOpen_PWM-MotorBrushless.o:(.data.start+0x0): multiple definition of `start'
./src/Initiations.o:(.data.start+0x0): first defined here
./src/LPCOpen_PWM-MotorBrushless.o: In function `Zero_Detect':
D:\UTN - Apuntes\UTN 2015\PROYECTO\LPCXpresso_WorkSpace\lpc_chip_175x_6x\inc/gpio_17xx_40xx.h:89: multiple definition of `StepID'
./src/Initiations.o:D:\UTN - Apuntes\UTN 2015\PROYECTO\LPCXpresso_WorkSpace\lpc_chip_175x_6x\inc/core_cm3.h:1324: first defined here
./src/LPCOpen_PWM-MotorBrushless.o: In function `Zero_Detect':
D:\UTN - Apuntes\UTN 2015\PROYECTO\LPCXpresso_WorkSpace\lpc_chip_175x_6x\inc/gpio_17xx_40xx.h:89: multiple definition of `Count'
./src/Initiations.o:D:\UTN - Apuntes\UTN 2015\PROYECTO\LPCXpresso_WorkSpace\lpc_chip_175x_6x\inc/core_cm3.h:1324: first defined here
./src/sysinit.o: In function `SystemInit':
D:\UTN - Apuntes\UTN 2015\PROYECTO\LPCXpresso_WorkSpace\LPCOpen_PWM-MotorBrushless\Debug/../src/sysinit.c:87: undefined reference to `Board_SystemInit'
collect2.exe: error: ld returned 1 exit status
make: *** [LPCOpen_PWM-MotorBrushless.axf] Error 1
17:30:00 **** Incremental Build of configuration Debug for project lpc_chip_175x_6x ****
make -r all 
make: Nothing to be done for `all'.
17:30:08 **** Build of configuration Debug for project MPU-6050 ****
make -r all 
Building file: ../src/I2C_MPU.c
Invoking: MCU C Compiler
arm-none-eabi-gcc -DDEBUG -D__CODE_RED -DCORE_M3 -D__USE_LPCOPEN -DNO_BOARD_LIB -D__LPC17XX__ -D__REDLIB__ -I"D:\UTN - Apuntes\UTN 2015\PROYECTO\LPCXpresso_WorkSpace\MPU-6050\inc" -I"D:\UTN - Apuntes\UTN 2015\PROYECTO\LPCXpresso_WorkSpace\lpc_chip_175x_6x\inc" -O0 -g3 -Wall -c -fmessage-length=0 -fno-builtin -ffunction-sections -fdata-sections -mcpu=cortex-m3 -mthumb -specs=redlib.specs -MMD -MP -MF"src/I2C_MPU.d" -MT"src/I2C_MPU.o" -MT"src/I2C_MPU.d" -o "src/I2C_MPU.o" "../src/I2C_MPU.c"
../src/I2C_MPU.c: In function 'InitI2C':
../src/I2C_MPU.c:17:2: warning: implicit declaration of function 'setup_SysTick_INT' [-Wimplicit-function-declaration]
  setup_SysTick_INT();
  ^
Finished building: ../src/I2C_MPU.c
 
Building file: ../src/Initializer.c
Invoking: MCU C Compiler
arm-none-eabi-gcc -DDEBUG -D__CODE_RED -DCORE_M3 -D__USE_LPCOPEN -DNO_BOARD_LIB -D__LPC17XX__ -D__REDLIB__ -I"D:\UTN - Apuntes\UTN 2015\PROYECTO\LPCXpresso_WorkSpace\MPU-6050\inc" -I"D:\UTN - Apuntes\UTN 2015\PROYECTO\LPCXpresso_WorkSpace\lpc_chip_175x_6x\inc" -O0 -g3 -Wall -c -fmessage-length=0 -fno-builtin -ffunction-sections -fdata-sections -mcpu=cortex-m3 -mthumb -specs=redlib.specs -MMD -MP -MF"src/Initializer.d" -MT"src/Initializer.o" -MT"src/Initializer.d" -o "src/Initializer.o" "../src/Initializer.c"
../src/Initializer.c: In function 'initHardware':
../src/Initializer.c:5:5: warning: implicit declaration of function 'Board_I2C_Init' [-Wimplicit-function-declaration]
     Board_I2C_Init(I2C1);
     ^
../src/Initializer.c:16:2: warning: implicit declaration of function 'setup_SysTick_INT' [-Wimplicit-function-declaration]
  setup_SysTick_INT();
  ^
../src/Initializer.c: In function 'UART_Init':
../src/Initializer.c:26:2: warning: implicit declaration of function 'Board_UART_Init' [-Wimplicit-function-declaration]
  Board_UART_Init(UART_SELECTION);
  ^
../src/Initializer.c:26:18: error: 'UART_SELECTION' undeclared (first use in this function)
  Board_UART_Init(UART_SELECTION);
                  ^
../src/Initializer.c:26:18: note: each undeclared identifier is reported only once for each function it appears in
../src/Initializer.c:38:19: error: 'rxring' undeclared (first use in this function)
  RingBuffer_Init(&rxring, rxbuff, 1, UART_RRB_SIZE);
                   ^
../src/Initializer.c:38:27: error: 'rxbuff' undeclared (first use in this function)
  RingBuffer_Init(&rxring, rxbuff, 1, UART_RRB_SIZE);
                           ^
../src/Initializer.c:38:38: error: 'UART_RRB_SIZE' undeclared (first use in this function)
  RingBuffer_Init(&rxring, rxbuff, 1, UART_RRB_SIZE);
                                      ^
../src/Initializer.c:39:19: error: 'txring' undeclared (first use in this function)
  RingBuffer_Init(&txring, txbuff, 1, UART_SRB_SIZE);
                   ^
../src/Initializer.c:39:27: error: 'txbuff' undeclared (first use in this function)
  RingBuffer_Init(&txring, txbuff, 1, UART_SRB_SIZE);
                           ^
../src/Initializer.c:39:38: error: 'UART_SRB_SIZE' undeclared (first use in this function)
  RingBuffer_Init(&txring, txbuff, 1, UART_SRB_SIZE);
                                      ^
../src/Initializer.c:49:19: error: 'IRQ_SELECTION' undeclared (first use in this function)
  NVIC_SetPriority(IRQ_SELECTION, 1);
                   ^
../src/Initializer.c:53:44: error: 'inst1' undeclared (first use in this function)
  Chip_UART_SendRB(UART_SELECTION, &txring, inst1, sizeof(inst1) - 1);
                                            ^
../src/Initializer.c: At top level:
../src/Initializer.c:3:13: warning: 'initHardware' defined but not used [-Wunused-function]
 static void initHardware(void)
             ^
make: *** [src/Initializer.o] Error 1
17:31:15 **** Incremental Build of configuration Debug for project lpc_chip_175x_6x ****
make -r all 
make: Nothing to be done for `all'.
17:31:19 **** Incremental Build of configuration Debug for project MPU-6050 ****
make -r all 
Building file: ../src/Initializer.c
Invoking: MCU C Compiler
arm-none-eabi-gcc -DDEBUG -D__CODE_RED -DCORE_M3 -D__USE_LPCOPEN -DNO_BOARD_LIB -D__LPC17XX__ -D__REDLIB__ -I"D:\UTN - Apuntes\UTN 2015\PROYECTO\LPCXpresso_WorkSpace\MPU-6050\inc" -I"D:\UTN - Apuntes\UTN 2015\PROYECTO\LPCXpresso_WorkSpace\lpc_chip_175x_6x\inc" -O0 -g3 -Wall -c -fmessage-length=0 -fno-builtin -ffunction-sections -fdata-sections -mcpu=cortex-m3 -mthumb -specs=redlib.specs -MMD -MP -MF"src/Initializer.d" -MT"src/Initializer.o" -MT"src/Initializer.d" -o "src/Initializer.o" "../src/Initializer.c"
../src/Initializer.c: In function 'initHardware':
../src/Initializer.c:6:5: warning: implicit declaration of function 'Board_I2C_Init' [-Wimplicit-function-declaration]
     Board_I2C_Init(I2C1);
     ^
../src/Initializer.c:17:2: warning: implicit declaration of function 'setup_SysTick_INT' [-Wimplicit-function-declaration]
  setup_SysTick_INT();
  ^
../src/Initializer.c: In function 'UART_Init':
../src/Initializer.c:27:2: warning: implicit declaration of function 'Board_UART_Init' [-Wimplicit-function-declaration]
  Board_UART_Init(UART_SELECTION);
  ^
../src/Initializer.c:27:18: error: 'UART_SELECTION' undeclared (first use in this function)
  Board_UART_Init(UART_SELECTION);
                  ^
../src/Initializer.c:27:18: note: each undeclared identifier is reported only once for each function it appears in
../src/Initializer.c:39:19: error: 'rxring' undeclared (first use in this function)
  RingBuffer_Init(&rxring, rxbuff, 1, UART_RRB_SIZE);
                   ^
../src/Initializer.c:39:27: error: 'rxbuff' undeclared (first use in this function)
  RingBuffer_Init(&rxring, rxbuff, 1, UART_RRB_SIZE);
                           ^
../src/Initializer.c:39:38: error: 'UART_RRB_SIZE' undeclared (first use in this function)
  RingBuffer_Init(&rxring, rxbuff, 1, UART_RRB_SIZE);
                                      ^
../src/Initializer.c:40:19: error: 'txring' undeclared (first use in this function)
  RingBuffer_Init(&txring, txbuff, 1, UART_SRB_SIZE);
                   ^
../src/Initializer.c:40:27: error: 'txbuff' undeclared (first use in this function)
  RingBuffer_Init(&txring, txbuff, 1, UART_SRB_SIZE);
                           ^
../src/Initializer.c:40:38: error: 'UART_SRB_SIZE' undeclared (first use in this function)
  RingBuffer_Init(&txring, txbuff, 1, UART_SRB_SIZE);
                                      ^
../src/Initializer.c:50:19: error: 'IRQ_SELECTION' undeclared (first use in this function)
  NVIC_SetPriority(IRQ_SELECTION, 1);
                   ^
../src/Initializer.c:54:44: error: 'inst1' undeclared (first use in this function)
  Chip_UART_SendRB(UART_SELECTION, &txring, inst1, sizeof(inst1) - 1);
                                            ^
../src/Initializer.c: At top level:
../src/Initializer.c:4:13: warning: 'initHardware' defined but not used [-Wunused-function]
 static void initHardware(void)
             ^
make: *** [src/Initializer.o] Error 1
17:31:57 **** Incremental Build of configuration Debug for project lpc_chip_175x_6x ****
make -r all 
make: Nothing to be done for `all'.
17:32:01 **** Incremental Build of configuration Debug for project MPU-6050 ****
make -r all 
Building file: ../src/Initializer.c
Invoking: MCU C Compiler
arm-none-eabi-gcc -DDEBUG -D__CODE_RED -DCORE_M3 -D__USE_LPCOPEN -DNO_BOARD_LIB -D__LPC17XX__ -D__REDLIB__ -I"D:\UTN - Apuntes\UTN 2015\PROYECTO\LPCXpresso_WorkSpace\MPU-6050\inc" -I"D:\UTN - Apuntes\UTN 2015\PROYECTO\LPCXpresso_WorkSpace\lpc_chip_175x_6x\inc" -O0 -g3 -Wall -c -fmessage-length=0 -fno-builtin -ffunction-sections -fdata-sections -mcpu=cortex-m3 -mthumb -specs=redlib.specs -MMD -MP -MF"src/Initializer.d" -MT"src/Initializer.o" -MT"src/Initializer.d" -o "src/Initializer.o" "../src/Initializer.c"
../src/Initializer.c:3:19: fatal error: board.h: No such file or directory
 #include "board.h"
                   ^
compilation terminated.
make: *** [src/Initializer.o] Error 1
17:33:00 **** Incremental Build of configuration Debug for project lpc_chip_175x_6x ****
make -r all 
make: Nothing to be done for `all'.
17:33:04 **** Incremental Build of configuration Debug for project MPU-6050 ****
make -r all 
Building file: ../src/Initializer.c
Invoking: MCU C Compiler
arm-none-eabi-gcc -DDEBUG -D__CODE_RED -DCORE_M3 -D__USE_LPCOPEN -DNO_BOARD_LIB -D__LPC17XX__ -D__REDLIB__ -I"D:\UTN - Apuntes\UTN 2015\PROYECTO\LPCXpresso_WorkSpace\MPU-6050\inc" -I"D:\UTN - Apuntes\UTN 2015\PROYECTO\LPCXpresso_WorkSpace\lpc_chip_175x_6x\inc" -O0 -g3 -Wall -c -fmessage-length=0 -fno-builtin -ffunction-sections -fdata-sections -mcpu=cortex-m3 -mthumb -specs=redlib.specs -MMD -MP -MF"src/Initializer.d" -MT"src/Initializer.o" -MT"src/Initializer.d" -o "src/Initializer.o" "../src/Initializer.c"
../src/Initializer.c: In function 'initHardware':
../src/Initializer.c:7:5: warning: implicit declaration of function 'Board_I2C_Init' [-Wimplicit-function-declaration]
     Board_I2C_Init(I2C1);
     ^
../src/Initializer.c:18:2: warning: implicit declaration of function 'setup_SysTick_INT' [-Wimplicit-function-declaration]
  setup_SysTick_INT();
  ^
../src/Initializer.c: In function 'UART_Init':
../src/Initializer.c:28:2: warning: implicit declaration of function 'Board_UART_Init' [-Wimplicit-function-declaration]
  Board_UART_Init(UART_SELECTION);
  ^
../src/Initializer.c:28:18: error: 'UART_SELECTION' undeclared (first use in this function)
  Board_UART_Init(UART_SELECTION);
                  ^
../src/Initializer.c:28:18: note: each undeclared identifier is reported only once for each function it appears in
../src/Initializer.c:40:19: error: 'rxring' undeclared (first use in this function)
  RingBuffer_Init(&rxring, rxbuff, 1, UART_RRB_SIZE);
                   ^
../src/Initializer.c:40:27: error: 'rxbuff' undeclared (first use in this function)
  RingBuffer_Init(&rxring, rxbuff, 1, UART_RRB_SIZE);
                           ^
../src/Initializer.c:40:38: error: 'UART_RRB_SIZE' undeclared (first use in this function)
  RingBuffer_Init(&rxring, rxbuff, 1, UART_RRB_SIZE);
                                      ^
../src/Initializer.c:41:19: error: 'txring' undeclared (first use in this function)
  RingBuffer_Init(&txring, txbuff, 1, UART_SRB_SIZE);
                   ^
../src/Initializer.c:41:27: error: 'txbuff' undeclared (first use in this function)
  RingBuffer_Init(&txring, txbuff, 1, UART_SRB_SIZE);
                           ^
../src/Initializer.c:41:38: error: 'UART_SRB_SIZE' undeclared (first use in this function)
  RingBuffer_Init(&txring, txbuff, 1, UART_SRB_SIZE);
                                      ^
../src/Initializer.c:51:19: error: 'IRQ_SELECTION' undeclared (first use in this function)
  NVIC_SetPriority(IRQ_SELECTION, 1);
                   ^
../src/Initializer.c:55:44: error: 'inst1' undeclared (first use in this function)
  Chip_UART_SendRB(UART_SELECTION, &txring, inst1, sizeof(inst1) - 1);
                                            ^
../src/Initializer.c: At top level:
../src/Initializer.c:5:13: warning: 'initHardware' defined but not used [-Wunused-function]
 static void initHardware(void)
             ^
make: *** [src/Initializer.o] Error 1
19:01:00 **** Incremental Build of configuration Debug for project lpc_chip_175x_6x ****
make -r all 
make: Nothing to be done for `all'.
19:01:05 **** Incremental Build of configuration Debug for project MPU-6050 ****
make -r all 
Building file: ../src/Initializer.c
Invoking: MCU C Compiler
arm-none-eabi-gcc -DDEBUG -D__CODE_RED -DCORE_M3 -D__USE_LPCOPEN -DNO_BOARD_LIB -D__LPC17XX__ -D__REDLIB__ -I"D:\UTN - Apuntes\UTN 2015\PROYECTO\LPCXpresso_WorkSpace\MPU-6050\inc" -I"D:\UTN - Apuntes\UTN 2015\PROYECTO\LPCXpresso_WorkSpace\lpc_chip_175x_6x\inc" -O0 -g3 -Wall -c -fmessage-length=0 -fno-builtin -ffunction-sections -fdata-sections -mcpu=cortex-m3 -mthumb -specs=redlib.specs -MMD -MP -MF"src/Initializer.d" -MT"src/Initializer.o" -MT"src/Initializer.d" -o "src/Initializer.o" "../src/Initializer.c"
../src/Initializer.c: In function 'initHardware':
../src/Initializer.c:7:5: warning: implicit declaration of function 'Board_I2C_Init' [-Wimplicit-function-declaration]
     Board_I2C_Init(I2C1);
     ^
../src/Initializer.c:18:2: warning: implicit declaration of function 'setup_SysTick_INT' [-Wimplicit-function-declaration]
  setup_SysTick_INT();
  ^
../src/Initializer.c: At top level:
../src/Initializer.c:31:2: warning: "/*" within comment [-Wcomment]
  /* Setup UART for 115.2K8N1 */
 ^
../src/Initializer.c:32:2: warning: data definition has no type or storage class
  Chip_UART_Init(UART_SELECTION);
  ^
../src/Initializer.c:32:2: warning: type defaults to 'int' in declaration of 'Chip_UART_Init' [-Wimplicit-int]
../src/Initializer.c:32:2: warning: parameter names (without types) in function declaration
../src/Initializer.c:32:2: error: conflicting types for 'Chip_UART_Init'
In file included from D:\UTN - Apuntes\UTN 2015\PROYECTO\LPCXpresso_WorkSpace\lpc_chip_175x_6x\inc/chip_lpc175x_6x.h:181:0,
                 from D:\UTN - Apuntes\UTN 2015\PROYECTO\LPCXpresso_WorkSpace\lpc_chip_175x_6x\inc/chip.h:139,
                 from D:\UTN - Apuntes\UTN 2015\PROYECTO\LPCXpresso_WorkSpace\MPU-6050\inc/Initializer.h:1,
                 from ../src/Initializer.c:1:
D:\UTN - Apuntes\UTN 2015\PROYECTO\LPCXpresso_WorkSpace\lpc_chip_175x_6x\inc/uart_17xx_40xx.h:633:6: note: previous declaration of 'Chip_UART_Init' was here
 void Chip_UART_Init(LPC_USART_T *pUART);
      ^
../src/Initializer.c:33:36: error: expected ')' before numeric constant
  Chip_UART_SetBaud(UART_SELECTION, 115200);
                                    ^
../src/Initializer.c:34:39: error: expected ')' before '(' token
  Chip_UART_ConfigData(UART_SELECTION, (UART_LCR_WLEN8 | UART_LCR_SBS_1BIT));
                                       ^
../src/Initializer.c:35:39: error: expected ')' before '(' token
  Chip_UART_SetupFIFOS(UART_SELECTION, (UART_FCR_FIFO_EN | UART_FCR_TRG_LEV2));
                                       ^
../src/Initializer.c:36:2: warning: data definition has no type or storage class
  Chip_UART_TXEnable(UART_SELECTION);
  ^
../src/Initializer.c:36:2: warning: type defaults to 'int' in declaration of 'Chip_UART_TXEnable' [-Wimplicit-int]
../src/Initializer.c:36:2: warning: parameter names (without types) in function declaration
../src/Initializer.c:36:2: error: conflicting types for 'Chip_UART_TXEnable'
In file included from D:\UTN - Apuntes\UTN 2015\PROYECTO\LPCXpresso_WorkSpace\lpc_chip_175x_6x\inc/chip_lpc175x_6x.h:181:0,
                 from D:\UTN - Apuntes\UTN 2015\PROYECTO\LPCXpresso_WorkSpace\lpc_chip_175x_6x\inc/chip.h:139,
                 from D:\UTN - Apuntes\UTN 2015\PROYECTO\LPCXpresso_WorkSpace\MPU-6050\inc/Initializer.h:1,
                 from ../src/Initializer.c:1:
D:\UTN - Apuntes\UTN 2015\PROYECTO\LPCXpresso_WorkSpace\lpc_chip_175x_6x\inc/uart_17xx_40xx.h:647:6: note: previous declaration of 'Chip_UART_TXEnable' was here
 void Chip_UART_TXEnable(LPC_USART_T *pUART);
      ^
../src/Initializer.c:40:18: error: expected declaration specifiers or '...' before '&' token
  RingBuffer_Init(&rxring, rxbuff, 1, UART_RRB_SIZE);
                  ^
../src/Initializer.c:40:27: error: unknown type name 'rxbuff'
  RingBuffer_Init(&rxring, rxbuff, 1, UART_RRB_SIZE);
                           ^
../src/Initializer.c:40:35: error: expected declaration specifiers or '...' before numeric constant
  RingBuffer_Init(&rxring, rxbuff, 1, UART_RRB_SIZE);
                                   ^
../src/Initializer.c:40:38: error: unknown type name 'UART_RRB_SIZE'
  RingBuffer_Init(&rxring, rxbuff, 1, UART_RRB_SIZE);
                                      ^
../src/Initializer.c:41:18: error: expected declaration specifiers or '...' before '&' token
  RingBuffer_Init(&txring, txbuff, 1, UART_SRB_SIZE);
                  ^
../src/Initializer.c:41:27: error: unknown type name 'txbuff'
  RingBuffer_Init(&txring, txbuff, 1, UART_SRB_SIZE);
                           ^
../src/Initializer.c:41:35: error: expected declaration specifiers or '...' before numeric constant
  RingBuffer_Init(&txring, txbuff, 1, UART_SRB_SIZE);
                                   ^
../src/Initializer.c:41:38: error: unknown type name 'UART_SRB_SIZE'
  RingBuffer_Init(&txring, txbuff, 1, UART_SRB_SIZE);
                                      ^
../src/Initializer.c:44:39: error: expected ')' before '(' token
  Chip_UART_SetupFIFOS(UART_SELECTION, (UART_FCR_FIFO_EN | UART_FCR_RX_RS |
                                       ^
../src/Initializer.c:48:38: error: expected ')' before '(' token
  Chip_UART_IntEnable(UART_SELECTION, (UART_IER_RBRINT | UART_IER_RLSINT));
                                      ^
../src/Initializer.c:51:34: error: expected ')' before numeric constant
  NVIC_SetPriority(IRQ_SELECTION, 1);
                                  ^
../src/Initializer.c:52:2: warning: data definition has no type or storage class
  NVIC_EnableIRQ(IRQ_SELECTION);
  ^
../src/Initializer.c:52:2: warning: type defaults to 'int' in declaration of 'NVIC_EnableIRQ' [-Wimplicit-int]
../src/Initializer.c:52:2: warning: parameter names (without types) in function declaration
../src/Initializer.c:52:2: error: conflicting types for 'NVIC_EnableIRQ'
In file included from D:\UTN - Apuntes\UTN 2015\PROYECTO\LPCXpresso_WorkSpace\lpc_chip_175x_6x\inc/cmsis.h:46:0,
                 from D:\UTN - Apuntes\UTN 2015\PROYECTO\LPCXpresso_WorkSpace\lpc_chip_175x_6x\inc/chip.h:37,
                 from D:\UTN - Apuntes\UTN 2015\PROYECTO\LPCXpresso_WorkSpace\MPU-6050\inc/Initializer.h:1,
                 from ../src/Initializer.c:1:
D:\UTN - Apuntes\UTN 2015\PROYECTO\LPCXpresso_WorkSpace\lpc_chip_175x_6x\inc/core_cm3.h:1323:22: note: previous definition of 'NVIC_EnableIRQ' was here
 __STATIC_INLINE void NVIC_EnableIRQ(IRQn_Type IRQn)
                      ^
../src/Initializer.c:55:35: error: expected ')' before '&' token
  Chip_UART_SendRB(UART_SELECTION, &txring, inst1, sizeof(inst1) - 1);
                                   ^
../src/Initializer.c:57:2: error: expected identifier or '(' before 'return'
  return 1;
  ^
../src/Initializer.c:58:1: error: expected identifier or '(' before '}' token
 }
 ^
../src/Initializer.c:59:2: error: expected identifier or '(' before '/' token
 */
  ^
../src/Initializer.c:5:13: warning: 'initHardware' defined but not used [-Wunused-function]
 static void initHardware(void)
             ^
make: *** [src/Initializer.o] Error 1
19:02:35 **** Incremental Build of configuration Debug for project lpc_chip_175x_6x ****
make -r all 
make: Nothing to be done for `all'.
19:02:39 **** Incremental Build of configuration Debug for project MPU-6050 ****
make -r all 
Building file: ../src/Initializer.c
Invoking: MCU C Compiler
arm-none-eabi-gcc -DDEBUG -D__CODE_RED -DCORE_M3 -D__USE_LPCOPEN -DNO_BOARD_LIB -D__LPC17XX__ -D__REDLIB__ -I"D:\UTN - Apuntes\UTN 2015\PROYECTO\LPCXpresso_WorkSpace\MPU-6050\inc" -I"D:\UTN - Apuntes\UTN 2015\PROYECTO\LPCXpresso_WorkSpace\lpc_chip_175x_6x\inc" -O0 -g3 -Wall -c -fmessage-length=0 -fno-builtin -ffunction-sections -fdata-sections -mcpu=cortex-m3 -mthumb -specs=redlib.specs -MMD -MP -MF"src/Initializer.d" -MT"src/Initializer.o" -MT"src/Initializer.d" -o "src/Initializer.o" "../src/Initializer.c"
../src/Initializer.c: In function 'initHardware':
../src/Initializer.c:7:5: warning: implicit declaration of function 'Board_I2C_Init' [-Wimplicit-function-declaration]
     Board_I2C_Init(I2C1);
     ^
../src/Initializer.c:18:2: warning: implicit declaration of function 'setup_SysTick_INT' [-Wimplicit-function-declaration]
  setup_SysTick_INT();
  ^
../src/Initializer.c: In function 'UART0_Init':
../src/Initializer.c:26:9: error: 'SYSTEMCORECLOCK' undeclared (first use in this function)
  pclk = SYSTEMCORECLOCK / 4;        //PCLK_UART0 se setea a 1/4 de SystemCoreClock
         ^
../src/Initializer.c:26:9: note: each undeclared identifier is reported only once for each function it appears in
../src/Initializer.c:28:2: error: 'PCONP0_' undeclared (first use in this function)
  PCONP0_ |= PCUART0_POWERON;        //Enciendo la UART0 (ON por default)
  ^
../src/Initializer.c:28:13: error: 'PCUART0_POWERON' undeclared (first use in this function)
  PCONP0_ |= PCUART0_POWERON;        //Enciendo la UART0 (ON por default)
             ^
../src/Initializer.c:34:2: error: 'PCLKSEL0_' undeclared (first use in this function)
  PCLKSEL0_ &= ~(3 << PCLK_UART0);       //PCLK_periph = CCLK/4
  ^
../src/Initializer.c:34:22: error: 'PCLK_UART0' undeclared (first use in this function)
  PCLKSEL0_ &= ~(3 << PCLK_UART0);       //PCLK_periph = CCLK/4
                      ^
../src/Initializer.c:36:2: error: 'U0LCR' undeclared (first use in this function)
  U0LCR = 0x83;           //8 bits, sin paridad, 1 bit Stop, DLAB = 1
  ^
../src/Initializer.c:38:2: error: 'U0DLM' undeclared (first use in this function)
  U0DLM = Fdiv / 256;          //BR calculado = 9645,06 con un Er = 0.47% - MUY BUENO
  ^
../src/Initializer.c:39:2: error: 'U0DLL' undeclared (first use in this function)
  U0DLL = Fdiv % 256;          //BR medida = 9642 con un Er = 0.44% - MUY BUENO - U0DLL = 0x82
  ^
../src/Initializer.c:41:2: warning: implicit declaration of function 'SetPINSEL' [-Wimplicit-function-declaration]
  SetPINSEL (TX0 , FUNC_TXD0);
  ^
../src/Initializer.c:41:13: error: 'TX0' undeclared (first use in this function)
  SetPINSEL (TX0 , FUNC_TXD0);
             ^
../src/Initializer.c:41:19: error: 'FUNC_TXD0' undeclared (first use in this function)
  SetPINSEL (TX0 , FUNC_TXD0);
                   ^
../src/Initializer.c:42:13: error: 'RX0' undeclared (first use in this function)
  SetPINSEL (RX0 , FUNC_RXD0);
             ^
../src/Initializer.c:42:19: error: 'FUNC_RXD0' undeclared (first use in this function)
  SetPINSEL (RX0 , FUNC_RXD0);
                   ^
../src/Initializer.c:46:2: error: 'U0IER' undeclared (first use in this function)
  U0IER = U0IER | ( 1 << IER_RBR ) | ( 1 << IER_THRE ); //Habilito interrupciones por TX y RX
  ^
../src/Initializer.c:46:25: error: 'IER_RBR' undeclared (first use in this function)
  U0IER = U0IER | ( 1 << IER_RBR ) | ( 1 << IER_THRE ); //Habilito interrupciones por TX y RX
                         ^
../src/Initializer.c:46:44: error: 'IER_THRE' undeclared (first use in this function)
  U0IER = U0IER | ( 1 << IER_RBR ) | ( 1 << IER_THRE ); //Habilito interrupciones por TX y RX
                                            ^
../src/Initializer.c:47:2: error: 'ISE_UART0' undeclared (first use in this function)
  ISE_UART0;            //Habilito NVIC
  ^
../src/Initializer.c: In function 'UART0_IRQHandler':
../src/Initializer.c:58:9: error: 'U0IIR' undeclared (first use in this function)
   iir = U0IIR;         //IIR es reset por HW, una vez que lo lei se resetea.
         ^
../src/Initializer.c:61:11: error: 'U0RBR' undeclared (first use in this function)
    dato = U0RBR;
           ^
../src/Initializer.c:62:4: warning: implicit declaration of function 'PushRX' [-Wimplicit-function-declaration]
    PushRX(dato);
    ^
../src/Initializer.c:66:3: warning: implicit declaration of function 'PopTX' [-Wimplicit-function-declaration]
   dato = PopTX();
   ^
../src/Initializer.c:69:5: error: 'U0THR' undeclared (first use in this function)
     U0THR = dato;
     ^
../src/Initializer.c:73:5: error: 'flagTX' undeclared (first use in this function)
     flagTX = 0;     //el else indica buffer vacio
     ^
../src/Initializer.c: At top level:
../src/Initializer.c:5:13: warning: 'initHardware' defined but not used [-Wunused-function]
 static void initHardware(void)
             ^
make: *** [src/Initializer.o] Error 1
12:32:28 **** Incremental Build of configuration Debug for project lpc_chip_175x_6x ****
make -r all 
make: Nothing to be done for `all'.
12:32:34 **** Incremental Build of configuration Debug for project MPU-6050 ****
make -r all 
Building file: ../src/Initializer.c
Invoking: MCU C Compiler
arm-none-eabi-gcc -DDEBUG -D__CODE_RED -DCORE_M3 -D__USE_LPCOPEN -DNO_BOARD_LIB -D__LPC17XX__ -D__REDLIB__ -I"D:\UTN - Apuntes\UTN 2015\PROYECTO\LPCXpresso_WorkSpace\MPU-6050\inc" -I"D:\UTN - Apuntes\UTN 2015\PROYECTO\LPCXpresso_WorkSpace\lpc_chip_175x_6x\inc" -O0 -g3 -Wall -c -fmessage-length=0 -fno-builtin -ffunction-sections -fdata-sections -mcpu=cortex-m3 -mthumb -specs=redlib.specs -MMD -MP -MF"src/Initializer.d" -MT"src/Initializer.o" -MT"src/Initializer.d" -o "src/Initializer.o" "../src/Initializer.c"
../src/Initializer.c: In function 'initHardware':
../src/Initializer.c:7:5: warning: implicit declaration of function 'Board_I2C_Init' [-Wimplicit-function-declaration]
     Board_I2C_Init(I2C1);
     ^
../src/Initializer.c:18:2: warning: implicit declaration of function 'setup_SysTick_INT' [-Wimplicit-function-declaration]
  setup_SysTick_INT();
  ^
../src/Initializer.c: At top level:
../src/Initializer.c:5:13: warning: 'initHardware' defined but not used [-Wunused-function]
 static void initHardware(void)
             ^
Finished building: ../src/Initializer.c
 
Building file: ../src/MPU-6050.c
Invoking: MCU C Compiler
arm-none-eabi-gcc -DDEBUG -D__CODE_RED -DCORE_M3 -D__USE_LPCOPEN -DNO_BOARD_LIB -D__LPC17XX__ -D__REDLIB__ -I"D:\UTN - Apuntes\UTN 2015\PROYECTO\LPCXpresso_WorkSpace\MPU-6050\inc" -I"D:\UTN - Apuntes\UTN 2015\PROYECTO\LPCXpresso_WorkSpace\lpc_chip_175x_6x\inc" -O0 -g3 -Wall -c -fmessage-length=0 -fno-builtin -ffunction-sections -fdata-sections -mcpu=cortex-m3 -mthumb -specs=redlib.specs -MMD -MP -MF"src/MPU-6050.d" -MT"src/MPU-6050.o" -MT"src/MPU-6050.d" -o "src/MPU-6050.o" "../src/MPU-6050.c"
../src/MPU-6050.c: In function 'main':
../src/MPU-6050.c:18:2: warning: implicit declaration of function 'InitHardware' [-Wimplicit-function-declaration]
  InitHardware();
  ^
In file included from ../src/MPU-6050.c:14:0:
../src/MPU-6050.c: At top level:
D:\UTN - Apuntes\UTN 2015\PROYECTO\LPCXpresso_WorkSpace\MPU-6050\inc/Initializer.h:6:13: warning: 'initHardware' declared 'static' but never defined [-Wunused-function]
 static void initHardware(void);
             ^
Finished building: ../src/MPU-6050.c
 
Building file: ../src/MPU6050.c
Invoking: MCU C Compiler
arm-none-eabi-gcc -DDEBUG -D__CODE_RED -DCORE_M3 -D__USE_LPCOPEN -DNO_BOARD_LIB -D__LPC17XX__ -D__REDLIB__ -I"D:\UTN - Apuntes\UTN 2015\PROYECTO\LPCXpresso_WorkSpace\MPU-6050\inc" -I"D:\UTN - Apuntes\UTN 2015\PROYECTO\LPCXpresso_WorkSpace\lpc_chip_175x_6x\inc" -O0 -g3 -Wall -c -fmessage-length=0 -fno-builtin -ffunction-sections -fdata-sections -mcpu=cortex-m3 -mthumb -specs=redlib.specs -MMD -MP -MF"src/MPU6050.d" -MT"src/MPU6050.o" -MT"src/MPU6050.d" -o "src/MPU6050.o" "../src/MPU6050.c"
../src/MPU6050.c: In function 'reg_set_regs_inet':
../src/MPU6050.c:64:10: error: 'WHO_AM_I_MPU6050' undeclared (first use in this function)
  wbuf[0]=WHO_AM_I_MPU6050;
          ^
../src/MPU6050.c:64:10: note: each undeclared identifier is reported only once for each function it appears in
../src/MPU6050.c:66:2: warning: implicit declaration of function 'printf' [-Wimplicit-function-declaration]
  printf("WHO_AM_I_CHK:rbuf[0]=%d\n",rbuf[i]);
  ^
../src/MPU6050.c:70:29: error: 'PWR_MGMT_1' undeclared (first use in this function)
  I2C_WriteByte(ADDRESS_MPU, PWR_MGMT_1, 0x80); // Write a one to bit 7 reset bit; toggle reset device
                             ^
../src/MPU6050.c:71:2: warning: implicit declaration of function 'delay' [-Wimplicit-function-declaration]
  delay(100);       //El valor por defecto del registro luego del reset es el 0x40
  ^
../src/MPU6050.c:82:29: error: 'PWR_MGMT_2' undeclared (first use in this function)
  I2C_WriteByte(ADDRESS_MPU, PWR_MGMT_2, 0x00);
                             ^
../src/MPU6050.c:86:29: error: 'INT_ENABLE' undeclared (first use in this function)
  I2C_WriteByte(ADDRESS_MPU, INT_ENABLE, 0x00);   // Disable all interrupts
                             ^
../src/MPU6050.c:87:29: error: 'FIFO_EN' undeclared (first use in this function)
  I2C_WriteByte(ADDRESS_MPU, FIFO_EN, 0x00);      // Disable FIFO
                             ^
../src/MPU6050.c:89:29: error: 'I2C_MST_CTRL' undeclared (first use in this function)
  I2C_WriteByte(ADDRESS_MPU, I2C_MST_CTRL, 0x00); // Disable I2C master
                             ^
../src/MPU6050.c:90:29: error: 'USER_CTRL' undeclared (first use in this function)
  I2C_WriteByte(ADDRESS_MPU, USER_CTRL, 0x00);    // Disable FIFO and I2C master modes
                             ^
../src/MPU6050.c:95:29: error: 'CONFIG' undeclared (first use in this function)
  I2C_WriteByte(ADDRESS_MPU, CONFIG, 0x01);      // Set low-pass filter to 188 Hz
                             ^
../src/MPU6050.c:96:29: error: 'SMPLRT_DIV' undeclared (first use in this function)
  I2C_WriteByte(ADDRESS_MPU, SMPLRT_DIV, 0x00);  // Set sample rate to 1 kHz
                             ^
../src/MPU6050.c:97:29: error: 'GYRO_CONFIG' undeclared (first use in this function)
  I2C_WriteByte(ADDRESS_MPU, GYRO_CONFIG, 0x00);  // Set gyro full-scale to 250 degrees per second, maximum sensitivity
                             ^
../src/MPU6050.c:98:29: error: 'ACCEL_CONFIG' undeclared (first use in this function)
  I2C_WriteByte(ADDRESS_MPU, ACCEL_CONFIG, 0x00); // Set accelerometer full-scale to 2 g, maximum sensitivity
                             ^
../src/MPU6050.c:61:28: warning: unused variable 'fifo_count' [-Wunused-variable]
     uint16_t packet_count, fifo_count;
                            ^
../src/MPU6050.c:61:14: warning: unused variable 'packet_count' [-Wunused-variable]
     uint16_t packet_count, fifo_count;
              ^
../src/MPU6050.c:56:12: warning: unused variable 'fifo_count_data' [-Wunused-variable]
  uint8_t * fifo_count_data = NULL;
            ^
../src/MPU6050.c: In function 'Read_FIFO':
../src/MPU6050.c:117:7: error: 'i' undeclared (first use in this function)
  for (i=0;i<130;i++)
       ^
../src/MPU6050.c:119:3: error: 'rbuf' undeclared (first use in this function)
   rbuf[i]=0;
   ^
../src/MPU6050.c:135:2: error: 'packet_count' undeclared (first use in this function)
  packet_count = fifo_count/12;
  ^
make: *** [src/MPU6050.o] Error 1
12:47:15 **** Incremental Build of configuration Debug for project lpc_chip_175x_6x ****
make -r all 
make: Nothing to be done for `all'.
12:47:18 **** Incremental Build of configuration Debug for project MPU-6050 ****
make -r all 
Building file: ../src/MPU6050.c
Invoking: MCU C Compiler
arm-none-eabi-gcc -DDEBUG -D__CODE_RED -DCORE_M3 -D__USE_LPCOPEN -DNO_BOARD_LIB -D__LPC17XX__ -D__REDLIB__ -I"D:\UTN - Apuntes\UTN 2015\PROYECTO\LPCXpresso_WorkSpace\MPU-6050\inc" -I"D:\UTN - Apuntes\UTN 2015\PROYECTO\LPCXpresso_WorkSpace\lpc_chip_175x_6x\inc" -O0 -g3 -Wall -c -fmessage-length=0 -fno-builtin -ffunction-sections -fdata-sections -mcpu=cortex-m3 -mthumb -specs=redlib.specs -MMD -MP -MF"src/MPU6050.d" -MT"src/MPU6050.o" -MT"src/MPU6050.d" -o "src/MPU6050.o" "../src/MPU6050.c"
../src/MPU6050.c: In function 'reg_set_regs_inet':
../src/MPU6050.c:64:10: error: 'WHO_AM_I_MPU6050' undeclared (first use in this function)
  wbuf[0]=WHO_AM_I_MPU6050;
          ^
../src/MPU6050.c:64:10: note: each undeclared identifier is reported only once for each function it appears in
../src/MPU6050.c:66:2: warning: implicit declaration of function 'printf' [-Wimplicit-function-declaration]
  printf("WHO_AM_I_CHK:rbuf[0]=%d\n",rbuf[i]);
  ^
../src/MPU6050.c:70:29: error: 'PWR_MGMT_1' undeclared (first use in this function)
  I2C_WriteByte(ADDRESS_MPU, PWR_MGMT_1, 0x80); // Write a one to bit 7 reset bit; toggle reset device
                             ^
../src/MPU6050.c:71:2: warning: implicit declaration of function 'delay' [-Wimplicit-function-declaration]
  delay(100);       //El valor por defecto del registro luego del reset es el 0x40
  ^
../src/MPU6050.c:82:29: error: 'PWR_MGMT_2' undeclared (first use in this function)
  I2C_WriteByte(ADDRESS_MPU, PWR_MGMT_2, 0x00);
                             ^
../src/MPU6050.c:86:29: error: 'INT_ENABLE' undeclared (first use in this function)
  I2C_WriteByte(ADDRESS_MPU, INT_ENABLE, 0x00);   // Disable all interrupts
                             ^
../src/MPU6050.c:87:29: error: 'FIFO_EN' undeclared (first use in this function)
  I2C_WriteByte(ADDRESS_MPU, FIFO_EN, 0x00);      // Disable FIFO
                             ^
../src/MPU6050.c:89:29: error: 'I2C_MST_CTRL' undeclared (first use in this function)
  I2C_WriteByte(ADDRESS_MPU, I2C_MST_CTRL, 0x00); // Disable I2C master
                             ^
../src/MPU6050.c:90:29: error: 'USER_CTRL' undeclared (first use in this function)
  I2C_WriteByte(ADDRESS_MPU, USER_CTRL, 0x00);    // Disable FIFO and I2C master modes
                             ^
../src/MPU6050.c:95:29: error: 'CONFIG' undeclared (first use in this function)
  I2C_WriteByte(ADDRESS_MPU, CONFIG, 0x01);      // Set low-pass filter to 188 Hz
                             ^
../src/MPU6050.c:96:29: error: 'SMPLRT_DIV' undeclared (first use in this function)
  I2C_WriteByte(ADDRESS_MPU, SMPLRT_DIV, 0x00);  // Set sample rate to 1 kHz
                             ^
../src/MPU6050.c:97:29: error: 'GYRO_CONFIG' undeclared (first use in this function)
  I2C_WriteByte(ADDRESS_MPU, GYRO_CONFIG, 0x00);  // Set gyro full-scale to 250 degrees per second, maximum sensitivity
                             ^
../src/MPU6050.c:98:29: error: 'ACCEL_CONFIG' undeclared (first use in this function)
  I2C_WriteByte(ADDRESS_MPU, ACCEL_CONFIG, 0x00); // Set accelerometer full-scale to 2 g, maximum sensitivity
                             ^
../src/MPU6050.c:61:28: warning: unused variable 'fifo_count' [-Wunused-variable]
     uint16_t packet_count, fifo_count;
                            ^
../src/MPU6050.c:61:14: warning: unused variable 'packet_count' [-Wunused-variable]
     uint16_t packet_count, fifo_count;
              ^
../src/MPU6050.c:56:12: warning: unused variable 'fifo_count_data' [-Wunused-variable]
  uint8_t * fifo_count_data = NULL;
            ^
../src/MPU6050.c: At top level:
../src/MPU6050.c:113:6: error: conflicting types for 'Read_FIFO'
 char Read_FIFO(uint8_t samples_cant, uint8_t* readbuff )
      ^
In file included from ../src/MPU6050.c:2:0:
D:\UTN - Apuntes\UTN 2015\PROYECTO\LPCXpresso_WorkSpace\MPU-6050\inc/MPU6050.h:40:6: note: previous declaration of 'Read_FIFO' was here
 void Read_FIFO(uint8_t, uint8_t *);
      ^
make: *** [src/MPU6050.o] Error 1
12:47:54 **** Incremental Build of configuration Debug for project lpc_chip_175x_6x ****
make -r all 
make: Nothing to be done for `all'.
12:47:57 **** Incremental Build of configuration Debug for project MPU-6050 ****
make -r all 
Building file: ../src/MPU-6050.c
Invoking: MCU C Compiler
arm-none-eabi-gcc -DDEBUG -D__CODE_RED -DCORE_M3 -D__USE_LPCOPEN -DNO_BOARD_LIB -D__LPC17XX__ -D__REDLIB__ -I"D:\UTN - Apuntes\UTN 2015\PROYECTO\LPCXpresso_WorkSpace\MPU-6050\inc" -I"D:\UTN - Apuntes\UTN 2015\PROYECTO\LPCXpresso_WorkSpace\lpc_chip_175x_6x\inc" -O0 -g3 -Wall -c -fmessage-length=0 -fno-builtin -ffunction-sections -fdata-sections -mcpu=cortex-m3 -mthumb -specs=redlib.specs -MMD -MP -MF"src/MPU-6050.d" -MT"src/MPU-6050.o" -MT"src/MPU-6050.d" -o "src/MPU-6050.o" "../src/MPU-6050.c"
../src/MPU-6050.c: In function 'main':
../src/MPU-6050.c:18:2: warning: implicit declaration of function 'InitHardware' [-Wimplicit-function-declaration]
  InitHardware();
  ^
In file included from ../src/MPU-6050.c:14:0:
../src/MPU-6050.c: At top level:
D:\UTN - Apuntes\UTN 2015\PROYECTO\LPCXpresso_WorkSpace\MPU-6050\inc/Initializer.h:6:13: warning: 'initHardware' declared 'static' but never defined [-Wunused-function]
 static void initHardware(void);
             ^
Finished building: ../src/MPU-6050.c
 
Building file: ../src/MPU6050.c
Invoking: MCU C Compiler
arm-none-eabi-gcc -DDEBUG -D__CODE_RED -DCORE_M3 -D__USE_LPCOPEN -DNO_BOARD_LIB -D__LPC17XX__ -D__REDLIB__ -I"D:\UTN - Apuntes\UTN 2015\PROYECTO\LPCXpresso_WorkSpace\MPU-6050\inc" -I"D:\UTN - Apuntes\UTN 2015\PROYECTO\LPCXpresso_WorkSpace\lpc_chip_175x_6x\inc" -O0 -g3 -Wall -c -fmessage-length=0 -fno-builtin -ffunction-sections -fdata-sections -mcpu=cortex-m3 -mthumb -specs=redlib.specs -MMD -MP -MF"src/MPU6050.d" -MT"src/MPU6050.o" -MT"src/MPU6050.d" -o "src/MPU6050.o" "../src/MPU6050.c"
../src/MPU6050.c: In function 'reg_set_regs_inet':
../src/MPU6050.c:64:10: error: 'WHO_AM_I_MPU6050' undeclared (first use in this function)
  wbuf[0]=WHO_AM_I_MPU6050;
          ^
../src/MPU6050.c:64:10: note: each undeclared identifier is reported only once for each function it appears in
../src/MPU6050.c:66:2: warning: implicit declaration of function 'printf' [-Wimplicit-function-declaration]
  printf("WHO_AM_I_CHK:rbuf[0]=%d\n",rbuf[i]);
  ^
../src/MPU6050.c:70:29: error: 'PWR_MGMT_1' undeclared (first use in this function)
  I2C_WriteByte(ADDRESS_MPU, PWR_MGMT_1, 0x80); // Write a one to bit 7 reset bit; toggle reset device
                             ^
../src/MPU6050.c:71:2: warning: implicit declaration of function 'delay' [-Wimplicit-function-declaration]
  delay(100);       //El valor por defecto del registro luego del reset es el 0x40
  ^
../src/MPU6050.c:82:29: error: 'PWR_MGMT_2' undeclared (first use in this function)
  I2C_WriteByte(ADDRESS_MPU, PWR_MGMT_2, 0x00);
                             ^
../src/MPU6050.c:86:29: error: 'INT_ENABLE' undeclared (first use in this function)
  I2C_WriteByte(ADDRESS_MPU, INT_ENABLE, 0x00);   // Disable all interrupts
                             ^
../src/MPU6050.c:87:29: error: 'FIFO_EN' undeclared (first use in this function)
  I2C_WriteByte(ADDRESS_MPU, FIFO_EN, 0x00);      // Disable FIFO
                             ^
../src/MPU6050.c:89:29: error: 'I2C_MST_CTRL' undeclared (first use in this function)
  I2C_WriteByte(ADDRESS_MPU, I2C_MST_CTRL, 0x00); // Disable I2C master
                             ^
../src/MPU6050.c:90:29: error: 'USER_CTRL' undeclared (first use in this function)
  I2C_WriteByte(ADDRESS_MPU, USER_CTRL, 0x00);    // Disable FIFO and I2C master modes
                             ^
../src/MPU6050.c:95:29: error: 'CONFIG' undeclared (first use in this function)
  I2C_WriteByte(ADDRESS_MPU, CONFIG, 0x01);      // Set low-pass filter to 188 Hz
                             ^
../src/MPU6050.c:96:29: error: 'SMPLRT_DIV' undeclared (first use in this function)
  I2C_WriteByte(ADDRESS_MPU, SMPLRT_DIV, 0x00);  // Set sample rate to 1 kHz
                             ^
../src/MPU6050.c:97:29: error: 'GYRO_CONFIG' undeclared (first use in this function)
  I2C_WriteByte(ADDRESS_MPU, GYRO_CONFIG, 0x00);  // Set gyro full-scale to 250 degrees per second, maximum sensitivity
                             ^
../src/MPU6050.c:98:29: error: 'ACCEL_CONFIG' undeclared (first use in this function)
  I2C_WriteByte(ADDRESS_MPU, ACCEL_CONFIG, 0x00); // Set accelerometer full-scale to 2 g, maximum sensitivity
                             ^
../src/MPU6050.c:61:28: warning: unused variable 'fifo_count' [-Wunused-variable]
     uint16_t packet_count, fifo_count;
                            ^
../src/MPU6050.c:61:14: warning: unused variable 'packet_count' [-Wunused-variable]
     uint16_t packet_count, fifo_count;
              ^
../src/MPU6050.c:56:12: warning: unused variable 'fifo_count_data' [-Wunused-variable]
  uint8_t * fifo_count_data = NULL;
            ^
make: *** [src/MPU6050.o] Error 1
12:54:23 **** Incremental Build of configuration Debug for project lpc_chip_175x_6x ****
make -r all 
make: Nothing to be done for `all'.
12:54:26 **** Incremental Build of configuration Debug for project MPU-6050 ****
make -r all 
Building file: ../src/MPU-6050.c
Invoking: MCU C Compiler
arm-none-eabi-gcc -DDEBUG -D__CODE_RED -DCORE_M3 -D__USE_LPCOPEN -DNO_BOARD_LIB -D__LPC17XX__ -D__REDLIB__ -I"D:\UTN - Apuntes\UTN 2015\PROYECTO\LPCXpresso_WorkSpace\MPU-6050\inc" -I"D:\UTN - Apuntes\UTN 2015\PROYECTO\LPCXpresso_WorkSpace\lpc_chip_175x_6x\inc" -O0 -g3 -Wall -c -fmessage-length=0 -fno-builtin -ffunction-sections -fdata-sections -mcpu=cortex-m3 -mthumb -specs=redlib.specs -MMD -MP -MF"src/MPU-6050.d" -MT"src/MPU-6050.o" -MT"src/MPU-6050.d" -o "src/MPU-6050.o" "../src/MPU-6050.c"
../src/MPU-6050.c: In function 'main':
../src/MPU-6050.c:18:2: warning: implicit declaration of function 'InitHardware' [-Wimplicit-function-declaration]
  InitHardware();
  ^
In file included from ../src/MPU-6050.c:14:0:
../src/MPU-6050.c: At top level:
D:\UTN - Apuntes\UTN 2015\PROYECTO\LPCXpresso_WorkSpace\MPU-6050\inc/Initializer.h:6:13: warning: 'initHardware' declared 'static' but never defined [-Wunused-function]
 static void initHardware(void);
             ^
Finished building: ../src/MPU-6050.c
 
Building file: ../src/MPU6050.c
Invoking: MCU C Compiler
arm-none-eabi-gcc -DDEBUG -D__CODE_RED -DCORE_M3 -D__USE_LPCOPEN -DNO_BOARD_LIB -D__LPC17XX__ -D__REDLIB__ -I"D:\UTN - Apuntes\UTN 2015\PROYECTO\LPCXpresso_WorkSpace\MPU-6050\inc" -I"D:\UTN - Apuntes\UTN 2015\PROYECTO\LPCXpresso_WorkSpace\lpc_chip_175x_6x\inc" -O0 -g3 -Wall -c -fmessage-length=0 -fno-builtin -ffunction-sections -fdata-sections -mcpu=cortex-m3 -mthumb -specs=redlib.specs -MMD -MP -MF"src/MPU6050.d" -MT"src/MPU6050.o" -MT"src/MPU6050.d" -o "src/MPU6050.o" "../src/MPU6050.c"
../src/MPU6050.c: In function 'reg_set_regs_inet':
../src/MPU6050.c:68:2: warning: implicit declaration of function 'delay' [-Wimplicit-function-declaration]
  delay(100);       //El valor por defecto del registro luego del reset es el 0x40
  ^
../src/MPU6050.c:74:3: warning: implicit declaration of function 'printf' [-Wimplicit-function-declaration]
   printf("PWR_MGMNT_CHK:rbuf[%d]=%d\n",i,rbuf[i]);
   ^
../src/MPU6050.c:61:28: warning: unused variable 'fifo_count' [-Wunused-variable]
     uint16_t packet_count, fifo_count;
                            ^
../src/MPU6050.c:61:14: warning: unused variable 'packet_count' [-Wunused-variable]
     uint16_t packet_count, fifo_count;
              ^
../src/MPU6050.c:56:12: warning: unused variable 'fifo_count_data' [-Wunused-variable]
  uint8_t * fifo_count_data = NULL;
            ^
Finished building: ../src/MPU6050.c
 
Building file: ../src/cr_startup_lpc175x_6x.c
Invoking: MCU C Compiler
arm-none-eabi-gcc -DDEBUG -D__CODE_RED -DCORE_M3 -D__USE_LPCOPEN -DNO_BOARD_LIB -D__LPC17XX__ -D__REDLIB__ -I"D:\UTN - Apuntes\UTN 2015\PROYECTO\LPCXpresso_WorkSpace\MPU-6050\inc" -I"D:\UTN - Apuntes\UTN 2015\PROYECTO\LPCXpresso_WorkSpace\lpc_chip_175x_6x\inc" -O0 -g3 -Wall -c -fmessage-length=0 -fno-builtin -ffunction-sections -fdata-sections -mcpu=cortex-m3 -mthumb -specs=redlib.specs -MMD -MP -MF"src/cr_startup_lpc175x_6x.d" -MT"src/cr_startup_lpc175x_6x.o" -MT"src/cr_startup_lpc175x_6x.d" -o "src/cr_startup_lpc175x_6x.o" "../src/cr_startup_lpc175x_6x.c"
Finished building: ../src/cr_startup_lpc175x_6x.c
 
Building file: ../src/crp.c
Invoking: MCU C Compiler
arm-none-eabi-gcc -DDEBUG -D__CODE_RED -DCORE_M3 -D__USE_LPCOPEN -DNO_BOARD_LIB -D__LPC17XX__ -D__REDLIB__ -I"D:\UTN - Apuntes\UTN 2015\PROYECTO\LPCXpresso_WorkSpace\MPU-6050\inc" -I"D:\UTN - Apuntes\UTN 2015\PROYECTO\LPCXpresso_WorkSpace\lpc_chip_175x_6x\inc" -O0 -g3 -Wall -c -fmessage-length=0 -fno-builtin -ffunction-sections -fdata-sections -mcpu=cortex-m3 -mthumb -specs=redlib.specs -MMD -MP -MF"src/crp.d" -MT"src/crp.o" -MT"src/crp.d" -o "src/crp.o" "../src/crp.c"
Finished building: ../src/crp.c
 
Building file: ../src/sysinit.c
Invoking: MCU C Compiler
arm-none-eabi-gcc -DDEBUG -D__CODE_RED -DCORE_M3 -D__USE_LPCOPEN -DNO_BOARD_LIB -D__LPC17XX__ -D__REDLIB__ -I"D:\UTN - Apuntes\UTN 2015\PROYECTO\LPCXpresso_WorkSpace\MPU-6050\inc" -I"D:\UTN - Apuntes\UTN 2015\PROYECTO\LPCXpresso_WorkSpace\lpc_chip_175x_6x\inc" -O0 -g3 -Wall -c -fmessage-length=0 -fno-builtin -ffunction-sections -fdata-sections -mcpu=cortex-m3 -mthumb -specs=redlib.specs -MMD -MP -MF"src/sysinit.d" -MT"src/sysinit.o" -MT"src/sysinit.d" -o "src/sysinit.o" "../src/sysinit.c"
Finished building: ../src/sysinit.c
 
Building target: MPU-6050.axf
Invoking: MCU Linker
arm-none-eabi-gcc -nostdlib -L"D:\UTN - Apuntes\UTN 2015\PROYECTO\LPCXpresso_WorkSpace\lpc_chip_175x_6x\Debug" -Xlinker -Map="MPU-6050.map" -Xlinker --gc-sections -mcpu=cortex-m3 -mthumb -T "MPU-6050_Debug.ld" -o "MPU-6050.axf"  ./src/I2C_MPU.o ./src/Initializer.o ./src/MPU-6050.o ./src/MPU6050.o ./src/cr_startup_lpc175x_6x.o ./src/crp.o ./src/sysinit.o   -llpc_chip_175x_6x
./src/MPU-6050.o: In function `main':
D:\UTN - Apuntes\UTN 2015\PROYECTO\LPCXpresso_WorkSpace\MPU-6050\Debug/../src/MPU-6050.c:17: multiple definition of `Data_Read'
./src/Initializer.o:D:\UTN - Apuntes\UTN 2015\PROYECTO\LPCXpresso_WorkSpace\lpc_chip_175x_6x\inc/iocon_17xx_40xx.h:191: first defined here
./src/MPU-6050.o: In function `main':
MPU-6050.c:(.text.main+0x4): undefined reference to `InitHardware'
./src/MPU6050.o: In function `reg_set_regs_inet':
D:\UTN - Apuntes\UTN 2015\PROYECTO\LPCXpresso_WorkSpace\MPU-6050\Debug/../src/MPU6050.c:68: undefined reference to `delay'
D:\UTN - Apuntes\UTN 2015\PROYECTO\LPCXpresso_WorkSpace\MPU-6050\Debug/../src/MPU6050.c:80: undefined reference to `delay'
D:\UTN - Apuntes\UTN 2015\PROYECTO\LPCXpresso_WorkSpace\MPU-6050\Debug/../src/MPU6050.c:89: undefined reference to `delay'
./src/MPU6050.o: In function `Read_FIFO':
D:\UTN - Apuntes\UTN 2015\PROYECTO\LPCXpresso_WorkSpace\MPU-6050\Debug/../src/MPU6050.c:119: undefined reference to `delay'
D:\UTN - Apuntes\UTN 2015\PROYECTO\LPCXpresso_WorkSpace\MPU-6050\Debug/../src/MPU6050.c:123: undefined reference to `delay'
c:/nxp/lpcxpresso_7.7.2_379/lpcxpresso/tools/bin/../lib/gcc/arm-none-eabi/4.9.3/../../../../arm-none-eabi/lib/armv7-m\libcr_c.a(fpprintf.o): In function `printf':
fpprintf.c:(.text.printf+0x38): undefined reference to `__sys_write'
c:/nxp/lpcxpresso_7.7.2_379/lpcxpresso/tools/bin/../lib/gcc/arm-none-eabi/4.9.3/../../../../arm-none-eabi/lib/armv7-m\libcr_c.a(_deferredlazyseek.o): In function `__flsbuf':
_deferredlazyseek.c:(.text.__flsbuf+0x84): undefined reference to `__sys_istty'
c:/nxp/lpcxpresso_7.7.2_379/lpcxpresso/tools/bin/../lib/gcc/arm-none-eabi/4.9.3/../../../../arm-none-eabi/lib/armv7-m\libcr_c.a(_writebuf.o): In function `_Cwritebuf':
_writebuf.c:(.text._Cwritebuf+0x14): undefined reference to `__sys_flen'
_writebuf.c:(.text._Cwritebuf+0x28): undefined reference to `__sys_seek'
_writebuf.c:(.text._Cwritebuf+0x40): undefined reference to `__sys_write'
c:/nxp/lpcxpresso_7.7.2_379/lpcxpresso/tools/bin/../lib/gcc/arm-none-eabi/4.9.3/../../../../arm-none-eabi/lib/armv7-m\libcr_c.a(alloc.o): In function `_Csys_alloc':
alloc.c:(.text._Csys_alloc+0xe): undefined reference to `__sys_write'
alloc.c:(.text._Csys_alloc+0x12): undefined reference to `__sys_appexit'
c:/nxp/lpcxpresso_7.7.2_379/lpcxpresso/tools/bin/../lib/gcc/arm-none-eabi/4.9.3/../../../../arm-none-eabi/lib/armv7-m\libcr_c.a(fseek.o): In function `fseek':
fseek.c:(.text.fseek+0x1a): undefined reference to `__sys_istty'
fseek.c:(.text.fseek+0x44): undefined reference to `__sys_flen'
collect2.exe: error: ld returned 1 exit status
make: *** [MPU-6050.axf] Error 1
12:58:54 **** Incremental Build of configuration Debug for project lpc_chip_175x_6x ****
make -r all 
make: Nothing to be done for `all'.
12:58:57 **** Incremental Build of configuration Debug for project MPU-6050 ****
make -r all 
Building file: ../src/Initializer.c
Invoking: MCU C Compiler
arm-none-eabi-gcc -DDEBUG -D__CODE_RED -DCORE_M3 -D__USE_LPCOPEN -DNO_BOARD_LIB -D__LPC17XX__ -D__REDLIB__ -I"D:\UTN - Apuntes\UTN 2015\PROYECTO\LPCXpresso_WorkSpace\MPU-6050\inc" -I"D:\UTN - Apuntes\UTN 2015\PROYECTO\LPCXpresso_WorkSpace\lpc_chip_175x_6x\inc" -O0 -g3 -Wall -c -fmessage-length=0 -fno-builtin -ffunction-sections -fdata-sections -mcpu=cortex-m3 -mthumb -specs=redlib.specs -MMD -MP -MF"src/Initializer.d" -MT"src/Initializer.o" -MT"src/Initializer.d" -o "src/Initializer.o" "../src/Initializer.c"
../src/Initializer.c: In function 'InitHardware':
../src/Initializer.c:7:5: warning: implicit declaration of function 'Board_I2C_Init' [-Wimplicit-function-declaration]
     Board_I2C_Init(I2C1);
     ^
../src/Initializer.c:18:2: warning: implicit declaration of function 'setup_SysTick_INT' [-Wimplicit-function-declaration]
  setup_SysTick_INT();
  ^
../src/Initializer.c: At top level:
../src/Initializer.c:5:13: warning: 'InitHardware' defined but not used [-Wunused-function]
 static void InitHardware(void)
             ^
Finished building: ../src/Initializer.c
 
Building file: ../src/MPU-6050.c
Invoking: MCU C Compiler
arm-none-eabi-gcc -DDEBUG -D__CODE_RED -DCORE_M3 -D__USE_LPCOPEN -DNO_BOARD_LIB -D__LPC17XX__ -D__REDLIB__ -I"D:\UTN - Apuntes\UTN 2015\PROYECTO\LPCXpresso_WorkSpace\MPU-6050\inc" -I"D:\UTN - Apuntes\UTN 2015\PROYECTO\LPCXpresso_WorkSpace\lpc_chip_175x_6x\inc" -O0 -g3 -Wall -c -fmessage-length=0 -fno-builtin -ffunction-sections -fdata-sections -mcpu=cortex-m3 -mthumb -specs=redlib.specs -MMD -MP -MF"src/MPU-6050.d" -MT"src/MPU-6050.o" -MT"src/MPU-6050.d" -o "src/MPU-6050.o" "../src/MPU-6050.c"
In file included from ../src/MPU-6050.c:14:0:
D:\UTN - Apuntes\UTN 2015\PROYECTO\LPCXpresso_WorkSpace\MPU-6050\inc/Initializer.h:6:13: warning: 'InitHardware' used but never defined
 static void InitHardware(void);
             ^
Finished building: ../src/MPU-6050.c
 
Building file: ../src/MPU6050.c
Invoking: MCU C Compiler
arm-none-eabi-gcc -DDEBUG -D__CODE_RED -DCORE_M3 -D__USE_LPCOPEN -DNO_BOARD_LIB -D__LPC17XX__ -D__REDLIB__ -I"D:\UTN - Apuntes\UTN 2015\PROYECTO\LPCXpresso_WorkSpace\MPU-6050\inc" -I"D:\UTN - Apuntes\UTN 2015\PROYECTO\LPCXpresso_WorkSpace\lpc_chip_175x_6x\inc" -O0 -g3 -Wall -c -fmessage-length=0 -fno-builtin -ffunction-sections -fdata-sections -mcpu=cortex-m3 -mthumb -specs=redlib.specs -MMD -MP -MF"src/MPU6050.d" -MT"src/MPU6050.o" -MT"src/MPU6050.d" -o "src/MPU6050.o" "../src/MPU6050.c"
../src/MPU6050.c: In function 'reg_set_regs_inet':
../src/MPU6050.c:62:2: warning: implicit declaration of function 'delay' [-Wimplicit-function-declaration]
  delay(100);          //El valor por defecto del registro luego del reset es el 0x40
  ^
../src/MPU6050.c:58:37: warning: unused variable 'i' [-Wunused-variable]
  uint16_t packet_count, fifo_count, i=0;
                                     ^
../src/MPU6050.c:58:25: warning: unused variable 'fifo_count' [-Wunused-variable]
  uint16_t packet_count, fifo_count, i=0;
                         ^
../src/MPU6050.c:58:11: warning: unused variable 'packet_count' [-Wunused-variable]
  uint16_t packet_count, fifo_count, i=0;
           ^
../src/MPU6050.c:56:12: warning: unused variable 'fifo_count_data' [-Wunused-variable]
  uint8_t * fifo_count_data = NULL;
            ^
Finished building: ../src/MPU6050.c
 
Building target: MPU-6050.axf
Invoking: MCU Linker
arm-none-eabi-gcc -nostdlib -L"D:\UTN - Apuntes\UTN 2015\PROYECTO\LPCXpresso_WorkSpace\lpc_chip_175x_6x\Debug" -Xlinker -Map="MPU-6050.map" -Xlinker --gc-sections -mcpu=cortex-m3 -mthumb -T "MPU-6050_Debug.ld" -o "MPU-6050.axf"  ./src/I2C_MPU.o ./src/Initializer.o ./src/MPU-6050.o ./src/MPU6050.o ./src/cr_startup_lpc175x_6x.o ./src/crp.o ./src/sysinit.o   -llpc_chip_175x_6x
./src/MPU-6050.o: In function `main':
D:\UTN - Apuntes\UTN 2015\PROYECTO\LPCXpresso_WorkSpace\MPU-6050\Debug/../src/MPU-6050.c:17: multiple definition of `Data_Read'
./src/Initializer.o:D:\UTN - Apuntes\UTN 2015\PROYECTO\LPCXpresso_WorkSpace\lpc_chip_175x_6x\inc/iocon_17xx_40xx.h:191: first defined here
./src/MPU-6050.o: In function `main':
MPU-6050.c:(.text.main+0x4): undefined reference to `InitHardware'
./src/MPU6050.o: In function `reg_set_regs_inet':
D:\UTN - Apuntes\UTN 2015\PROYECTO\LPCXpresso_WorkSpace\MPU-6050\Debug/../src/MPU6050.c:62: undefined reference to `delay'
D:\UTN - Apuntes\UTN 2015\PROYECTO\LPCXpresso_WorkSpace\MPU-6050\Debug/../src/MPU6050.c:72: undefined reference to `delay'
D:\UTN - Apuntes\UTN 2015\PROYECTO\LPCXpresso_WorkSpace\MPU-6050\Debug/../src/MPU6050.c:81: undefined reference to `delay'
./src/MPU6050.o: In function `Read_FIFO':
D:\UTN - Apuntes\UTN 2015\PROYECTO\LPCXpresso_WorkSpace\MPU-6050\Debug/../src/MPU6050.c:111: undefined reference to `delay'
D:\UTN - Apuntes\UTN 2015\PROYECTO\LPCXpresso_WorkSpace\MPU-6050\Debug/../src/MPU6050.c:115: undefined reference to `delay'
collect2.exe: error: ld returned 1 exit status
make: *** [MPU-6050.axf] Error 1
13:02:52 **** Incremental Build of configuration Debug for project lpc_chip_175x_6x ****
make -r all 
make: Nothing to be done for `all'.
13:02:55 **** Incremental Build of configuration Debug for project MPU-6050 ****
make -r all 
Building file: ../src/Initializer.c
Invoking: MCU C Compiler
arm-none-eabi-gcc -DDEBUG -D__CODE_RED -DCORE_M3 -D__USE_LPCOPEN -DNO_BOARD_LIB -D__LPC17XX__ -D__REDLIB__ -I"D:\UTN - Apuntes\UTN 2015\PROYECTO\LPCXpresso_WorkSpace\MPU-6050\inc" -I"D:\UTN - Apuntes\UTN 2015\PROYECTO\LPCXpresso_WorkSpace\lpc_chip_175x_6x\inc" -O0 -g3 -Wall -c -fmessage-length=0 -fno-builtin -ffunction-sections -fdata-sections -mcpu=cortex-m3 -mthumb -specs=redlib.specs -MMD -MP -MF"src/Initializer.d" -MT"src/Initializer.o" -MT"src/Initializer.d" -o "src/Initializer.o" "../src/Initializer.c"
../src/Initializer.c: In function 'InitHardware':
../src/Initializer.c:7:5: warning: implicit declaration of function 'Board_I2C_Init' [-Wimplicit-function-declaration]
     Board_I2C_Init(I2C1);
     ^
../src/Initializer.c:18:2: warning: implicit declaration of function 'setup_SysTick_INT' [-Wimplicit-function-declaration]
  setup_SysTick_INT();
  ^
../src/Initializer.c: At top level:
../src/Initializer.c:5:13: warning: 'InitHardware' defined but not used [-Wunused-function]
 static void InitHardware(void)
             ^
Finished building: ../src/Initializer.c
 
Building file: ../src/MPU-6050.c
Invoking: MCU C Compiler
arm-none-eabi-gcc -DDEBUG -D__CODE_RED -DCORE_M3 -D__USE_LPCOPEN -DNO_BOARD_LIB -D__LPC17XX__ -D__REDLIB__ -I"D:\UTN - Apuntes\UTN 2015\PROYECTO\LPCXpresso_WorkSpace\MPU-6050\inc" -I"D:\UTN - Apuntes\UTN 2015\PROYECTO\LPCXpresso_WorkSpace\lpc_chip_175x_6x\inc" -O0 -g3 -Wall -c -fmessage-length=0 -fno-builtin -ffunction-sections -fdata-sections -mcpu=cortex-m3 -mthumb -specs=redlib.specs -MMD -MP -MF"src/MPU-6050.d" -MT"src/MPU-6050.o" -MT"src/MPU-6050.d" -o "src/MPU-6050.o" "../src/MPU-6050.c"
In file included from ../src/MPU-6050.c:14:0:
D:\UTN - Apuntes\UTN 2015\PROYECTO\LPCXpresso_WorkSpace\MPU-6050\inc/Initializer.h:6:13: warning: 'InitHardware' used but never defined
 static void InitHardware(void);
             ^
Finished building: ../src/MPU-6050.c
 
Building target: MPU-6050.axf
Invoking: MCU Linker
arm-none-eabi-gcc -nostdlib -L"D:\UTN - Apuntes\UTN 2015\PROYECTO\LPCXpresso_WorkSpace\lpc_chip_175x_6x\Debug" -Xlinker -Map="MPU-6050.map" -Xlinker --gc-sections -mcpu=cortex-m3 -mthumb -T "MPU-6050_Debug.ld" -o "MPU-6050.axf"  ./src/I2C_MPU.o ./src/Initializer.o ./src/MPU-6050.o ./src/MPU6050.o ./src/cr_startup_lpc175x_6x.o ./src/crp.o ./src/sysinit.o   -llpc_chip_175x_6x
./src/MPU-6050.o: In function `main':
D:\UTN - Apuntes\UTN 2015\PROYECTO\LPCXpresso_WorkSpace\MPU-6050\Debug/../src/MPU-6050.c:17: multiple definition of `Data_Read'
./src/Initializer.o:D:\UTN - Apuntes\UTN 2015\PROYECTO\LPCXpresso_WorkSpace\lpc_chip_175x_6x\inc/iocon_17xx_40xx.h:191: first defined here
./src/MPU-6050.o: In function `main':
MPU-6050.c:(.text.main+0x4): undefined reference to `InitHardware'
./src/MPU6050.o: In function `reg_set_regs_inet':
D:\UTN - Apuntes\UTN 2015\PROYECTO\LPCXpresso_WorkSpace\MPU-6050\Debug/../src/MPU6050.c:62: undefined reference to `delay'
D:\UTN - Apuntes\UTN 2015\PROYECTO\LPCXpresso_WorkSpace\MPU-6050\Debug/../src/MPU6050.c:72: undefined reference to `delay'
D:\UTN - Apuntes\UTN 2015\PROYECTO\LPCXpresso_WorkSpace\MPU-6050\Debug/../src/MPU6050.c:81: undefined reference to `delay'
./src/MPU6050.o: In function `Read_FIFO':
D:\UTN - Apuntes\UTN 2015\PROYECTO\LPCXpresso_WorkSpace\MPU-6050\Debug/../src/MPU6050.c:111: undefined reference to `delay'
D:\UTN - Apuntes\UTN 2015\PROYECTO\LPCXpresso_WorkSpace\MPU-6050\Debug/../src/MPU6050.c:115: undefined reference to `delay'
collect2.exe: error: ld returned 1 exit status
make: *** [MPU-6050.axf] Error 1
13:22:27 **** Incremental Build of configuration Debug for project lpc_chip_175x_6x ****
make -r all 
make: Nothing to be done for `all'.
13:22:30 **** Incremental Build of configuration Debug for project MPU-6050 ****
make -r all 
Building file: ../src/I2C_MPU.c
Invoking: MCU C Compiler
arm-none-eabi-gcc -DDEBUG -D__CODE_RED -DCORE_M3 -D__USE_LPCOPEN -DNO_BOARD_LIB -D__LPC17XX__ -D__REDLIB__ -I"D:\UTN - Apuntes\UTN 2015\PROYECTO\LPCXpresso_WorkSpace\MPU-6050\inc" -I"D:\UTN - Apuntes\UTN 2015\PROYECTO\LPCXpresso_WorkSpace\lpc_chip_175x_6x\inc" -O0 -g3 -Wall -c -fmessage-length=0 -fno-builtin -ffunction-sections -fdata-sections -mcpu=cortex-m3 -mthumb -specs=redlib.specs -MMD -MP -MF"src/I2C_MPU.d" -MT"src/I2C_MPU.o" -MT"src/I2C_MPU.d" -o "src/I2C_MPU.o" "../src/I2C_MPU.c"
../src/I2C_MPU.c: In function 'InitI2C':
../src/I2C_MPU.c:17:2: warning: implicit declaration of function 'setup_SysTick_INT' [-Wimplicit-function-declaration]
  setup_SysTick_INT();
  ^
Finished building: ../src/I2C_MPU.c
 
Building file: ../src/Initializer.c
Invoking: MCU C Compiler
arm-none-eabi-gcc -DDEBUG -D__CODE_RED -DCORE_M3 -D__USE_LPCOPEN -DNO_BOARD_LIB -D__LPC17XX__ -D__REDLIB__ -I"D:\UTN - Apuntes\UTN 2015\PROYECTO\LPCXpresso_WorkSpace\MPU-6050\inc" -I"D:\UTN - Apuntes\UTN 2015\PROYECTO\LPCXpresso_WorkSpace\lpc_chip_175x_6x\inc" -O0 -g3 -Wall -c -fmessage-length=0 -fno-builtin -ffunction-sections -fdata-sections -mcpu=cortex-m3 -mthumb -specs=redlib.specs -MMD -MP -MF"src/Initializer.d" -MT"src/Initializer.o" -MT"src/Initializer.d" -o "src/Initializer.o" "../src/Initializer.c"
../src/Initializer.c: In function 'InitHardware':
../src/Initializer.c:7:2: warning: implicit declaration of function 'SYSTICK_InternalInit' [-Wimplicit-function-declaration]
  SYSTICK_InternalInit(100);     //Inicializo el System Tick para intervalos de 100ms
  ^
../src/Initializer.c:8:2: warning: implicit declaration of function 'SYSTICK_IntCmd' [-Wimplicit-function-declaration]
  SYSTICK_IntCmd(ENABLE);   //Habilito la interrupción  del System Tick
  ^
../src/Initializer.c:9:2: warning: implicit declaration of function 'SYSTICK_Cmd' [-Wimplicit-function-declaration]
  SYSTICK_Cmd(ENABLE);   //Habilito el System Tick Counter
  ^
../src/Initializer.c:12:5: warning: implicit declaration of function 'Board_I2C_Init' [-Wimplicit-function-declaration]
     Board_I2C_Init(I2C1);
     ^
../src/Initializer.c:23:2: warning: implicit declaration of function 'setup_SysTick_INT' [-Wimplicit-function-declaration]
  setup_SysTick_INT();
  ^
../src/Initializer.c: At top level:
../src/Initializer.c:5:13: warning: 'InitHardware' defined but not used [-Wunused-function]
 static void InitHardware(void)
             ^
Finished building: ../src/Initializer.c
 
Building file: ../src/MPU-6050.c
Invoking: MCU C Compiler
arm-none-eabi-gcc -DDEBUG -D__CODE_RED -DCORE_M3 -D__USE_LPCOPEN -DNO_BOARD_LIB -D__LPC17XX__ -D__REDLIB__ -I"D:\UTN - Apuntes\UTN 2015\PROYECTO\LPCXpresso_WorkSpace\MPU-6050\inc" -I"D:\UTN - Apuntes\UTN 2015\PROYECTO\LPCXpresso_WorkSpace\lpc_chip_175x_6x\inc" -O0 -g3 -Wall -c -fmessage-length=0 -fno-builtin -ffunction-sections -fdata-sections -mcpu=cortex-m3 -mthumb -specs=redlib.specs -MMD -MP -MF"src/MPU-6050.d" -MT"src/MPU-6050.o" -MT"src/MPU-6050.d" -o "src/MPU-6050.o" "../src/MPU-6050.c"
In file included from ../src/MPU-6050.c:14:0:
D:\UTN - Apuntes\UTN 2015\PROYECTO\LPCXpresso_WorkSpace\MPU-6050\inc/Initializer.h:6:13: warning: 'InitHardware' used but never defined
 static void InitHardware(void);
             ^
Finished building: ../src/MPU-6050.c
 
Building file: ../src/MPU6050.c
Invoking: MCU C Compiler
arm-none-eabi-gcc -DDEBUG -D__CODE_RED -DCORE_M3 -D__USE_LPCOPEN -DNO_BOARD_LIB -D__LPC17XX__ -D__REDLIB__ -I"D:\UTN - Apuntes\UTN 2015\PROYECTO\LPCXpresso_WorkSpace\MPU-6050\inc" -I"D:\UTN - Apuntes\UTN 2015\PROYECTO\LPCXpresso_WorkSpace\lpc_chip_175x_6x\inc" -O0 -g3 -Wall -c -fmessage-length=0 -fno-builtin -ffunction-sections -fdata-sections -mcpu=cortex-m3 -mthumb -specs=redlib.specs -MMD -MP -MF"src/MPU6050.d" -MT"src/MPU6050.o" -MT"src/MPU6050.d" -o "src/MPU6050.o" "../src/MPU6050.c"
../src/MPU6050.c: In function 'reg_set_regs_inet':
../src/MPU6050.c:62:2: warning: implicit declaration of function 'delay' [-Wimplicit-function-declaration]
  delay(100);          //El valor por defecto del registro luego del reset es el 0x40
  ^
../src/MPU6050.c:58:37: warning: unused variable 'i' [-Wunused-variable]
  uint16_t packet_count, fifo_count, i=0;
                                     ^
../src/MPU6050.c:58:25: warning: unused variable 'fifo_count' [-Wunused-variable]
  uint16_t packet_count, fifo_count, i=0;
                         ^
../src/MPU6050.c:58:11: warning: unused variable 'packet_count' [-Wunused-variable]
  uint16_t packet_count, fifo_count, i=0;
           ^
../src/MPU6050.c:56:12: warning: unused variable 'fifo_count_data' [-Wunused-variable]
  uint8_t * fifo_count_data = NULL;
            ^
Finished building: ../src/MPU6050.c
 
Building target: MPU-6050.axf
Invoking: MCU Linker
arm-none-eabi-gcc -nostdlib -L"D:\UTN - Apuntes\UTN 2015\PROYECTO\LPCXpresso_WorkSpace\lpc_chip_175x_6x\Debug" -Xlinker -Map="MPU-6050.map" -Xlinker --gc-sections -mcpu=cortex-m3 -mthumb -T "MPU-6050_Debug.ld" -o "MPU-6050.axf"  ./src/I2C_MPU.o ./src/Initializer.o ./src/MPU-6050.o ./src/MPU6050.o ./src/cr_startup_lpc175x_6x.o ./src/crp.o ./src/sysinit.o   -llpc_chip_175x_6x
./src/MPU-6050.o: In function `main':
D:\UTN - Apuntes\UTN 2015\PROYECTO\LPCXpresso_WorkSpace\MPU-6050\Debug/../src/MPU-6050.c:17: multiple definition of `Data_Read'
./src/Initializer.o:D:\UTN - Apuntes\UTN 2015\PROYECTO\LPCXpresso_WorkSpace\lpc_chip_175x_6x\inc/iocon_17xx_40xx.h:191: first defined here
./src/MPU-6050.o: In function `main':
MPU-6050.c:(.text.main+0x4): undefined reference to `InitHardware'
./src/MPU6050.o: In function `reg_set_regs_inet':
D:\UTN - Apuntes\UTN 2015\PROYECTO\LPCXpresso_WorkSpace\MPU-6050\Debug/../src/MPU6050.c:62: undefined reference to `delay'
D:\UTN - Apuntes\UTN 2015\PROYECTO\LPCXpresso_WorkSpace\MPU-6050\Debug/../src/MPU6050.c:72: undefined reference to `delay'
D:\UTN - Apuntes\UTN 2015\PROYECTO\LPCXpresso_WorkSpace\MPU-6050\Debug/../src/MPU6050.c:81: undefined reference to `delay'
./src/MPU6050.o: In function `Read_FIFO':
D:\UTN - Apuntes\UTN 2015\PROYECTO\LPCXpresso_WorkSpace\MPU-6050\Debug/../src/MPU6050.c:111: undefined reference to `delay'
D:\UTN - Apuntes\UTN 2015\PROYECTO\LPCXpresso_WorkSpace\MPU-6050\Debug/../src/MPU6050.c:115: undefined reference to `delay'
collect2.exe: error: ld returned 1 exit status
make: *** [MPU-6050.axf] Error 1
13:23:10 **** Incremental Build of configuration Debug for project lpc_chip_175x_6x ****
make -r all 
make: Nothing to be done for `all'.
13:23:13 **** Incremental Build of configuration Debug for project MPU-6050 ****
make -r all 
Building file: ../src/MPU6050.c
Invoking: MCU C Compiler
arm-none-eabi-gcc -DDEBUG -D__CODE_RED -DCORE_M3 -D__USE_LPCOPEN -DNO_BOARD_LIB -D__LPC17XX__ -D__REDLIB__ -I"D:\UTN - Apuntes\UTN 2015\PROYECTO\LPCXpresso_WorkSpace\MPU-6050\inc" -I"D:\UTN - Apuntes\UTN 2015\PROYECTO\LPCXpresso_WorkSpace\lpc_chip_175x_6x\inc" -O0 -g3 -Wall -c -fmessage-length=0 -fno-builtin -ffunction-sections -fdata-sections -mcpu=cortex-m3 -mthumb -specs=redlib.specs -MMD -MP -MF"src/MPU6050.d" -MT"src/MPU6050.o" -MT"src/MPU6050.d" -o "src/MPU6050.o" "../src/MPU6050.c"
../src/MPU6050.c: In function 'reg_set_regs_inet':
../src/MPU6050.c:58:37: warning: unused variable 'i' [-Wunused-variable]
  uint16_t packet_count, fifo_count, i=0;
                                     ^
../src/MPU6050.c:58:25: warning: unused variable 'fifo_count' [-Wunused-variable]
  uint16_t packet_count, fifo_count, i=0;
                         ^
../src/MPU6050.c:58:11: warning: unused variable 'packet_count' [-Wunused-variable]
  uint16_t packet_count, fifo_count, i=0;
           ^
../src/MPU6050.c:56:12: warning: unused variable 'fifo_count_data' [-Wunused-variable]
  uint8_t * fifo_count_data = NULL;
            ^
Finished building: ../src/MPU6050.c
 
Building target: MPU-6050.axf
Invoking: MCU Linker
arm-none-eabi-gcc -nostdlib -L"D:\UTN - Apuntes\UTN 2015\PROYECTO\LPCXpresso_WorkSpace\lpc_chip_175x_6x\Debug" -Xlinker -Map="MPU-6050.map" -Xlinker --gc-sections -mcpu=cortex-m3 -mthumb -T "MPU-6050_Debug.ld" -o "MPU-6050.axf"  ./src/I2C_MPU.o ./src/Initializer.o ./src/MPU-6050.o ./src/MPU6050.o ./src/cr_startup_lpc175x_6x.o ./src/crp.o ./src/sysinit.o   -llpc_chip_175x_6x
./src/MPU-6050.o: In function `main':
D:\UTN - Apuntes\UTN 2015\PROYECTO\LPCXpresso_WorkSpace\MPU-6050\Debug/../src/MPU-6050.c:17: multiple definition of `Data_Read'
./src/Initializer.o:D:\UTN - Apuntes\UTN 2015\PROYECTO\LPCXpresso_WorkSpace\lpc_chip_175x_6x\inc/iocon_17xx_40xx.h:191: first defined here
./src/MPU-6050.o: In function `main':
MPU-6050.c:(.text.main+0x4): undefined reference to `InitHardware'
collect2.exe: error: ld returned 1 exit status
make: *** [MPU-6050.axf] Error 1
13:24:42 **** Incremental Build of configuration Debug for project lpc_chip_175x_6x ****
make -r all 
make: Nothing to be done for `all'.
13:24:45 **** Incremental Build of configuration Debug for project MPU-6050 ****
make -r all 
Building file: ../src/Initializer.c
Invoking: MCU C Compiler
arm-none-eabi-gcc -DDEBUG -D__CODE_RED -DCORE_M3 -D__USE_LPCOPEN -DNO_BOARD_LIB -D__LPC17XX__ -D__REDLIB__ -I"D:\UTN - Apuntes\UTN 2015\PROYECTO\LPCXpresso_WorkSpace\MPU-6050\inc" -I"D:\UTN - Apuntes\UTN 2015\PROYECTO\LPCXpresso_WorkSpace\lpc_chip_175x_6x\inc" -O0 -g3 -Wall -c -fmessage-length=0 -fno-builtin -ffunction-sections -fdata-sections -mcpu=cortex-m3 -mthumb -specs=redlib.specs -MMD -MP -MF"src/Initializer.d" -MT"src/Initializer.o" -MT"src/Initializer.d" -o "src/Initializer.o" "../src/Initializer.c"
../src/Initializer.c: In function 'InitHardware':
../src/Initializer.c:7:2: warning: implicit declaration of function 'SYSTICK_InternalInit' [-Wimplicit-function-declaration]
  SYSTICK_InternalInit(100);     //Inicializo el System Tick para intervalos de 100ms
  ^
../src/Initializer.c:8:2: warning: implicit declaration of function 'SYSTICK_IntCmd' [-Wimplicit-function-declaration]
  SYSTICK_IntCmd(ENABLE);   //Habilito la interrupción  del System Tick
  ^
../src/Initializer.c:9:2: warning: implicit declaration of function 'SYSTICK_Cmd' [-Wimplicit-function-declaration]
  SYSTICK_Cmd(ENABLE);   //Habilito el System Tick Counter
  ^
../src/Initializer.c:12:5: warning: implicit declaration of function 'Board_I2C_Init' [-Wimplicit-function-declaration]
     Board_I2C_Init(I2C1);
     ^
../src/Initializer.c:23:2: warning: implicit declaration of function 'setup_SysTick_INT' [-Wimplicit-function-declaration]
  setup_SysTick_INT();
  ^
../src/Initializer.c: At top level:
../src/Initializer.c:5:13: warning: 'InitHardware' defined but not used [-Wunused-function]
 static void InitHardware(void)
             ^
Finished building: ../src/Initializer.c
 
Building file: ../src/MPU-6050.c
Invoking: MCU C Compiler
arm-none-eabi-gcc -DDEBUG -D__CODE_RED -DCORE_M3 -D__USE_LPCOPEN -DNO_BOARD_LIB -D__LPC17XX__ -D__REDLIB__ -I"D:\UTN - Apuntes\UTN 2015\PROYECTO\LPCXpresso_WorkSpace\MPU-6050\inc" -I"D:\UTN - Apuntes\UTN 2015\PROYECTO\LPCXpresso_WorkSpace\lpc_chip_175x_6x\inc" -O0 -g3 -Wall -c -fmessage-length=0 -fno-builtin -ffunction-sections -fdata-sections -mcpu=cortex-m3 -mthumb -specs=redlib.specs -MMD -MP -MF"src/MPU-6050.d" -MT"src/MPU-6050.o" -MT"src/MPU-6050.d" -o "src/MPU-6050.o" "../src/MPU-6050.c"
In file included from ../src/MPU-6050.c:14:0:
D:\UTN - Apuntes\UTN 2015\PROYECTO\LPCXpresso_WorkSpace\MPU-6050\inc/Initializer.h:6:13: warning: 'InitHardware' used but never defined
 static void InitHardware(void);
             ^
Finished building: ../src/MPU-6050.c
 
Building target: MPU-6050.axf
Invoking: MCU Linker
arm-none-eabi-gcc -nostdlib -L"D:\UTN - Apuntes\UTN 2015\PROYECTO\LPCXpresso_WorkSpace\lpc_chip_175x_6x\Debug" -Xlinker -Map="MPU-6050.map" -Xlinker --gc-sections -mcpu=cortex-m3 -mthumb -T "MPU-6050_Debug.ld" -o "MPU-6050.axf"  ./src/I2C_MPU.o ./src/Initializer.o ./src/MPU-6050.o ./src/MPU6050.o ./src/cr_startup_lpc175x_6x.o ./src/crp.o ./src/sysinit.o   -llpc_chip_175x_6x
./src/MPU-6050.o: In function `main':
D:\UTN - Apuntes\UTN 2015\PROYECTO\LPCXpresso_WorkSpace\MPU-6050\Debug/../src/MPU-6050.c:20: undefined reference to `InitHardware'
collect2.exe: error: ld returned 1 exit status
make: *** [MPU-6050.axf] Error 1
13:25:33 **** Incremental Build of configuration Debug for project lpc_chip_175x_6x ****
make -r all 
make: Nothing to be done for `all'.
13:25:36 **** Incremental Build of configuration Debug for project MPU-6050 ****
make -r all 
Building file: ../src/MPU-6050.c
Invoking: MCU C Compiler
arm-none-eabi-gcc -DDEBUG -D__CODE_RED -DCORE_M3 -D__USE_LPCOPEN -DNO_BOARD_LIB -D__LPC17XX__ -D__REDLIB__ -I"D:\UTN - Apuntes\UTN 2015\PROYECTO\LPCXpresso_WorkSpace\MPU-6050\inc" -I"D:\UTN - Apuntes\UTN 2015\PROYECTO\LPCXpresso_WorkSpace\lpc_chip_175x_6x\inc" -O0 -g3 -Wall -c -fmessage-length=0 -fno-builtin -ffunction-sections -fdata-sections -mcpu=cortex-m3 -mthumb -specs=redlib.specs -MMD -MP -MF"src/MPU-6050.d" -MT"src/MPU-6050.o" -MT"src/MPU-6050.d" -o "src/MPU-6050.o" "../src/MPU-6050.c"
In file included from ../src/MPU-6050.c:13:0:
D:\UTN - Apuntes\UTN 2015\PROYECTO\LPCXpresso_WorkSpace\MPU-6050\inc/Initializer.h:6:13: warning: 'InitHardware' used but never defined
 static void InitHardware(void);
             ^
Finished building: ../src/MPU-6050.c
 
Building target: MPU-6050.axf
Invoking: MCU Linker
arm-none-eabi-gcc -nostdlib -L"D:\UTN - Apuntes\UTN 2015\PROYECTO\LPCXpresso_WorkSpace\lpc_chip_175x_6x\Debug" -Xlinker -Map="MPU-6050.map" -Xlinker --gc-sections -mcpu=cortex-m3 -mthumb -T "MPU-6050_Debug.ld" -o "MPU-6050.axf"  ./src/I2C_MPU.o ./src/Initializer.o ./src/MPU-6050.o ./src/MPU6050.o ./src/cr_startup_lpc175x_6x.o ./src/crp.o ./src/sysinit.o   -llpc_chip_175x_6x
./src/MPU-6050.o: In function `main':
D:\UTN - Apuntes\UTN 2015\PROYECTO\LPCXpresso_WorkSpace\MPU-6050\Debug/../src/MPU-6050.c:19: undefined reference to `InitHardware'
collect2.exe: error: ld returned 1 exit status
make: *** [MPU-6050.axf] Error 1
13:25:58 **** Incremental Build of configuration Debug for project lpc_chip_175x_6x ****
make -r all 
make: Nothing to be done for `all'.
13:26:01 **** Incremental Build of configuration Debug for project MPU-6050 ****
make -r all 
Building file: ../src/Initializer.c
Invoking: MCU C Compiler
[...]
 
make --no-print-directory post-build
Performing post-build steps
arm-none-eabi-size "MPU-6050.axf"; # arm-none-eabi-objcopy -v -O binary "MPU-6050.axf" "MPU-6050.bin" ; # checksum -p LPC1769 -d "MPU-6050.bin";
   text	   data	    bss	    dec	    hex	filename
   5044	     84	    128	   5256	   1488	MPU-6050.axf
 
17:20:29 **** Incremental Build of configuration Debug for project MPU-6050 ****
make -r all 
make: Nothing to be done for `all'.
17:24:58 **** Incremental Build of configuration Debug for project lpc_chip_175x_6x ****
make -r all 
make: Nothing to be done for `all'.
17:25:01 **** Incremental Build of configuration Debug for project MPU-6050 ****
make -r all 
Building file: ../src/MPU-6050.c
Invoking: MCU C Compiler
arm-none-eabi-gcc -DDEBUG -D__CODE_RED -DCORE_M3 -D__USE_LPCOPEN -DNO_BOARD_LIB -D__LPC17XX__ -D__REDLIB__ -I"D:\UTN - Apuntes\UTN 2015\PROYECTO\LPCXpresso_WorkSpace\MPU-6050\inc" -I"D:\UTN - Apuntes\UTN 2015\PROYECTO\LPCXpresso_WorkSpace\lpc_chip_175x_6x\inc" -O0 -g3 -Wall -c -fmessage-length=0 -fno-builtin -ffunction-sections -fdata-sections -mcpu=cortex-m3 -mthumb -specs=redlib.specs -MMD -MP -MF"src/MPU-6050.d" -MT"src/MPU-6050.o" -MT"src/MPU-6050.d" -o "src/MPU-6050.o" "../src/MPU-6050.c"
Finished building: ../src/MPU-6050.c
 
Building target: MPU-6050.axf
Invoking: MCU Linker
arm-none-eabi-gcc -nostdlib -L"D:\UTN - Apuntes\UTN 2015\PROYECTO\LPCXpresso_WorkSpace\lpc_chip_175x_6x\Debug" -Xlinker -Map="MPU-6050.map" -Xlinker --gc-sections -mcpu=cortex-m3 -mthumb -T "MPU-6050_Debug.ld" -o "MPU-6050.axf"  ./src/I2C_MPU.o ./src/Initializer.o ./src/MPU-6050.o ./src/MPU6050.o ./src/cr_startup_lpc175x_6x.o ./src/crp.o ./src/sysinit.o   -llpc_chip_175x_6x
Finished building target: MPU-6050.axf
 
make --no-print-directory post-build
Performing post-build steps
arm-none-eabi-size "MPU-6050.axf"; # arm-none-eabi-objcopy -v -O binary "MPU-6050.axf" "MPU-6050.bin" ; # checksum -p LPC1769 -d "MPU-6050.bin";
   text	   data	    bss	    dec	    hex	filename
   5144	     84	    128	   5356	   14ec	MPU-6050.axf
 
17:25:11 **** Incremental Build of configuration Debug for project MPU-6050 ****
make -r all 
make: Nothing to be done for `all'.
17:29:35 **** Incremental Build of configuration Debug for project lpc_chip_175x_6x ****
make -r all 
make: Nothing to be done for `all'.
17:29:38 **** Incremental Build of configuration Debug for project MPU-6050 ****
make -r all 
Building file: ../src/MPU-6050.c
Invoking: MCU C Compiler
arm-none-eabi-gcc -DDEBUG -D__CODE_RED -DCORE_M3 -D__USE_LPCOPEN -DNO_BOARD_LIB -D__LPC17XX__ -D__REDLIB__ -I"D:\UTN - Apuntes\UTN 2015\PROYECTO\LPCXpresso_WorkSpace\MPU-6050\inc" -I"D:\UTN - Apuntes\UTN 2015\PROYECTO\LPCXpresso_WorkSpace\lpc_chip_175x_6x\inc" -O0 -g3 -Wall -c -fmessage-length=0 -fno-builtin -ffunction-sections -fdata-sections -mcpu=cortex-m3 -mthumb -specs=redlib.specs -MMD -MP -MF"src/MPU-6050.d" -MT"src/MPU-6050.o" -MT"src/MPU-6050.d" -o "src/MPU-6050.o" "../src/MPU-6050.c"
Finished building: ../src/MPU-6050.c
 
Building target: MPU-6050.axf
Invoking: MCU Linker
arm-none-eabi-gcc -nostdlib -L"D:\UTN - Apuntes\UTN 2015\PROYECTO\LPCXpresso_WorkSpace\lpc_chip_175x_6x\Debug" -Xlinker -Map="MPU-6050.map" -Xlinker --gc-sections -mcpu=cortex-m3 -mthumb -T "MPU-6050_Debug.ld" -o "MPU-6050.axf"  ./src/I2C_MPU.o ./src/Initializer.o ./src/MPU-6050.o ./src/MPU6050.o ./src/cr_startup_lpc175x_6x.o ./src/crp.o ./src/sysinit.o   -llpc_chip_175x_6x
Finished building target: MPU-6050.axf
 
make --no-print-directory post-build
Performing post-build steps
arm-none-eabi-size "MPU-6050.axf"; # arm-none-eabi-objcopy -v -O binary "MPU-6050.axf" "MPU-6050.bin" ; # checksum -p LPC1769 -d "MPU-6050.bin";
   text	   data	    bss	    dec	    hex	filename
   5044	     84	    128	   5256	   1488	MPU-6050.axf
 
17:29:53 **** Incremental Build of configuration Debug for project MPU-6050 ****
make -r all 
make: Nothing to be done for `all'.
18:13:19 **** Incremental Build of configuration Debug for project lpc_chip_175x_6x ****
make -r all 
make: Nothing to be done for `all'.
18:13:22 **** Incremental Build of configuration Debug for project MPU-6050 ****
make -r all 
Building file: ../src/MPU-6050.c
Invoking: MCU C Compiler
arm-none-eabi-gcc -DDEBUG -D__CODE_RED -DCORE_M3 -D__USE_LPCOPEN -DNO_BOARD_LIB -D__LPC17XX__ -D__REDLIB__ -I"D:\UTN - Apuntes\UTN 2015\PROYECTO\LPCXpresso_WorkSpace\MPU-6050\inc" -I"D:\UTN - Apuntes\UTN 2015\PROYECTO\LPCXpresso_WorkSpace\lpc_chip_175x_6x\inc" -O0 -g3 -Wall -c -fmessage-length=0 -fno-builtin -ffunction-sections -fdata-sections -mcpu=cortex-m3 -mthumb -specs=redlib.specs -MMD -MP -MF"src/MPU-6050.d" -MT"src/MPU-6050.o" -MT"src/MPU-6050.d" -o "src/MPU-6050.o" "../src/MPU-6050.c"
Finished building: ../src/MPU-6050.c
 
Building target: MPU-6050.axf
Invoking: MCU Linker
arm-none-eabi-gcc -nostdlib -L"D:\UTN - Apuntes\UTN 2015\PROYECTO\LPCXpresso_WorkSpace\lpc_chip_175x_6x\Debug" -Xlinker -Map="MPU-6050.map" -Xlinker --gc-sections -mcpu=cortex-m3 -mthumb -T "MPU-6050_Debug.ld" -o "MPU-6050.axf"  ./src/I2C_MPU.o ./src/Initializer.o ./src/MPU-6050.o ./src/MPU6050.o ./src/cr_startup_lpc175x_6x.o ./src/crp.o ./src/sysinit.o   -llpc_chip_175x_6x
Finished building target: MPU-6050.axf
 
make --no-print-directory post-build
Performing post-build steps
arm-none-eabi-size "MPU-6050.axf"; # arm-none-eabi-objcopy -v -O binary "MPU-6050.axf" "MPU-6050.bin" ; # checksum -p LPC1769 -d "MPU-6050.bin";
   text	   data	    bss	    dec	    hex	filename
   5036	     84	    128	   5248	   1480	MPU-6050.axf
 
18:13:50 **** Incremental Build of configuration Debug for project MPU-6050 ****
make -r all 
make: Nothing to be done for `all'.
17:16:57 **** Incremental Build of configuration Debug for project lpc_chip_175x_6x ****
make -r all 
make: Nothing to be done for `all'.
17:17:05 **** Incremental Build of configuration Debug for project MPU-6050 ****
make -r all 
Building file: ../src/MPU6050.c
Invoking: MCU C Compiler
arm-none-eabi-gcc -DDEBUG -D__CODE_RED -DCORE_M3 -D__USE_LPCOPEN -DNO_BOARD_LIB -D__LPC17XX__ -D__REDLIB__ -I"D:\UTN - Apuntes\UTN 2015\PROYECTO\LPCXpresso_WorkSpace\MPU-6050\inc" -I"D:\UTN - Apuntes\UTN 2015\PROYECTO\LPCXpresso_WorkSpace\lpc_chip_175x_6x\inc" -O0 -g3 -Wall -c -fmessage-length=0 -fno-builtin -ffunction-sections -fdata-sections -mcpu=cortex-m3 -mthumb -specs=redlib.specs -MMD -MP -MF"src/MPU6050.d" -MT"src/MPU6050.o" -MT"src/MPU6050.d" -o "src/MPU6050.o" "../src/MPU6050.c"
../src/MPU6050.c: In function 'reg_set_regs_inet':
../src/MPU6050.c:58:37: warning: unused variable 'i' [-Wunused-variable]
  uint16_t packet_count, fifo_count, i=0;
                                     ^
../src/MPU6050.c:58:25: warning: unused variable 'fifo_count' [-Wunused-variable]
  uint16_t packet_count, fifo_count, i=0;
                         ^
../src/MPU6050.c:58:11: warning: unused variable 'packet_count' [-Wunused-variable]
  uint16_t packet_count, fifo_count, i=0;
           ^
../src/MPU6050.c:56:12: warning: unused variable 'fifo_count_data' [-Wunused-variable]
  uint8_t * fifo_count_data = NULL;
            ^
Finished building: ../src/MPU6050.c
 
Building target: MPU-6050.axf
Invoking: MCU Linker
arm-none-eabi-gcc -nostdlib -L"D:\UTN - Apuntes\UTN 2015\PROYECTO\LPCXpresso_WorkSpace\lpc_chip_175x_6x\Debug" -Xlinker -Map="MPU-6050.map" -Xlinker --gc-sections -mcpu=cortex-m3 -mthumb -T "MPU-6050_Debug.ld" -o "MPU-6050.axf"  ./src/I2C_MPU.o ./src/Initializer.o ./src/MPU-6050.o ./src/MPU6050.o ./src/cr_startup_lpc175x_6x.o ./src/crp.o ./src/sysinit.o   -llpc_chip_175x_6x
Finished building target: MPU-6050.axf
 
make --no-print-directory post-build
Performing post-build steps
arm-none-eabi-size "MPU-6050.axf"; # arm-none-eabi-objcopy -v -O binary "MPU-6050.axf" "MPU-6050.bin" ; # checksum -p LPC1769 -d "MPU-6050.bin";
   text	   data	    bss	    dec	    hex	filename
   5020	     84	    128	   5232	   1470	MPU-6050.axf
 
17:18:47 **** Incremental Build of configuration Debug for project lpc_chip_175x_6x ****
make -r all 
make: Nothing to be done for `all'.
17:18:55 **** Incremental Build of configuration Debug for project MPU-6050 ****
make -r all 
Building file: ../src/MPU-6050.c
Invoking: MCU C Compiler
arm-none-eabi-gcc -DDEBUG -D__CODE_RED -DCORE_M3 -D__USE_LPCOPEN -DNO_BOARD_LIB -D__LPC17XX__ -D__REDLIB__ -I"D:\UTN - Apuntes\UTN 2015\PROYECTO\LPCXpresso_WorkSpace\MPU-6050\inc" -I"D:\UTN - Apuntes\UTN 2015\PROYECTO\LPCXpresso_WorkSpace\lpc_chip_175x_6x\inc" -O0 -g3 -Wall -c -fmessage-length=0 -fno-builtin -ffunction-sections -fdata-sections -mcpu=cortex-m3 -mthumb -specs=redlib.specs -MMD -MP -MF"src/MPU-6050.d" -MT"src/MPU-6050.o" -MT"src/MPU-6050.d" -o "src/MPU-6050.o" "../src/MPU-6050.c"
Finished building: ../src/MPU-6050.c
 
Building target: MPU-6050.axf
Invoking: MCU Linker
arm-none-eabi-gcc -nostdlib -L"D:\UTN - Apuntes\UTN 2015\PROYECTO\LPCXpresso_WorkSpace\lpc_chip_175x_6x\Debug" -Xlinker -Map="MPU-6050.map" -Xlinker --gc-sections -mcpu=cortex-m3 -mthumb -T "MPU-6050_Debug.ld" -o "MPU-6050.axf"  ./src/I2C_MPU.o ./src/Initializer.o ./src/MPU-6050.o ./src/MPU6050.o ./src/cr_startup_lpc175x_6x.o ./src/crp.o ./src/sysinit.o   -llpc_chip_175x_6x
Finished building target: MPU-6050.axf
 
make --no-print-directory post-build
Performing post-build steps
arm-none-eabi-size "MPU-6050.axf"; # arm-none-eabi-objcopy -v -O binary "MPU-6050.axf" "MPU-6050.bin" ; # checksum -p LPC1769 -d "MPU-6050.bin";
   text	   data	    bss	    dec	    hex	filename
   4936	     84	    128	   5148	   141c	MPU-6050.axf
 
17:19:29 **** Incremental Build of configuration Debug for project MPU-6050 ****
make -r all 
make: Nothing to be done for `all'.
17:23:05 **** Incremental Build of configuration Debug for project lpc_chip_175x_6x ****
make -r all 
make: Nothing to be done for `all'.
17:23:13 **** Incremental Build of configuration Debug for project MPU-6050 ****
make -r all 
Building file: ../src/MPU-6050.c
Invoking: MCU C Compiler
arm-none-eabi-gcc -DDEBUG -D__CODE_RED -DCORE_M3 -D__USE_LPCOPEN -DNO_BOARD_LIB -D__LPC17XX__ -D__REDLIB__ -I"D:\UTN - Apuntes\UTN 2015\PROYECTO\LPCXpresso_WorkSpace\MPU-6050\inc" -I"D:\UTN - Apuntes\UTN 2015\PROYECTO\LPCXpresso_WorkSpace\lpc_chip_175x_6x\inc" -O0 -g3 -Wall -c -fmessage-length=0 -fno-builtin -ffunction-sections -fdata-sections -mcpu=cortex-m3 -mthumb -specs=redlib.specs -MMD -MP -MF"src/MPU-6050.d" -MT"src/MPU-6050.o" -MT"src/MPU-6050.d" -o "src/MPU-6050.o" "../src/MPU-6050.c"
../src/MPU-6050.c: In function 'main':
../src/MPU-6050.c:25:11: warning: variable 'CuentaFIFO' set but not used [-Wunused-but-set-variable]
  uint32_t CuentaFIFO=0;
           ^
Finished building: ../src/MPU-6050.c
 
Building target: MPU-6050.axf
Invoking: MCU Linker
arm-none-eabi-gcc -nostdlib -L"D:\UTN - Apuntes\UTN 2015\PROYECTO\LPCXpresso_WorkSpace\lpc_chip_175x_6x\Debug" -Xlinker -Map="MPU-6050.map" -Xlinker --gc-sections -mcpu=cortex-m3 -mthumb -T "MPU-6050_Debug.ld" -o "MPU-6050.axf"  ./src/I2C_MPU.o ./src/Initializer.o ./src/MPU-6050.o ./src/MPU6050.o ./src/cr_startup_lpc175x_6x.o ./src/crp.o ./src/sysinit.o   -llpc_chip_175x_6x
Finished building target: MPU-6050.axf
 
make --no-print-directory post-build
Performing post-build steps
arm-none-eabi-size "MPU-6050.axf"; # arm-none-eabi-objcopy -v -O binary "MPU-6050.axf" "MPU-6050.bin" ; # checksum -p LPC1769 -d "MPU-6050.bin";
   text	   data	    bss	    dec	    hex	filename
   4932	     84	      8	   5024	   13a0	MPU-6050.axf
 
17:23:48 **** Incremental Build of configuration Debug for project MPU-6050 ****
make -r all 
make: Nothing to be done for `all'.
17:27:47 **** Incremental Build of configuration Debug for project lpc_chip_175x_6x ****
make -r all 
make: Nothing to be done for `all'.
17:27:54 **** Incremental Build of configuration Debug for project MPU-6050 ****
make -r all 
Building file: ../src/MPU6050.c
Invoking: MCU C Compiler
arm-none-eabi-gcc -DDEBUG -D__CODE_RED -DCORE_M3 -D__USE_LPCOPEN -DNO_BOARD_LIB -D__LPC17XX__ -D__REDLIB__ -I"D:\UTN - Apuntes\UTN 2015\PROYECTO\LPCXpresso_WorkSpace\MPU-6050\inc" -I"D:\UTN - Apuntes\UTN 2015\PROYECTO\LPCXpresso_WorkSpace\lpc_chip_175x_6x\inc" -O0 -g3 -Wall -c -fmessage-length=0 -fno-builtin -ffunction-sections -fdata-sections -mcpu=cortex-m3 -mthumb -specs=redlib.specs -MMD -MP -MF"src/MPU6050.d" -MT"src/MPU6050.o" -MT"src/MPU6050.d" -o "src/MPU6050.o" "../src/MPU6050.c"
../src/MPU6050.c: In function 'reg_set_regs_inet':
../src/MPU6050.c:58:37: warning: unused variable 'i' [-Wunused-variable]
  uint16_t packet_count, fifo_count, i=0;
                                     ^
../src/MPU6050.c:58:25: warning: unused variable 'fifo_count' [-Wunused-variable]
  uint16_t packet_count, fifo_count, i=0;
                         ^
../src/MPU6050.c:58:11: warning: unused variable 'packet_count' [-Wunused-variable]
  uint16_t packet_count, fifo_count, i=0;
           ^
../src/MPU6050.c:56:12: warning: unused variable 'fifo_count_data' [-Wunused-variable]
  uint8_t * fifo_count_data = NULL;
            ^
Finished building: ../src/MPU6050.c
 
Building target: MPU-6050.axf
Invoking: MCU Linker
arm-none-eabi-gcc -nostdlib -L"D:\UTN - Apuntes\UTN 2015\PROYECTO\LPCXpresso_WorkSpace\lpc_chip_175x_6x\Debug" -Xlinker -Map="MPU-6050.map" -Xlinker --gc-sections -mcpu=cortex-m3 -mthumb -T "MPU-6050_Debug.ld" -o "MPU-6050.axf"  ./src/I2C_MPU.o ./src/Initializer.o ./src/MPU-6050.o ./src/MPU6050.o ./src/cr_startup_lpc175x_6x.o ./src/crp.o ./src/sysinit.o   -llpc_chip_175x_6x
Finished building target: MPU-6050.axf
 
make --no-print-directory post-build
Performing post-build steps
arm-none-eabi-size "MPU-6050.axf"; # arm-none-eabi-objcopy -v -O binary "MPU-6050.axf" "MPU-6050.bin" ; # checksum -p LPC1769 -d "MPU-6050.bin";
   text	   data	    bss	    dec	    hex	filename
   4932	     84	      8	   5024	   13a0	MPU-6050.axf
 
17:28:15 **** Incremental Build of configuration Debug for project MPU-6050 ****
make -r all 
make: Nothing to be done for `all'.
17:32:26 **** Incremental Build of configuration Debug for project lpc_chip_175x_6x ****
make -r all 
make: Nothing to be done for `all'.
17:32:33 **** Incremental Build of configuration Debug for project MPU-6050 ****
make -r all 
Building file: ../src/MPU6050.c
Invoking: MCU C Compiler
arm-none-eabi-gcc -DDEBUG -D__CODE_RED -DCORE_M3 -D__USE_LPCOPEN -DNO_BOARD_LIB -D__LPC17XX__ -D__REDLIB__ -I"D:\UTN - Apuntes\UTN 2015\PROYECTO\LPCXpresso_WorkSpace\MPU-6050\inc" -I"D:\UTN - Apuntes\UTN 2015\PROYECTO\LPCXpresso_WorkSpace\lpc_chip_175x_6x\inc" -O0 -g3 -Wall -c -fmessage-length=0 -fno-builtin -ffunction-sections -fdata-sections -mcpu=cortex-m3 -mthumb -specs=redlib.specs -MMD -MP -MF"src/MPU6050.d" -MT"src/MPU6050.o" -MT"src/MPU6050.d" -o "src/MPU6050.o" "../src/MPU6050.c"
../src/MPU6050.c: In function 'reg_set_regs_inet':
../src/MPU6050.c:58:37: warning: unused variable 'i' [-Wunused-variable]
  uint16_t packet_count, fifo_count, i=0;
                                     ^
../src/MPU6050.c:58:25: warning: unused variable 'fifo_count' [-Wunused-variable]
  uint16_t packet_count, fifo_count, i=0;
                         ^
../src/MPU6050.c:58:11: warning: unused variable 'packet_count' [-Wunused-variable]
  uint16_t packet_count, fifo_count, i=0;
           ^
../src/MPU6050.c:56:12: warning: unused variable 'fifo_count_data' [-Wunused-variable]
  uint8_t * fifo_count_data = NULL;
            ^
Finished building: ../src/MPU6050.c
 
Building target: MPU-6050.axf
Invoking: MCU Linker
arm-none-eabi-gcc -nostdlib -L"D:\UTN - Apuntes\UTN 2015\PROYECTO\LPCXpresso_WorkSpace\lpc_chip_175x_6x\Debug" -Xlinker -Map="MPU-6050.map" -Xlinker --gc-sections -mcpu=cortex-m3 -mthumb -T "MPU-6050_Debug.ld" -o "MPU-6050.axf"  ./src/I2C_MPU.o ./src/Initializer.o ./src/MPU-6050.o ./src/MPU6050.o ./src/cr_startup_lpc175x_6x.o ./src/crp.o ./src/sysinit.o   -llpc_chip_175x_6x
Finished building target: MPU-6050.axf
 
make --no-print-directory post-build
Performing post-build steps
arm-none-eabi-size "MPU-6050.axf"; # arm-none-eabi-objcopy -v -O binary "MPU-6050.axf" "MPU-6050.bin" ; # checksum -p LPC1769 -d "MPU-6050.bin";
   text	   data	    bss	    dec	    hex	filename
   4932	     84	      8	   5024	   13a0	MPU-6050.axf
 
17:32:55 **** Incremental Build of configuration Debug for project MPU-6050 ****
make -r all 
make: Nothing to be done for `all'.
17:34:58 **** Incremental Build of configuration Debug for project lpc_chip_175x_6x ****
make -r all 
make: Nothing to be done for `all'.
17:35:05 **** Incremental Build of configuration Debug for project MPU-6050 ****
make -r all 
Building file: ../src/MPU-6050.c
Invoking: MCU C Compiler
arm-none-eabi-gcc -DDEBUG -D__CODE_RED -DCORE_M3 -D__USE_LPCOPEN -DNO_BOARD_LIB -D__LPC17XX__ -D__REDLIB__ -I"D:\UTN - Apuntes\UTN 2015\PROYECTO\LPCXpresso_WorkSpace\MPU-6050\inc" -I"D:\UTN - Apuntes\UTN 2015\PROYECTO\LPCXpresso_WorkSpace\lpc_chip_175x_6x\inc" -O0 -g3 -Wall -c -fmessage-length=0 -fno-builtin -ffunction-sections -fdata-sections -mcpu=cortex-m3 -mthumb -specs=redlib.specs -MMD -MP -MF"src/MPU-6050.d" -MT"src/MPU-6050.o" -MT"src/MPU-6050.d" -o "src/MPU-6050.o" "../src/MPU-6050.c"
../src/MPU-6050.c: In function 'main':
../src/MPU-6050.c:25:11: warning: unused variable 'CuentaFIFO' [-Wunused-variable]
  uint32_t CuentaFIFO=0;
           ^
Finished building: ../src/MPU-6050.c
 
Building target: MPU-6050.axf
Invoking: MCU Linker
arm-none-eabi-gcc -nostdlib -L"D:\UTN - Apuntes\UTN 2015\PROYECTO\LPCXpresso_WorkSpace\lpc_chip_175x_6x\Debug" -Xlinker -Map="MPU-6050.map" -Xlinker --gc-sections -mcpu=cortex-m3 -mthumb -T "MPU-6050_Debug.ld" -o "MPU-6050.axf"  ./src/I2C_MPU.o ./src/Initializer.o ./src/MPU-6050.o ./src/MPU6050.o ./src/cr_startup_lpc175x_6x.o ./src/crp.o ./src/sysinit.o   -llpc_chip_175x_6x
Finished building target: MPU-6050.axf
 
make --no-print-directory post-build
Performing post-build steps
arm-none-eabi-size "MPU-6050.axf"; # arm-none-eabi-objcopy -v -O binary "MPU-6050.axf" "MPU-6050.bin" ; # checksum -p LPC1769 -d "MPU-6050.bin";
   text	   data	    bss	    dec	    hex	filename
   4880	     84	    128	   5092	   13e4	MPU-6050.axf
 
17:35:37 **** Incremental Build of configuration Debug for project lpc_chip_175x_6x ****
make -r all 
make: Nothing to be done for `all'.
17:35:44 **** Incremental Build of configuration Debug for project MPU-6050 ****
make -r all 
Building file: ../src/MPU-6050.c
Invoking: MCU C Compiler
arm-none-eabi-gcc -DDEBUG -D__CODE_RED -DCORE_M3 -D__USE_LPCOPEN -DNO_BOARD_LIB -D__LPC17XX__ -D__REDLIB__ -I"D:\UTN - Apuntes\UTN 2015\PROYECTO\LPCXpresso_WorkSpace\MPU-6050\inc" -I"D:\UTN - Apuntes\UTN 2015\PROYECTO\LPCXpresso_WorkSpace\lpc_chip_175x_6x\inc" -O0 -g3 -Wall -c -fmessage-length=0 -fno-builtin -ffunction-sections -fdata-sections -mcpu=cortex-m3 -mthumb -specs=redlib.specs -MMD -MP -MF"src/MPU-6050.d" -MT"src/MPU-6050.o" -MT"src/MPU-6050.d" -o "src/MPU-6050.o" "../src/MPU-6050.c"
../src/MPU-6050.c: In function 'main':
../src/MPU-6050.c:25:11: warning: unused variable 'CuentaFIFO' [-Wunused-variable]
  uint32_t CuentaFIFO=0;
           ^
Finished building: ../src/MPU-6050.c
 
Building target: MPU-6050.axf
Invoking: MCU Linker
arm-none-eabi-gcc -nostdlib -L"D:\UTN - Apuntes\UTN 2015\PROYECTO\LPCXpresso_WorkSpace\lpc_chip_175x_6x\Debug" -Xlinker -Map="MPU-6050.map" -Xlinker --gc-sections -mcpu=cortex-m3 -mthumb -T "MPU-6050_Debug.ld" -o "MPU-6050.axf"  ./src/I2C_MPU.o ./src/Initializer.o ./src/MPU-6050.o ./src/MPU6050.o ./src/cr_startup_lpc175x_6x.o ./src/crp.o ./src/sysinit.o   -llpc_chip_175x_6x
Finished building target: MPU-6050.axf
 
make --no-print-directory post-build
Performing post-build steps
arm-none-eabi-size "MPU-6050.axf"; # arm-none-eabi-objcopy -v -O binary "MPU-6050.axf" "MPU-6050.bin" ; # checksum -p LPC1769 -d "MPU-6050.bin";
   text	   data	    bss	    dec	    hex	filename
   5024	     84	    128	   5236	   1474	MPU-6050.axf
 
17:35:59 **** Incremental Build of configuration Debug for project MPU-6050 ****
make -r all 
make: Nothing to be done for `all'.
