14:46:31 **** Build of configuration Debug for project LPCOpen_PWMx4-Motor ****
make -r all 
Building file: ../src/LPCOpen_PWMx4-Motor.c
Invoking: MCU C Compiler
arm-none-eabi-gcc -DDEBUG -D__CODE_RED -DCORE_M3 -D__USE_LPCOPEN -D__LPC17XX__ -D__REDLIB__ -I"D:\UTN - Apuntes\UTN 2015\PROYECTO\LPCXpresso_WorkSpace\lpc_board_nxp_lpcxpresso_1769\inc" -I"D:\UTN - Apuntes\UTN 2015\PROYECTO\LPCXpresso_WorkSpace\lpc_chip_175x_6x\inc" -O0 -g3 -Wall -c -fmessage-length=0 -fno-builtin -ffunction-sections -fdata-sections -mcpu=cortex-m3 -mthumb -specs=redlib.specs -MMD -MP -MF"src/LPCOpen_PWMx4-Motor.d" -MT"src/LPCOpen_PWMx4-Motor.o" -MT"src/LPCOpen_PWMx4-Motor.d" -o "src/LPCOpen_PWMx4-Motor.o" "../src/LPCOpen_PWMx4-Motor.c"
Finished building: ../src/LPCOpen_PWMx4-Motor.c
 
Building file: ../src/cr_startup_lpc175x_6x.c
Invoking: MCU C Compiler
arm-none-eabi-gcc -DDEBUG -D__CODE_RED -DCORE_M3 -D__USE_LPCOPEN -D__LPC17XX__ -D__REDLIB__ -I"D:\UTN - Apuntes\UTN 2015\PROYECTO\LPCXpresso_WorkSpace\lpc_board_nxp_lpcxpresso_1769\inc" -I"D:\UTN - Apuntes\UTN 2015\PROYECTO\LPCXpresso_WorkSpace\lpc_chip_175x_6x\inc" -O0 -g3 -Wall -c -fmessage-length=0 -fno-builtin -ffunction-sections -fdata-sections -mcpu=cortex-m3 -mthumb -specs=redlib.specs -MMD -MP -MF"src/cr_startup_lpc175x_6x.d" -MT"src/cr_startup_lpc175x_6x.o" -MT"src/cr_startup_lpc175x_6x.d" -o "src/cr_startup_lpc175x_6x.o" "../src/cr_startup_lpc175x_6x.c"
Finished building: ../src/cr_startup_lpc175x_6x.c
 
Building file: ../src/crp.c
Invoking: MCU C Compiler
arm-none-eabi-gcc -DDEBUG -D__CODE_RED -DCORE_M3 -D__USE_LPCOPEN -D__LPC17XX__ -D__REDLIB__ -I"D:\UTN - Apuntes\UTN 2015\PROYECTO\LPCXpresso_WorkSpace\lpc_board_nxp_lpcxpresso_1769\inc" -I"D:\UTN - Apuntes\UTN 2015\PROYECTO\LPCXpresso_WorkSpace\lpc_chip_175x_6x\inc" -O0 -g3 -Wall -c -fmessage-length=0 -fno-builtin -ffunction-sections -fdata-sections -mcpu=cortex-m3 -mthumb -specs=redlib.specs -MMD -MP -MF"src/crp.d" -MT"src/crp.o" -MT"src/crp.d" -o "src/crp.o" "../src/crp.c"
Finished building: ../src/crp.c
 
Building file: ../src/sysinit.c
Invoking: MCU C Compiler
arm-none-eabi-gcc -DDEBUG -D__CODE_RED -DCORE_M3 -D__USE_LPCOPEN -D__LPC17XX__ -D__REDLIB__ -I"D:\UTN - Apuntes\UTN 2015\PROYECTO\LPCXpresso_WorkSpace\lpc_board_nxp_lpcxpresso_1769\inc" -I"D:\UTN - Apuntes\UTN 2015\PROYECTO\LPCXpresso_WorkSpace\lpc_chip_175x_6x\inc" -O0 -g3 -Wall -c -fmessage-length=0 -fno-builtin -ffunction-sections -fdata-sections -mcpu=cortex-m3 -mthumb -specs=redlib.specs -MMD -MP -MF"src/sysinit.d" -MT"src/sysinit.o" -MT"src/sysinit.d" -o "src/sysinit.o" "../src/sysinit.c"
Finished building: ../src/sysinit.c
 
Building target: LPCOpen_PWMx4-Motor.axf
Invoking: MCU Linker
arm-none-eabi-gcc -nostdlib -L"D:\UTN - Apuntes\UTN 2015\PROYECTO\LPCXpresso_WorkSpace\lpc_board_nxp_lpcxpresso_1769\Debug" -L"D:\UTN - Apuntes\UTN 2015\PROYECTO\LPCXpresso_WorkSpace\lpc_chip_175x_6x\Debug" -Xlinker -Map="LPCOpen_PWMx4-Motor.map" -Xlinker --gc-sections -mcpu=cortex-m3 -mthumb -T "LPCOpen_PWMx4-Motor_Debug.ld" -o "LPCOpen_PWMx4-Motor.axf"  ./src/LPCOpen_PWMx4-Motor.o ./src/cr_startup_lpc175x_6x.o ./src/crp.o ./src/sysinit.o   -llpc_board_nxp_lpcxpresso_1769 -llpc_chip_175x_6x
Finished building target: LPCOpen_PWMx4-Motor.axf
 
make --no-print-directory post-build
Performing post-build steps
arm-none-eabi-size "LPCOpen_PWMx4-Motor.axf" ; arm-none-eabi-objcopy -v -O binary "LPCOpen_PWMx4-Motor.axf" "LPCOpen_PWMx4-Motor.bin" ; checksum -p LPC1769 -d "LPCOpen_PWMx4-Motor.bin" ; arm-none-eabi-objcopy -I binary "LPCOpen_PWMx4-Motor.bin" -O ihex "LPCOpen_PWMx4-Motor.hex"
   text	   data	    bss	    dec	    hex	filename
   7020	    156	     76	   7252	   1c54	LPCOpen_PWMx4-Motor.axf
copy from `LPCOpen_PWMx4-Motor.axf' [elf32-littlearm] to `LPCOpen_PWMx4-Motor.bin' [binary]
Created checksum 0xefff74b2 at offset 0x1c in file LPCOpen_PWMx4-Motor.bin 

14:46:33 Build Finished (took 1s.459ms)

