14:46:19 **** Build of configuration Debug for project Prueba_RF_TX ****
make -r all 
Building file: ../src/Prueba_RF_TX.c
Invoking: MCU C Compiler
arm-none-eabi-gcc -DDEBUG -D__CODE_RED -DCORE_M3 -D__USE_LPCOPEN -DNO_BOARD_LIB -D__LPC17XX__ -D__REDLIB__ -I"D:\UTN - Apuntes\UTN 2015\PROYECTO\LPCXpresso_WorkSpace\lpc_chip_175x_6x\inc" -O0 -g3 -Wall -c -fmessage-length=0 -fno-builtin -ffunction-sections -fdata-sections -mcpu=cortex-m3 -mthumb -specs=redlib.specs -MMD -MP -MF"src/Prueba_RF_TX.d" -MT"src/Prueba_RF_TX.o" -MT"src/Prueba_RF_TX.d" -o "src/Prueba_RF_TX.o" "../src/Prueba_RF_TX.c"
../src/Prueba_RF_TX.c: In function 'main':
../src/Prueba_RF_TX.c:18:117: warning: unused variable 'led_down' [-Wunused-variable]
  uint8_t flag=0,led_on[4]={0xAA,0xBB,0xCC,0xDD}, led_off[4]={0xEE,0xFF,0x01,0x23}, led_up[4]={0x01,0x23,0x45,0x67}, led_down[4]={0x76,0x54,0x32,0x10};// i=0xFF;
                                                                                                                     ^
../src/Prueba_RF_TX.c:18:84: warning: unused variable 'led_up' [-Wunused-variable]
  uint8_t flag=0,led_on[4]={0xAA,0xBB,0xCC,0xDD}, led_off[4]={0xEE,0xFF,0x01,0x23}, led_up[4]={0x01,0x23,0x45,0x67}, led_down[4]={0x76,0x54,0x32,0x10};// i=0xFF;
                                                                                    ^
../src/Prueba_RF_TX.c:18:10: warning: unused variable 'flag' [-Wunused-variable]
  uint8_t flag=0,led_on[4]={0xAA,0xBB,0xCC,0xDD}, led_off[4]={0xEE,0xFF,0x01,0x23}, led_up[4]={0x01,0x23,0x45,0x67}, led_down[4]={0x76,0x54,0x32,0x10};// i=0xFF;
          ^
Finished building: ../src/Prueba_RF_TX.c
 
Building file: ../src/RF24.c
Invoking: MCU C Compiler
arm-none-eabi-gcc -DDEBUG -D__CODE_RED -DCORE_M3 -D__USE_LPCOPEN -DNO_BOARD_LIB -D__LPC17XX__ -D__REDLIB__ -I"D:\UTN - Apuntes\UTN 2015\PROYECTO\LPCXpresso_WorkSpace\lpc_chip_175x_6x\inc" -O0 -g3 -Wall -c -fmessage-length=0 -fno-builtin -ffunction-sections -fdata-sections -mcpu=cortex-m3 -mthumb -specs=redlib.specs -MMD -MP -MF"src/RF24.d" -MT"src/RF24.o" -MT"src/RF24.d" -o "src/RF24.o" "../src/RF24.c"
Finished building: ../src/RF24.c
 
Building file: ../src/SPI_RF.c
Invoking: MCU C Compiler
arm-none-eabi-gcc -DDEBUG -D__CODE_RED -DCORE_M3 -D__USE_LPCOPEN -DNO_BOARD_LIB -D__LPC17XX__ -D__REDLIB__ -I"D:\UTN - Apuntes\UTN 2015\PROYECTO\LPCXpresso_WorkSpace\lpc_chip_175x_6x\inc" -O0 -g3 -Wall -c -fmessage-length=0 -fno-builtin -ffunction-sections -fdata-sections -mcpu=cortex-m3 -mthumb -specs=redlib.specs -MMD -MP -MF"src/SPI_RF.d" -MT"src/SPI_RF.o" -MT"src/SPI_RF.d" -o "src/SPI_RF.o" "../src/SPI_RF.c"
Finished building: ../src/SPI_RF.c
 
Building file: ../src/cr_startup_lpc175x_6x.c
Invoking: MCU C Compiler
arm-none-eabi-gcc -DDEBUG -D__CODE_RED -DCORE_M3 -D__USE_LPCOPEN -DNO_BOARD_LIB -D__LPC17XX__ -D__REDLIB__ -I"D:\UTN - Apuntes\UTN 2015\PROYECTO\LPCXpresso_WorkSpace\lpc_chip_175x_6x\inc" -O0 -g3 -Wall -c -fmessage-length=0 -fno-builtin -ffunction-sections -fdata-sections -mcpu=cortex-m3 -mthumb -specs=redlib.specs -MMD -MP -MF"src/cr_startup_lpc175x_6x.d" -MT"src/cr_startup_lpc175x_6x.o" -MT"src/cr_startup_lpc175x_6x.d" -o "src/cr_startup_lpc175x_6x.o" "../src/cr_startup_lpc175x_6x.c"
Finished building: ../src/cr_startup_lpc175x_6x.c
 
Building file: ../src/crp.c
Invoking: MCU C Compiler
arm-none-eabi-gcc -DDEBUG -D__CODE_RED -DCORE_M3 -D__USE_LPCOPEN -DNO_BOARD_LIB -D__LPC17XX__ -D__REDLIB__ -I"D:\UTN - Apuntes\UTN 2015\PROYECTO\LPCXpresso_WorkSpace\lpc_chip_175x_6x\inc" -O0 -g3 -Wall -c -fmessage-length=0 -fno-builtin -ffunction-sections -fdata-sections -mcpu=cortex-m3 -mthumb -specs=redlib.specs -MMD -MP -MF"src/crp.d" -MT"src/crp.o" -MT"src/crp.d" -o "src/crp.o" "../src/crp.c"
Finished building: ../src/crp.c
 
Building file: ../src/sysinit.c
Invoking: MCU C Compiler
arm-none-eabi-gcc -DDEBUG -D__CODE_RED -DCORE_M3 -D__USE_LPCOPEN -DNO_BOARD_LIB -D__LPC17XX__ -D__REDLIB__ -I"D:\UTN - Apuntes\UTN 2015\PROYECTO\LPCXpresso_WorkSpace\lpc_chip_175x_6x\inc" -O0 -g3 -Wall -c -fmessage-length=0 -fno-builtin -ffunction-sections -fdata-sections -mcpu=cortex-m3 -mthumb -specs=redlib.specs -MMD -MP -MF"src/sysinit.d" -MT"src/sysinit.o" -MT"src/sysinit.d" -o "src/sysinit.o" "../src/sysinit.c"
Finished building: ../src/sysinit.c
 
Building target: Prueba_RF_TX.axf
Invoking: MCU Linker
arm-none-eabi-gcc -nostdlib -L"D:\UTN - Apuntes\UTN 2015\PROYECTO\LPCXpresso_WorkSpace\lpc_chip_175x_6x\Debug" -Xlinker -Map="Prueba_RF_TX.map" -Xlinker --gc-sections -mcpu=cortex-m3 -mthumb -T "Prueba_RF_TX_Debug.ld" -o "Prueba_RF_TX.axf"  ./src/Prueba_RF_TX.o ./src/RF24.o ./src/SPI_RF.o ./src/cr_startup_lpc175x_6x.o ./src/crp.o ./src/sysinit.o   -llpc_chip_175x_6x
Finished building target: Prueba_RF_TX.axf
 
make --no-print-directory post-build
Performing post-build steps
arm-none-eabi-size "Prueba_RF_TX.axf"; # arm-none-eabi-objcopy -v -O binary "Prueba_RF_TX.axf" "Prueba_RF_TX.bin" ; # checksum -p LPC1769 -d "Prueba_RF_TX.bin";
   text	   data	    bss	    dec	    hex	filename
   6420	      0	     24	   6444	   192c	Prueba_RF_TX.axf
 

14:46:21 Build Finished (took 1s.710ms)

