Archive member included because of file (symbol)

D:\UTN - Apuntes\UTN 2015\PROYECTO\LPCXpresso_WorkSpace\lpc_chip_175x_6x\Debug\liblpc_chip_175x_6x.a(chip_17xx_40xx.o)
                              ./src/Initializer.o (SystemCoreClock)
D:\UTN - Apuntes\UTN 2015\PROYECTO\LPCXpresso_WorkSpace\lpc_chip_175x_6x\Debug\liblpc_chip_175x_6x.a(clock_17xx_40xx.o)
                              D:\UTN - Apuntes\UTN 2015\PROYECTO\LPCXpresso_WorkSpace\lpc_chip_175x_6x\Debug\liblpc_chip_175x_6x.a(chip_17xx_40xx.o) (Chip_Clock_EnablePLL)
D:\UTN - Apuntes\UTN 2015\PROYECTO\LPCXpresso_WorkSpace\lpc_chip_175x_6x\Debug\liblpc_chip_175x_6x.a(i2c_17xx_40xx.o)
                              ./src/I2C_MPU.o (Chip_I2C_EventHandlerPolling)
D:\UTN - Apuntes\UTN 2015\PROYECTO\LPCXpresso_WorkSpace\lpc_chip_175x_6x\Debug\liblpc_chip_175x_6x.a(iocon_17xx_40xx.o)
                              ./src/I2C_MPU.o (Chip_IOCON_PinMux)
D:\UTN - Apuntes\UTN 2015\PROYECTO\LPCXpresso_WorkSpace\lpc_chip_175x_6x\Debug\liblpc_chip_175x_6x.a(sysinit_17xx_40xx.o)
                              ./src/Initializer.o (Chip_SetupXtalClocking)
c:/nxp/lpcxpresso_7.7.2_379/lpcxpresso/tools/bin/../lib/gcc/arm-none-eabi/4.9.3/../../../../arm-none-eabi/lib/armv7-m\libcr_c.a(__weak__main.o)
                              ./src/cr_startup_lpc175x_6x.o (__main)

Allocating common symbols
Common symbol       size              file

SystemCoreClock     0x4               D:\UTN - Apuntes\UTN 2015\PROYECTO\LPCXpresso_WorkSpace\lpc_chip_175x_6x\Debug\liblpc_chip_175x_6x.a(chip_17xx_40xx.o)
SysTickCnt          0x4               ./src/MPU-6050.o

Discarded input sections

 .group         0x00000000        0x8 ./src/I2C_MPU.o
 .group         0x00000000        0x8 ./src/I2C_MPU.o
 .group         0x00000000        0x8 ./src/I2C_MPU.o
 .group         0x00000000        0x8 ./src/I2C_MPU.o
 .group         0x00000000        0x8 ./src/I2C_MPU.o
 .group         0x00000000        0x8 ./src/I2C_MPU.o
 .group         0x00000000        0x8 ./src/I2C_MPU.o
 .group         0x00000000        0x8 ./src/I2C_MPU.o
 .group         0x00000000        0x8 ./src/I2C_MPU.o
 .group         0x00000000        0x8 ./src/I2C_MPU.o
 .group         0x00000000        0x8 ./src/I2C_MPU.o
 .group         0x00000000        0x8 ./src/I2C_MPU.o
 .group         0x00000000        0x8 ./src/I2C_MPU.o
 .group         0x00000000        0x8 ./src/I2C_MPU.o
 .group         0x00000000        0x8 ./src/I2C_MPU.o
 .group         0x00000000        0x8 ./src/I2C_MPU.o
 .group         0x00000000        0x8 ./src/I2C_MPU.o
 .group         0x00000000        0x8 ./src/I2C_MPU.o
 .group         0x00000000        0x8 ./src/I2C_MPU.o
 .group         0x00000000        0x8 ./src/I2C_MPU.o
 .group         0x00000000        0x8 ./src/I2C_MPU.o
 .group         0x00000000        0x8 ./src/I2C_MPU.o
 .group         0x00000000        0x8 ./src/I2C_MPU.o
 .group         0x00000000        0x8 ./src/I2C_MPU.o
 .group         0x00000000        0x8 ./src/I2C_MPU.o
 .group         0x00000000        0x8 ./src/I2C_MPU.o
 .group         0x00000000        0x8 ./src/I2C_MPU.o
 .group         0x00000000        0x8 ./src/I2C_MPU.o
 .group         0x00000000        0x8 ./src/I2C_MPU.o
 .group         0x00000000        0x8 ./src/I2C_MPU.o
 .group         0x00000000        0x8 ./src/I2C_MPU.o
 .group         0x00000000        0x8 ./src/I2C_MPU.o
 .group         0x00000000        0x8 ./src/I2C_MPU.o
 .group         0x00000000        0x8 ./src/I2C_MPU.o
 .group         0x00000000        0x8 ./src/I2C_MPU.o
 .group         0x00000000        0x8 ./src/I2C_MPU.o
 .text          0x00000000        0x0 ./src/I2C_MPU.o
 .data          0x00000000        0x0 ./src/I2C_MPU.o
 .bss           0x00000000        0x0 ./src/I2C_MPU.o
 .text.I2C_ReadByte
                0x00000000       0x3c ./src/I2C_MPU.o
 .group         0x00000000        0x8 ./src/Initializer.o
 .group         0x00000000        0x8 ./src/Initializer.o
 .group         0x00000000        0x8 ./src/Initializer.o
 .group         0x00000000        0x8 ./src/Initializer.o
 .group         0x00000000        0x8 ./src/Initializer.o
 .group         0x00000000        0x8 ./src/Initializer.o
 .group         0x00000000        0x8 ./src/Initializer.o
 .group         0x00000000        0x8 ./src/Initializer.o
 .group         0x00000000        0x8 ./src/Initializer.o
 .group         0x00000000        0x8 ./src/Initializer.o
 .group         0x00000000        0x8 ./src/Initializer.o
 .group         0x00000000        0x8 ./src/Initializer.o
 .group         0x00000000        0x8 ./src/Initializer.o
 .group         0x00000000        0x8 ./src/Initializer.o
 .group         0x00000000        0x8 ./src/Initializer.o
 .group         0x00000000        0x8 ./src/Initializer.o
 .group         0x00000000        0x8 ./src/Initializer.o
 .group         0x00000000        0x8 ./src/Initializer.o
 .group         0x00000000        0x8 ./src/Initializer.o
 .group         0x00000000        0x8 ./src/Initializer.o
[...]
Memory Configuration

Name             Origin             Length             Attributes
MFlash512        0x00000000         0x00080000         xr
RamLoc32         0x10000000         0x00008000         xrw
RamAHB32         0x2007c000         0x00008000         xrw
*default*        0x00000000         0xffffffff

Linker script and memory map

LOAD ./src/I2C_MPU.o
LOAD ./src/Initializer.o
LOAD ./src/MPU-6050.o
LOAD ./src/MPU6050.o
LOAD ./src/cr_startup_lpc175x_6x.o
LOAD ./src/crp.o
LOAD ./src/sysinit.o
LOAD D:\UTN - Apuntes\UTN 2015\PROYECTO\LPCXpresso_WorkSpace\lpc_chip_175x_6x\Debug\liblpc_chip_175x_6x.a
START GROUP
LOAD c:/nxp/lpcxpresso_7.7.2_379/lpcxpresso/tools/bin/../lib/gcc/arm-none-eabi/4.9.3/../../../../arm-none-eabi/lib/armv7-m\libcr_c.a
LOAD c:/nxp/lpcxpresso_7.7.2_379/lpcxpresso/tools/bin/../lib/gcc/arm-none-eabi/4.9.3/armv7-m\libcr_eabihelpers.a
END GROUP
                0x00080000                __top_MFlash512 = 0x80000
                0x10008000                __top_RamLoc32 = 0x10008000
                0x20084000                __top_RamAHB32 = 0x20084000

.text           0x00000000     0x13a0
 FILL mask 0xff
                0x00000000                __vectors_start__ = ABSOLUTE (.)
 *(.isr_vector)
 .isr_vector    0x00000000       0xcc ./src/cr_startup_lpc175x_6x.o
                0x00000000                g_pfnVectors
                0x000000cc                . = ALIGN (0x4)
                0x000000cc                __section_table_start = .
                0x000000cc                __data_section_table = .
                0x000000cc        0x4 LONG 0x13a0 LOADADDR (.data)
                0x000000d0        0x4 LONG 0x10000000 ADDR (.data)
                0x000000d4        0x4 LONG 0x54 SIZEOF (.data)
                0x000000d8        0x4 LONG 0x13a0 LOADADDR (.data_RAM2)
                0x000000dc        0x4 LONG 0x2007c000 ADDR (.data_RAM2)
                0x000000e0        0x4 LONG 0x0 SIZEOF (.data_RAM2)
                0x000000e4                __data_section_table_end = .
                0x000000e4                __bss_section_table = .
                0x000000e4        0x4 LONG 0x10000054 ADDR (.bss)
                0x000000e8        0x4 LONG 0x80 SIZEOF (.bss)
                0x000000ec        0x4 LONG 0x2007c000 ADDR (.bss_RAM2)
                0x000000f0        0x4 LONG 0x0 SIZEOF (.bss_RAM2)
                0x000000f4                __bss_section_table_end = .
                0x000000f4                __section_table_end = .
 *(.after_vectors*)
 .after_vectors
                0x000000f4      0x144 ./src/cr_startup_lpc175x_6x.o
                0x000000f4                data_init
                0x00000138                bss_init
                0x00000170                ResetISR
                0x000001e8                NMI_Handler
                0x000001f0                HardFault_Handler
                0x000001f8                MemManage_Handler
                0x00000200                BusFault_Handler
                0x00000208                UsageFault_Handler
                0x00000210                SVC_Handler
                0x00000218                DebugMon_Handler
                0x00000220                PendSV_Handler
                0x00000230                UART1_IRQHandler
                0x00000230                EINT3_IRQHandler
                0x00000230                CANActivity_IRQHandler
                0x00000230                TIMER3_IRQHandler
                0x00000230                UART0_IRQHandler
                0x00000230                USBActivity_IRQHandler
                0x00000230                EINT2_IRQHandler
                0x00000230                IntDefaultHandler
                0x00000230                PLL0_IRQHandler
                0x00000230                CAN_IRQHandler
                0x00000230                I2C0_IRQHandler
                0x00000230                SSP0_IRQHandler
                0x00000230                I2C1_IRQHandler
                0x00000230                I2C2_IRQHandler
                0x00000230                RTC_IRQHandler
                0x00000230                TIMER0_IRQHandler
                0x00000230                SPI_IRQHandler
                0x00000230                RIT_IRQHandler
                0x00000230                EINT1_IRQHandler
                0x00000230                TIMER1_IRQHandler
                0x00000230                UART2_IRQHandler
                0x00000230                ADC_IRQHandler
                0x00000230                SSP1_IRQHandler
                0x00000230                USB_IRQHandler
                0x00000230                BOD_IRQHandler
                0x00000230                PWM1_IRQHandler
                0x00000230                WDT_IRQHandler
                0x00000230                I2S_IRQHandler
                0x00000230                QEI_IRQHandler
                0x00000230                EINT0_IRQHandler
                0x00000230                ETH_IRQHandler
                0x00000230                PLL1_IRQHandler
                0x00000230                DMA_IRQHandler
                0x00000230                TIMER2_IRQHandler
                0x00000230                UART3_IRQHandler
                0x00000230                MCPWM_IRQHandler
                0x000002fc                . = 0x2fc
 *fill*         0x00000238       0xc4 ff
                0x000002fc                PROVIDE (__CRP_WORD_START__, .)
 *(.crp)
 .crp           0x000002fc        0x4 ./src/crp.o
                0x000002fc                CRP_WORD
                0x00000300                PROVIDE (__CRP_WORD_END__, .)
                0x00000001                ASSERT (! ((__CRP_WORD_START__ == __CRP_WORD_END__)), Linker CRP Enabled, but no CRP_WORD provided within application)
 *(.text*)
 .text.Chip_IOCON_EnableOD
                0x00000300       0x38 ./src/I2C_MPU.o
 .text.InitI2C  0x00000338       0x5c ./src/I2C_MPU.o
                0x00000338                InitI2C
 .text.I2C_XFER_config
                0x00000394       0x40 ./src/I2C_MPU.o
                0x00000394                I2C_XFER_config
 .text.I2C_Read
                0x000003d4       0x40 ./src/I2C_MPU.o
                0x000003d4                I2C_Read
 .text.I2C_WriteByte
                0x00000414       0x50 ./src/I2C_MPU.o
                0x00000414                I2C_WriteByte
 .text.NVIC_SetPriority
                0x00000464       0x54 ./src/Initializer.o
 .text.SysTick_Config
                0x000004b8       0x44 ./src/Initializer.o
 .text.Chip_SYSCTL_SetFLASHAccess
                0x000004fc       0x30 ./src/Initializer.o
 .text.InitHardware
                0x0000052c       0x34 ./src/Initializer.o
                0x0000052c                InitHardware
 .text.SysTick_Handler
                0x00000560       0x1c ./src/MPU-6050.o
                0x00000560                SysTick_Handler
 .text.main     0x0000057c       0x20 ./src/MPU-6050.o
                0x0000057c                main
 .text.Read_MPU
                0x0000059c       0x24 ./src/MPU6050.o
                0x0000059c                Read_MPU
 .text.reg_set_regs_inet
                0x000005c0       0xec ./src/MPU6050.o
                0x000005c0                reg_set_regs_inet
 .text.Read_FIFO
                0x000006ac       0x58 ./src/MPU6050.o
                0x000006ac                Read_FIFO
 .text.FIFO_Count
                0x00000704       0x3c ./src/MPU6050.o
                0x00000704                FIFO_Count
 .text.Delay    0x00000740       0x2c ./src/MPU6050.o
                0x00000740                Delay
 .text.SystemInit
                0x0000076c       0x24 ./src/sysinit.o
                0x0000076c                SystemInit
 .text.SystemCoreClockUpdate
                0x00000790       0x14 D:\UTN - Apuntes\UTN 2015\PROYECTO\LPCXpresso_WorkSpace\lpc_chip_175x_6x\Debug\liblpc_chip_175x_6x.a(chip_17xx_40xx.o)
                0x00000790                SystemCoreClockUpdate
 .text.Chip_Clock_IsMainPLLEnabled
                0x000007a4       0x28 D:\UTN - Apuntes\UTN 2015\PROYECTO\LPCXpresso_WorkSpace\lpc_chip_175x_6x\Debug\liblpc_chip_175x_6x.a(clock_17xx_40xx.o)
 .text.Chip_Clock_IsMainPLLConnected
                0x000007cc       0x28 D:\UTN - Apuntes\UTN 2015\PROYECTO\LPCXpresso_WorkSpace\lpc_chip_175x_6x\Debug\liblpc_chip_175x_6x.a(clock_17xx_40xx.o)
 .text.Chip_Clock_FeedPLL
                0x000007f4       0x34 D:\UTN - Apuntes\UTN 2015\PROYECTO\LPCXpresso_WorkSpace\lpc_chip_175x_6x\Debug\liblpc_chip_175x_6x.a(clock_17xx_40xx.o)
 .text.Chip_Clock_GetMainPLLSource
                0x00000828       0x20 D:\UTN - Apuntes\UTN 2015\PROYECTO\LPCXpresso_WorkSpace\lpc_chip_175x_6x\Debug\liblpc_chip_175x_6x.a(clock_17xx_40xx.o)
 .text.Chip_Clock_GetMainOscRate
                0x00000848       0x18 D:\UTN - Apuntes\UTN 2015\PROYECTO\LPCXpresso_WorkSpace\lpc_chip_175x_6x\Debug\liblpc_chip_175x_6x.a(clock_17xx_40xx.o)
 .text.Chip_Clock_GetIntOscRate
                0x00000860       0x14 D:\UTN - Apuntes\UTN 2015\PROYECTO\LPCXpresso_WorkSpace\lpc_chip_175x_6x\Debug\liblpc_chip_175x_6x.a(clock_17xx_40xx.o)
 .text.Chip_Clock_GetRTCOscRate
                0x00000874       0x18 D:\UTN - Apuntes\UTN 2015\PROYECTO\LPCXpresso_WorkSpace\lpc_chip_175x_6x\Debug\liblpc_chip_175x_6x.a(clock_17xx_40xx.o)
 .text.Chip_Clock_GetMainPLLInClockRate
                0x0000088c       0x10 D:\UTN - Apuntes\UTN 2015\PROYECTO\LPCXpresso_WorkSpace\lpc_chip_175x_6x\Debug\liblpc_chip_175x_6x.a(clock_17xx_40xx.o)
 .text.Chip_Clock_EnablePLL
                0x0000089c       0x44 D:\UTN - Apuntes\UTN 2015\PROYECTO\LPCXpresso_WorkSpace\lpc_chip_175x_6x\Debug\liblpc_chip_175x_6x.a(clock_17xx_40xx.o)
                0x0000089c                Chip_Clock_EnablePLL
 .text.Chip_Clock_DisablePLL
                0x000008e0       0x44 D:\UTN - Apuntes\UTN 2015\PROYECTO\LPCXpresso_WorkSpace\lpc_chip_175x_6x\Debug\liblpc_chip_175x_6x.a(clock_17xx_40xx.o)
                0x000008e0                Chip_Clock_DisablePLL
 .text.Chip_Clock_SetupPLL
                0x00000924       0x58 D:\UTN - Apuntes\UTN 2015\PROYECTO\LPCXpresso_WorkSpace\lpc_chip_175x_6x\Debug\liblpc_chip_175x_6x.a(clock_17xx_40xx.o)
                0x00000924                Chip_Clock_SetupPLL
 .text.Chip_Clock_GetCPUClockSource
                0x0000097c       0x24 D:\UTN - Apuntes\UTN 2015\PROYECTO\LPCXpresso_WorkSpace\lpc_chip_175x_6x\Debug\liblpc_chip_175x_6x.a(clock_17xx_40xx.o)
                0x0000097c                Chip_Clock_GetCPUClockSource
 .text.Chip_Clock_SetCPUClockDiv
                0x000009a0       0x20 D:\UTN - Apuntes\UTN 2015\PROYECTO\LPCXpresso_WorkSpace\lpc_chip_175x_6x\Debug\liblpc_chip_175x_6x.a(clock_17xx_40xx.o)
                0x000009a0                Chip_Clock_SetCPUClockDiv
 .text.Chip_Clock_GetCPUClockDiv
                0x000009c0       0x1c D:\UTN - Apuntes\UTN 2015\PROYECTO\LPCXpresso_WorkSpace\lpc_chip_175x_6x\Debug\liblpc_chip_175x_6x.a(clock_17xx_40xx.o)
                0x000009c0                Chip_Clock_GetCPUClockDiv
 .text.Chip_Clock_GetPCLKDiv
                0x000009dc       0x90 D:\UTN - Apuntes\UTN 2015\PROYECTO\LPCXpresso_WorkSpace\lpc_chip_175x_6x\Debug\liblpc_chip_175x_6x.a(clock_17xx_40xx.o)
                0x000009dc                Chip_Clock_GetPCLKDiv
 .text.Chip_Clock_GetSYSCLKRate
                0x00000a6c       0x34 D:\UTN - Apuntes\UTN 2015\PROYECTO\LPCXpresso_WorkSpace\lpc_chip_175x_6x\Debug\liblpc_chip_175x_6x.a(clock_17xx_40xx.o)
                0x00000a6c                Chip_Clock_GetSYSCLKRate
 .text.Chip_Clock_GetMainPLLOutClockRate
                0x00000aa0       0x54 D:\UTN - Apuntes\UTN 2015\PROYECTO\LPCXpresso_WorkSpace\lpc_chip_175x_6x\Debug\liblpc_chip_175x_6x.a(clock_17xx_40xx.o)
                0x00000aa0                Chip_Clock_GetMainPLLOutClockRate
 .text.Chip_Clock_GetMainClockRate
                0x00000af4       0x28 D:\UTN - Apuntes\UTN 2015\PROYECTO\LPCXpresso_WorkSpace\lpc_chip_175x_6x\Debug\liblpc_chip_175x_6x.a(clock_17xx_40xx.o)
                0x00000af4                Chip_Clock_GetMainClockRate
 .text.Chip_Clock_GetSystemClockRate
                0x00000b1c       0x18 D:\UTN - Apuntes\UTN 2015\PROYECTO\LPCXpresso_WorkSpace\lpc_chip_175x_6x\Debug\liblpc_chip_175x_6x.a(clock_17xx_40xx.o)
                0x00000b1c                Chip_Clock_GetSystemClockRate
 .text.Chip_Clock_GetPeripheralClockRate
                0x00000b34       0x28 D:\UTN - Apuntes\UTN 2015\PROYECTO\LPCXpresso_WorkSpace\lpc_chip_175x_6x\Debug\liblpc_chip_175x_6x.a(clock_17xx_40xx.o)
                0x00000b34                Chip_Clock_GetPeripheralClockRate
 .text.getClkRate
                0x00000b5c       0x24 D:\UTN - Apuntes\UTN 2015\PROYECTO\LPCXpresso_WorkSpace\lpc_chip_175x_6x\Debug\liblpc_chip_175x_6x.a(i2c_17xx_40xx.o)
 .text.startMasterXfer
                0x00000b80       0x20 D:\UTN - Apuntes\UTN 2015\PROYECTO\LPCXpresso_WorkSpace\lpc_chip_175x_6x\Debug\liblpc_chip_175x_6x.a(i2c_17xx_40xx.o)
 .text.startSlaverXfer
                0x00000ba0       0x20 D:\UTN - Apuntes\UTN 2015\PROYECTO\LPCXpresso_WorkSpace\lpc_chip_175x_6x\Debug\liblpc_chip_175x_6x.a(i2c_17xx_40xx.o)
 .text.isI2CBusFree
                0x00000bc0       0x28 D:\UTN - Apuntes\UTN 2015\PROYECTO\LPCXpresso_WorkSpace\lpc_chip_175x_6x\Debug\liblpc_chip_175x_6x.a(i2c_17xx_40xx.o)
 .text.getCurState
                0x00000be8       0x1c D:\UTN - Apuntes\UTN 2015\PROYECTO\LPCXpresso_WorkSpace\lpc_chip_175x_6x\Debug\liblpc_chip_175x_6x.a(i2c_17xx_40xx.o)
 .text.handleMasterXferState
                0x00000c04      0x284 D:\UTN - Apuntes\UTN 2015\PROYECTO\LPCXpresso_WorkSpace\lpc_chip_175x_6x\Debug\liblpc_chip_175x_6x.a(i2c_17xx_40xx.o)
                0x00000c04                handleMasterXferState
 .text.Chip_I2C_EventHandler
                0x00000e88       0x4c D:\UTN - Apuntes\UTN 2015\PROYECTO\LPCXpresso_WorkSpace\lpc_chip_175x_6x\Debug\liblpc_chip_175x_6x.a(i2c_17xx_40xx.o)
                0x00000e88                Chip_I2C_EventHandler
 .text.Chip_I2C_EventHandlerPolling
                0x00000ed4       0x5c D:\UTN - Apuntes\UTN 2015\PROYECTO\LPCXpresso_WorkSpace\lpc_chip_175x_6x\Debug\liblpc_chip_175x_6x.a(i2c_17xx_40xx.o)
                0x00000ed4                Chip_I2C_EventHandlerPolling
 .text.Chip_I2C_SetClockRate
                0x00000f30       0x68 D:\UTN - Apuntes\UTN 2015\PROYECTO\LPCXpresso_WorkSpace\lpc_chip_175x_6x\Debug\liblpc_chip_175x_6x.a(i2c_17xx_40xx.o)
                0x00000f30                Chip_I2C_SetClockRate
 .text.Chip_I2C_SetMasterEventHandler
                0x00000f98       0x4c D:\UTN - Apuntes\UTN 2015\PROYECTO\LPCXpresso_WorkSpace\lpc_chip_175x_6x\Debug\liblpc_chip_175x_6x.a(i2c_17xx_40xx.o)
                0x00000f98                Chip_I2C_SetMasterEventHandler
 .text.Chip_I2C_MasterTransfer
                0x00000fe4       0x9c D:\UTN - Apuntes\UTN 2015\PROYECTO\LPCXpresso_WorkSpace\lpc_chip_175x_6x\Debug\liblpc_chip_175x_6x.a(i2c_17xx_40xx.o)
                0x00000fe4                Chip_I2C_MasterTransfer
 .text.Chip_I2C_MasterStateHandler
                0x00001080       0x5c D:\UTN - Apuntes\UTN 2015\PROYECTO\LPCXpresso_WorkSpace\lpc_chip_175x_6x\Debug\liblpc_chip_175x_6x.a(i2c_17xx_40xx.o)
                0x00001080                Chip_I2C_MasterStateHandler
 .text.Chip_I2C_IsStateChanged
                0x000010dc       0x3c D:\UTN - Apuntes\UTN 2015\PROYECTO\LPCXpresso_WorkSpace\lpc_chip_175x_6x\Debug\liblpc_chip_175x_6x.a(i2c_17xx_40xx.o)
                0x000010dc                Chip_I2C_IsStateChanged
 .text.Chip_IOCON_PinMux
                0x00001118       0x94 D:\UTN - Apuntes\UTN 2015\PROYECTO\LPCXpresso_WorkSpace\lpc_chip_175x_6x\Debug\liblpc_chip_175x_6x.a(iocon_17xx_40xx.o)
                0x00001118                Chip_IOCON_PinMux
 .text.Chip_Clock_IsMainPLLEnabled
                0x000011ac       0x28 D:\UTN - Apuntes\UTN 2015\PROYECTO\LPCXpresso_WorkSpace\lpc_chip_175x_6x\Debug\liblpc_chip_175x_6x.a(sysinit_17xx_40xx.o)
 .text.Chip_Clock_IsMainPLLLocked
                0x000011d4       0x28 D:\UTN - Apuntes\UTN 2015\PROYECTO\LPCXpresso_WorkSpace\lpc_chip_175x_6x\Debug\liblpc_chip_175x_6x.a(sysinit_17xx_40xx.o)
 .text.Chip_Clock_IsMainPLLConnected
                0x000011fc       0x28 D:\UTN - Apuntes\UTN 2015\PROYECTO\LPCXpresso_WorkSpace\lpc_chip_175x_6x\Debug\liblpc_chip_175x_6x.a(sysinit_17xx_40xx.o)
 .text.Chip_Clock_EnableCrystal
                0x00001224       0x20 D:\UTN - Apuntes\UTN 2015\PROYECTO\LPCXpresso_WorkSpace\lpc_chip_175x_6x\Debug\liblpc_chip_175x_6x.a(sysinit_17xx_40xx.o)
 .text.Chip_Clock_IsCrystalEnabled
                0x00001244       0x28 D:\UTN - Apuntes\UTN 2015\PROYECTO\LPCXpresso_WorkSpace\lpc_chip_175x_6x\Debug\liblpc_chip_175x_6x.a(sysinit_17xx_40xx.o)
 .text.Chip_Clock_SetMainPLLSource
                0x0000126c       0x20 D:\UTN - Apuntes\UTN 2015\PROYECTO\LPCXpresso_WorkSpace\lpc_chip_175x_6x\Debug\liblpc_chip_175x_6x.a(sysinit_17xx_40xx.o)
 .text.Chip_SetupIrcClocking
                0x0000128c       0x68 D:\UTN - Apuntes\UTN 2015\PROYECTO\LPCXpresso_WorkSpace\lpc_chip_175x_6x\Debug\liblpc_chip_175x_6x.a(sysinit_17xx_40xx.o)
                0x0000128c                Chip_SetupIrcClocking
 .text.Chip_SetupXtalClocking
                0x000012f4       0x90 D:\UTN - Apuntes\UTN 2015\PROYECTO\LPCXpresso_WorkSpace\lpc_chip_175x_6x\Debug\liblpc_chip_175x_6x.a(sysinit_17xx_40xx.o)
                0x000012f4                Chip_SetupXtalClocking
 .text.Chip_SystemInit
                0x00001384        0xc D:\UTN - Apuntes\UTN 2015\PROYECTO\LPCXpresso_WorkSpace\lpc_chip_175x_6x\Debug\liblpc_chip_175x_6x.a(sysinit_17xx_40xx.o)
                0x00001384                Chip_SystemInit
 .text.__weak_main
                0x00001390        0x4 c:/nxp/lpcxpresso_7.7.2_379/lpcxpresso/tools/bin/../lib/gcc/arm-none-eabi/4.9.3/../../../../arm-none-eabi/lib/armv7-m\libcr_c.a(__weak__main.o)
                0x00001390                __weak_main
                0x00001390                __main
 *(.rodata .rodata.* .constdata .constdata.*)
 .rodata.OscRateIn
                0x00001394        0x4 ./src/sysinit.o
                0x00001394                OscRateIn
 .rodata.RTCOscRateIn
                0x00001398        0x4 ./src/sysinit.o
                0x00001398                RTCOscRateIn
 .rodata.I2C_PeriphClk
                0x0000139c        0x4 D:\UTN - Apuntes\UTN 2015\PROYECTO\LPCXpresso_WorkSpace\lpc_chip_175x_6x\Debug\liblpc_chip_175x_6x.a(i2c_17xx_40xx.o)
                0x000013a0                . = ALIGN (0x4)

.glue_7         0x000013a0        0x0
 .glue_7        0x00000000        0x0 linker stubs

.glue_7t        0x000013a0        0x0
 .glue_7t       0x00000000        0x0 linker stubs

.vfp11_veneer   0x000013a0        0x0
 .vfp11_veneer  0x00000000        0x0 linker stubs

.v4_bx          0x000013a0        0x0
 .v4_bx         0x00000000        0x0 linker stubs

.iplt           0x000013a0        0x0
 .iplt          0x00000000        0x0 ./src/I2C_MPU.o

.rel.dyn        0x000013a0        0x0
 .rel.iplt      0x00000000        0x0 ./src/I2C_MPU.o

.ARM.extab
 *(.ARM.extab* .gnu.linkonce.armextab.*)
                0x000013a0                __exidx_start = .

.ARM.exidx
 *(.ARM.exidx* .gnu.linkonce.armexidx.*)
                0x000013a0                __exidx_end = .
                0x000013a0                _etext = .

.data_RAM2      0x2007c000        0x0 load address 0x000013a0
 FILL mask 0xff
                0x2007c000                PROVIDE (__start_data_RAM2, .)
 *(.ramfunc.$RAM2)
 *(.ramfunc.$RamAHB32)
 *(.data.$RAM2*)
 *(.data.$RamAHB32*)
                0x2007c000                . = ALIGN (0x4)
                0x2007c000                PROVIDE (__end_data_RAM2, .)

.uninit_RESERVED
                0x10000000        0x0
 *(.bss.$RESERVED*)
                0x10000000                . = ALIGN (0x4)
                0x10000000                _end_uninit_RESERVED = .

.data           0x10000000       0x54 load address 0x000013a0
 FILL mask 0xff
                0x10000000                _data = .
 *(vtable)
 *(.ramfunc*)
 *(.data*)
 .data.i2c      0x10000000       0x54 D:\UTN - Apuntes\UTN 2015\PROYECTO\LPCXpresso_WorkSpace\lpc_chip_175x_6x\Debug\liblpc_chip_175x_6x.a(i2c_17xx_40xx.o)
                0x10000054                . = ALIGN (0x4)
                0x10000054                _edata = .

.igot.plt       0x10000054        0x0 load address 0x000013f4
 .igot.plt      0x00000000        0x0 ./src/I2C_MPU.o

.bss_RAM2       0x2007c000        0x0
                0x2007c000                PROVIDE (__start_bss_RAM2, .)
 *(.bss.$RAM2*)
 *(.bss.$RamAHB32*)
                0x2007c000                . = ALIGN (0x4)
                0x2007c000                PROVIDE (__end_bss_RAM2, .)

.bss            0x10000054       0x80
                0x10000054                _bss = .
 *(.bss*)
 .bss.Data_Read
                0x10000054       0x78 ./src/MPU-6050.o
                0x10000054                Data_Read
 *(COMMON)
 COMMON         0x100000cc        0x4 ./src/MPU-6050.o
                0x100000cc                SysTickCnt
 COMMON         0x100000d0        0x4 D:\UTN - Apuntes\UTN 2015\PROYECTO\LPCXpresso_WorkSpace\lpc_chip_175x_6x\Debug\liblpc_chip_175x_6x.a(chip_17xx_40xx.o)
                0x100000d0                SystemCoreClock
                0x100000d4                . = ALIGN (0x4)
                0x100000d4                _ebss = .
                0x100000d4                PROVIDE (end, .)

.noinit_RAM2    0x2007c000        0x0
 *(.noinit.$RAM2*)
 *(.noinit.$RamAHB32*)
                0x2007c000                . = ALIGN (0x4)

.noinit         0x100000d4        0x0
                0x100000d4                _noinit = .
 *(.noinit*)
                0x100000d4                . = ALIGN (0x4)
                0x100000d4                _end_noinit = .
                0x100000d4                PROVIDE (_pvHeapStart, DEFINED (__user_heap_base)?__user_heap_base:.)
                0x10008000                PROVIDE (_vStackTop, DEFINED (__user_stack_top)?__user_stack_top:(__top_RamLoc32 - 0x0))
OUTPUT(MPU-6050.axf elf32-littlearm)

.debug_info     0x00000000     0x3d2f
 .debug_info    0x00000000      0x42d ./src/I2C_MPU.o
 .debug_info    0x0000042d      0x84c ./src/Initializer.o
 .debug_info    0x00000c79      0x1e5 ./src/MPU-6050.o
 .debug_info    0x00000e5e      0x4f9 ./src/MPU6050.o
 .debug_info    0x00001357      0x24b ./src/cr_startup_lpc175x_6x.o
 .debug_info    0x000015a2       0x3f ./src/crp.o
 .debug_info    0x000015e1      0x1b1 ./src/sysinit.o
 .debug_info    0x00001792      0x50a D:\UTN - Apuntes\UTN 2015\PROYECTO\LPCXpresso_WorkSpace\lpc_chip_175x_6x\Debug\liblpc_chip_175x_6x.a(chip_17xx_40xx.o)
 .debug_info    0x00001c9c      0xb46 D:\UTN - Apuntes\UTN 2015\PROYECTO\LPCXpresso_WorkSpace\lpc_chip_175x_6x\Debug\liblpc_chip_175x_6x.a(clock_17xx_40xx.o)
 .debug_info    0x000027e2      0xe43 D:\UTN - Apuntes\UTN 2015\PROYECTO\LPCXpresso_WorkSpace\lpc_chip_175x_6x\Debug\liblpc_chip_175x_6x.a(i2c_17xx_40xx.o)
 .debug_info    0x00003625      0x2d9 D:\UTN - Apuntes\UTN 2015\PROYECTO\LPCXpresso_WorkSpace\lpc_chip_175x_6x\Debug\liblpc_chip_175x_6x.a(iocon_17xx_40xx.o)
 .debug_info    0x000038fe      0x431 D:\UTN - Apuntes\UTN 2015\PROYECTO\LPCXpresso_WorkSpace\lpc_chip_175x_6x\Debug\liblpc_chip_175x_6x.a(sysinit_17xx_40xx.o)

.debug_abbrev   0x00000000     0x10f4
 .debug_abbrev  0x00000000      0x166 ./src/I2C_MPU.o
 .debug_abbrev  0x00000166      0x1e3 ./src/Initializer.o
 .debug_abbrev  0x00000349       0xe6 ./src/MPU-6050.o
 .debug_abbrev  0x0000042f      0x177 ./src/MPU6050.o
 .debug_abbrev  0x000005a6       0xf5 ./src/cr_startup_lpc175x_6x.o
 .debug_abbrev  0x0000069b       0x36 ./src/crp.o
 .debug_abbrev  0x000006d1       0xca ./src/sysinit.o
 .debug_abbrev  0x0000079b      0x138 D:\UTN - Apuntes\UTN 2015\PROYECTO\LPCXpresso_WorkSpace\lpc_chip_175x_6x\Debug\liblpc_chip_175x_6x.a(chip_17xx_40xx.o)
 .debug_abbrev  0x000008d3      0x2e4 D:\UTN - Apuntes\UTN 2015\PROYECTO\LPCXpresso_WorkSpace\lpc_chip_175x_6x\Debug\liblpc_chip_175x_6x.a(clock_17xx_40xx.o)
 .debug_abbrev  0x00000bb7      0x2a6 D:\UTN - Apuntes\UTN 2015\PROYECTO\LPCXpresso_WorkSpace\lpc_chip_175x_6x\Debug\liblpc_chip_175x_6x.a(i2c_17xx_40xx.o)
 .debug_abbrev  0x00000e5d      0x126 D:\UTN - Apuntes\UTN 2015\PROYECTO\LPCXpresso_WorkSpace\lpc_chip_175x_6x\Debug\liblpc_chip_175x_6x.a(iocon_17xx_40xx.o)
 .debug_abbrev  0x00000f83      0x171 D:\UTN - Apuntes\UTN 2015\PROYECTO\LPCXpresso_WorkSpace\lpc_chip_175x_6x\Debug\liblpc_chip_175x_6x.a(sysinit_17xx_40xx.o)

.debug_aranges  0x00000000      0x4d8
 .debug_aranges
                0x00000000       0x48 ./src/I2C_MPU.o
 .debug_aranges
                0x00000048       0x38 ./src/Initializer.o
 .debug_aranges
                0x00000080       0x28 ./src/MPU-6050.o
 .debug_aranges
                0x000000a8       0x78 ./src/MPU6050.o
 .debug_aranges
                0x00000120       0x80 ./src/cr_startup_lpc175x_6x.o
 .debug_aranges
                0x000001a0       0x18 ./src/crp.o
 .debug_aranges
                0x000001b8       0x20 ./src/sysinit.o
 .debug_aranges
                0x000001d8       0x38 D:\UTN - Apuntes\UTN 2015\PROYECTO\LPCXpresso_WorkSpace\lpc_chip_175x_6x\Debug\liblpc_chip_175x_6x.a(chip_17xx_40xx.o)
 .debug_aranges
                0x00000210      0x120 D:\UTN - Apuntes\UTN 2015\PROYECTO\LPCXpresso_WorkSpace\lpc_chip_175x_6x\Debug\liblpc_chip_175x_6x.a(clock_17xx_40xx.o)
 .debug_aranges
                0x00000330      0x118 D:\UTN - Apuntes\UTN 2015\PROYECTO\LPCXpresso_WorkSpace\lpc_chip_175x_6x\Debug\liblpc_chip_175x_6x.a(i2c_17xx_40xx.o)
 .debug_aranges
                0x00000448       0x30 D:\UTN - Apuntes\UTN 2015\PROYECTO\LPCXpresso_WorkSpace\lpc_chip_175x_6x\Debug\liblpc_chip_175x_6x.a(iocon_17xx_40xx.o)
 .debug_aranges
                0x00000478       0x60 D:\UTN - Apuntes\UTN 2015\PROYECTO\LPCXpresso_WorkSpace\lpc_chip_175x_6x\Debug\liblpc_chip_175x_6x.a(sysinit_17xx_40xx.o)

.debug_ranges   0x00000000      0x410
 .debug_ranges  0x00000000       0x38 ./src/I2C_MPU.o
 .debug_ranges  0x00000038       0x28 ./src/Initializer.o
 .debug_ranges  0x00000060       0x18 ./src/MPU-6050.o
 .debug_ranges  0x00000078       0x68 ./src/MPU6050.o
 .debug_ranges  0x000000e0       0x70 ./src/cr_startup_lpc175x_6x.o
 .debug_ranges  0x00000150       0x10 ./src/sysinit.o
 .debug_ranges  0x00000160       0x28 D:\UTN - Apuntes\UTN 2015\PROYECTO\LPCXpresso_WorkSpace\lpc_chip_175x_6x\Debug\liblpc_chip_175x_6x.a(chip_17xx_40xx.o)
 .debug_ranges  0x00000188      0x110 D:\UTN - Apuntes\UTN 2015\PROYECTO\LPCXpresso_WorkSpace\lpc_chip_175x_6x\Debug\liblpc_chip_175x_6x.a(clock_17xx_40xx.o)
 .debug_ranges  0x00000298      0x108 D:\UTN - Apuntes\UTN 2015\PROYECTO\LPCXpresso_WorkSpace\lpc_chip_175x_6x\Debug\liblpc_chip_175x_6x.a(i2c_17xx_40xx.o)
 .debug_ranges  0x000003a0       0x20 D:\UTN - Apuntes\UTN 2015\PROYECTO\LPCXpresso_WorkSpace\lpc_chip_175x_6x\Debug\liblpc_chip_175x_6x.a(iocon_17xx_40xx.o)
 .debug_ranges  0x000003c0       0x50 D:\UTN - Apuntes\UTN 2015\PROYECTO\LPCXpresso_WorkSpace\lpc_chip_175x_6x\Debug\liblpc_chip_175x_6x.a(sysinit_17xx_40xx.o)

.debug_macro    0x00000000     0x5610
 .debug_macro   0x00000000      0x1e9 ./src/I2C_MPU.o
 .debug_macro   0x000001e9      0x880 ./src/I2C_MPU.o
 .debug_macro   0x00000a69       0x10 ./src/I2C_MPU.o
 .debug_macro   0x00000a79      0x12d ./src/I2C_MPU.o
 .debug_macro   0x00000ba6      0x5b2 ./src/I2C_MPU.o
 .debug_macro   0x00001158       0x22 ./src/I2C_MPU.o
 .debug_macro   0x0000117a       0x7b ./src/I2C_MPU.o
 .debug_macro   0x000011f5       0x10 ./src/I2C_MPU.o
 .debug_macro   0x00001205       0x2d ./src/I2C_MPU.o
 .debug_macro   0x00001232       0x3a ./src/I2C_MPU.o
 .debug_macro   0x0000126c       0x2d ./src/I2C_MPU.o
 .debug_macro   0x00001299      0xbb1 ./src/I2C_MPU.o
 .debug_macro   0x00001e4a      0x233 ./src/I2C_MPU.o
 .debug_macro   0x0000207d       0x42 ./src/I2C_MPU.o
 .debug_macro   0x000020bf       0x52 ./src/I2C_MPU.o
 .debug_macro   0x00002111       0x78 ./src/I2C_MPU.o
 .debug_macro   0x00002189       0x82 ./src/I2C_MPU.o
 .debug_macro   0x0000220b      0x48c ./src/I2C_MPU.o
 .debug_macro   0x00002697       0x34 ./src/I2C_MPU.o
 .debug_macro   0x000026cb      0x4c5 ./src/I2C_MPU.o
 .debug_macro   0x00002b90      0x1b7 ./src/I2C_MPU.o
 .debug_macro   0x00002d47       0x10 ./src/I2C_MPU.o
 .debug_macro   0x00002d57      0x21b ./src/I2C_MPU.o
 .debug_macro   0x00002f72      0x1b9 ./src/I2C_MPU.o
 .debug_macro   0x0000312b       0x58 ./src/I2C_MPU.o
 .debug_macro   0x00003183       0x40 ./src/I2C_MPU.o
 .debug_macro   0x000031c3       0x22 ./src/I2C_MPU.o
 .debug_macro   0x000031e5      0x162 ./src/I2C_MPU.o
 .debug_macro   0x00003347       0x94 ./src/I2C_MPU.o
 .debug_macro   0x000033db       0xb8 ./src/I2C_MPU.o
 .debug_macro   0x00003493       0x4c ./src/I2C_MPU.o
 .debug_macro   0x000034df       0x16 ./src/I2C_MPU.o
 .debug_macro   0x000034f5      0x328 ./src/I2C_MPU.o
 .debug_macro   0x0000381d       0x49 ./src/I2C_MPU.o
 .debug_macro   0x00003866       0x16 ./src/I2C_MPU.o
 .debug_macro   0x0000387c       0xca ./src/I2C_MPU.o
 .debug_macro   0x00003946       0x18 ./src/I2C_MPU.o
 .debug_macro   0x0000395e      0x1e9 ./src/Initializer.o
 .debug_macro   0x00003b47      0x1f6 ./src/MPU-6050.o
 .debug_macro   0x00003d3d      0x2aa ./src/MPU-6050.o
 .debug_macro   0x00003fe7      0x1f2 ./src/MPU6050.o
 .debug_macro   0x000041d9       0x1d ./src/cr_startup_lpc175x_6x.o
 .debug_macro   0x000041f6       0x1a ./src/crp.o
 .debug_macro   0x00004210       0x34 ./src/crp.o
 .debug_macro   0x00004244      0x1e1 ./src/sysinit.o
 .debug_macro   0x00004425      0x1e1 D:\UTN - Apuntes\UTN 2015\PROYECTO\LPCXpresso_WorkSpace\lpc_chip_175x_6x\Debug\liblpc_chip_175x_6x.a(chip_17xx_40xx.o)
 .debug_macro   0x00004606      0x874 D:\UTN - Apuntes\UTN 2015\PROYECTO\LPCXpresso_WorkSpace\lpc_chip_175x_6x\Debug\liblpc_chip_175x_6x.a(chip_17xx_40xx.o)
 .debug_macro   0x00004e7a      0x1e1 D:\UTN - Apuntes\UTN 2015\PROYECTO\LPCXpresso_WorkSpace\lpc_chip_175x_6x\Debug\liblpc_chip_175x_6x.a(clock_17xx_40xx.o)
 .debug_macro   0x0000505b      0x1f3 D:\UTN - Apuntes\UTN 2015\PROYECTO\LPCXpresso_WorkSpace\lpc_chip_175x_6x\Debug\liblpc_chip_175x_6x.a(i2c_17xx_40xx.o)
 .debug_macro   0x0000524e      0x1e1 D:\UTN - Apuntes\UTN 2015\PROYECTO\LPCXpresso_WorkSpace\lpc_chip_175x_6x\Debug\liblpc_chip_175x_6x.a(iocon_17xx_40xx.o)
 .debug_macro   0x0000542f      0x1e1 D:\UTN - Apuntes\UTN 2015\PROYECTO\LPCXpresso_WorkSpace\lpc_chip_175x_6x\Debug\liblpc_chip_175x_6x.a(sysinit_17xx_40xx.o)

.debug_line     0x00000000     0x34db
 .debug_line    0x00000000      0x4e6 ./src/I2C_MPU.o
 .debug_line    0x000004e6      0x4c8 ./src/Initializer.o
 .debug_line    0x000009ae      0x4a3 ./src/MPU-6050.o
 .debug_line    0x00000e51      0x568 ./src/MPU6050.o
 .debug_line    0x000013b9       0xd5 ./src/cr_startup_lpc175x_6x.o
 .debug_line    0x0000148e       0x78 ./src/crp.o
 .debug_line    0x00001506      0x41c ./src/sysinit.o
 .debug_line    0x00001922      0x46c D:\UTN - Apuntes\UTN 2015\PROYECTO\LPCXpresso_WorkSpace\lpc_chip_175x_6x\Debug\liblpc_chip_175x_6x.a(chip_17xx_40xx.o)
 .debug_line    0x00001d8e      0x6e3 D:\UTN - Apuntes\UTN 2015\PROYECTO\LPCXpresso_WorkSpace\lpc_chip_175x_6x\Debug\liblpc_chip_175x_6x.a(clock_17xx_40xx.o)
 .debug_line    0x00002471      0x730 D:\UTN - Apuntes\UTN 2015\PROYECTO\LPCXpresso_WorkSpace\lpc_chip_175x_6x\Debug\liblpc_chip_175x_6x.a(i2c_17xx_40xx.o)
 .debug_line    0x00002ba1      0x458 D:\UTN - Apuntes\UTN 2015\PROYECTO\LPCXpresso_WorkSpace\lpc_chip_175x_6x\Debug\liblpc_chip_175x_6x.a(iocon_17xx_40xx.o)
 .debug_line    0x00002ff9      0x4e2 D:\UTN - Apuntes\UTN 2015\PROYECTO\LPCXpresso_WorkSpace\lpc_chip_175x_6x\Debug\liblpc_chip_175x_6x.a(sysinit_17xx_40xx.o)

.debug_str      0x00000000    0x12d24
 .debug_str     0x00000000    0x1082d ./src/I2C_MPU.o
                              0x1091f (size before relaxing)
 .debug_str     0x0001082d      0x502 ./src/Initializer.o
                              0x10cd9 (size before relaxing)
 .debug_str     0x00010d2f      0x9e0 ./src/MPU-6050.o
                              0x111e7 (size before relaxing)
 .debug_str     0x0001170f      0x134 ./src/MPU6050.o
                              0x11389 (size before relaxing)
 .debug_str     0x00011843      0x1b2 ./src/cr_startup_lpc175x_6x.o
                               0x2662 (size before relaxing)
 .debug_str     0x000119f5       0xe9 ./src/crp.o
                               0x257a (size before relaxing)
 .debug_str     0x00011ade       0x1b ./src/sysinit.o
                              0x10963 (size before relaxing)
 .debug_str     0x00011af9      0x373 D:\UTN - Apuntes\UTN 2015\PROYECTO\LPCXpresso_WorkSpace\lpc_chip_175x_6x\Debug\liblpc_chip_175x_6x.a(chip_17xx_40xx.o)
                              0x10d83 (size before relaxing)
 .debug_str     0x00011e6c      0x857 D:\UTN - Apuntes\UTN 2015\PROYECTO\LPCXpresso_WorkSpace\lpc_chip_175x_6x\Debug\liblpc_chip_175x_6x.a(clock_17xx_40xx.o)
                              0x113f1 (size before relaxing)
 .debug_str     0x000126c3      0x500 D:\UTN - Apuntes\UTN 2015\PROYECTO\LPCXpresso_WorkSpace\lpc_chip_175x_6x\Debug\liblpc_chip_175x_6x.a(i2c_17xx_40xx.o)
                              0x11401 (size before relaxing)
 .debug_str     0x00012bc3       0x9d D:\UTN - Apuntes\UTN 2015\PROYECTO\LPCXpresso_WorkSpace\lpc_chip_175x_6x\Debug\liblpc_chip_175x_6x.a(iocon_17xx_40xx.o)
                              0x1086e (size before relaxing)
 .debug_str     0x00012c60       0xc4 D:\UTN - Apuntes\UTN 2015\PROYECTO\LPCXpresso_WorkSpace\lpc_chip_175x_6x\Debug\liblpc_chip_175x_6x.a(sysinit_17xx_40xx.o)
                              0x10a56 (size before relaxing)

.comment        0x00000000       0x70
 .comment       0x00000000       0x70 ./src/I2C_MPU.o
                                 0x71 (size before relaxing)
 .comment       0x00000000       0x71 ./src/Initializer.o
 .comment       0x00000000       0x71 ./src/MPU-6050.o
 .comment       0x00000000       0x71 ./src/MPU6050.o
 .comment       0x00000000       0x71 ./src/cr_startup_lpc175x_6x.o
 .comment       0x00000000       0x71 ./src/crp.o
 .comment       0x00000000       0x71 ./src/sysinit.o
 .comment       0x00000000       0x71 D:\UTN - Apuntes\UTN 2015\PROYECTO\LPCXpresso_WorkSpace\lpc_chip_175x_6x\Debug\liblpc_chip_175x_6x.a(chip_17xx_40xx.o)
 .comment       0x00000000       0x71 D:\UTN - Apuntes\UTN 2015\PROYECTO\LPCXpresso_WorkSpace\lpc_chip_175x_6x\Debug\liblpc_chip_175x_6x.a(clock_17xx_40xx.o)
 .comment       0x00000000       0x71 D:\UTN - Apuntes\UTN 2015\PROYECTO\LPCXpresso_WorkSpace\lpc_chip_175x_6x\Debug\liblpc_chip_175x_6x.a(i2c_17xx_40xx.o)
 .comment       0x00000000       0x71 D:\UTN - Apuntes\UTN 2015\PROYECTO\LPCXpresso_WorkSpace\lpc_chip_175x_6x\Debug\liblpc_chip_175x_6x.a(iocon_17xx_40xx.o)
 .comment       0x00000000       0x71 D:\UTN - Apuntes\UTN 2015\PROYECTO\LPCXpresso_WorkSpace\lpc_chip_175x_6x\Debug\liblpc_chip_175x_6x.a(sysinit_17xx_40xx.o)
 .comment       0x00000000       0x71 c:/nxp/lpcxpresso_7.7.2_379/lpcxpresso/tools/bin/../lib/gcc/arm-none-eabi/4.9.3/../../../../arm-none-eabi/lib/armv7-m\libcr_c.a(__weak__main.o)

.ARM.attributes
                0x00000000       0x33
 .ARM.attributes
                0x00000000       0x33 ./src/I2C_MPU.o
 .ARM.attributes
                0x00000033       0x33 ./src/Initializer.o
 .ARM.attributes
                0x00000066       0x33 ./src/MPU-6050.o
 .ARM.attributes
                0x00000099       0x33 ./src/MPU6050.o
 .ARM.attributes
                0x000000cc       0x33 ./src/cr_startup_lpc175x_6x.o
 .ARM.attributes
                0x000000ff       0x33 ./src/crp.o
 .ARM.attributes
                0x00000132       0x33 ./src/sysinit.o
 .ARM.attributes
                0x00000165       0x33 D:\UTN - Apuntes\UTN 2015\PROYECTO\LPCXpresso_WorkSpace\lpc_chip_175x_6x\Debug\liblpc_chip_175x_6x.a(chip_17xx_40xx.o)
 .ARM.attributes
                0x00000198       0x33 D:\UTN - Apuntes\UTN 2015\PROYECTO\LPCXpresso_WorkSpace\lpc_chip_175x_6x\Debug\liblpc_chip_175x_6x.a(clock_17xx_40xx.o)
 .ARM.attributes
                0x000001cb       0x33 D:\UTN - Apuntes\UTN 2015\PROYECTO\LPCXpresso_WorkSpace\lpc_chip_175x_6x\Debug\liblpc_chip_175x_6x.a(i2c_17xx_40xx.o)
 .ARM.attributes
                0x000001fe       0x33 D:\UTN - Apuntes\UTN 2015\PROYECTO\LPCXpresso_WorkSpace\lpc_chip_175x_6x\Debug\liblpc_chip_175x_6x.a(iocon_17xx_40xx.o)
 .ARM.attributes
                0x00000231       0x33 D:\UTN - Apuntes\UTN 2015\PROYECTO\LPCXpresso_WorkSpace\lpc_chip_175x_6x\Debug\liblpc_chip_175x_6x.a(sysinit_17xx_40xx.o)
 .ARM.attributes
                0x00000264       0x33 c:/nxp/lpcxpresso_7.7.2_379/lpcxpresso/tools/bin/../lib/gcc/arm-none-eabi/4.9.3/../../../../arm-none-eabi/lib/armv7-m\libcr_c.a(__weak__main.o)

.debug_frame    0x00000000     0x10d4
 .debug_frame   0x00000000       0xec ./src/I2C_MPU.o
 .debug_frame   0x000000ec       0xa0 ./src/Initializer.o
 .debug_frame   0x0000018c       0x50 ./src/MPU-6050.o
 .debug_frame   0x000001dc      0x1c0 ./src/MPU6050.o
 .debug_frame   0x0000039c      0x170 ./src/cr_startup_lpc175x_6x.o
 .debug_frame   0x0000050c       0x34 ./src/sysinit.o
 .debug_frame   0x00000540       0x88 D:\UTN - Apuntes\UTN 2015\PROYECTO\LPCXpresso_WorkSpace\lpc_chip_175x_6x\Debug\liblpc_chip_175x_6x.a(chip_17xx_40xx.o)
 .debug_frame   0x000005c8      0x490 D:\UTN - Apuntes\UTN 2015\PROYECTO\LPCXpresso_WorkSpace\lpc_chip_175x_6x\Debug\liblpc_chip_175x_6x.a(clock_17xx_40xx.o)
 .debug_frame   0x00000a58      0x4c8 D:\UTN - Apuntes\UTN 2015\PROYECTO\LPCXpresso_WorkSpace\lpc_chip_175x_6x\Debug\liblpc_chip_175x_6x.a(i2c_17xx_40xx.o)
 .debug_frame   0x00000f20       0x88 D:\UTN - Apuntes\UTN 2015\PROYECTO\LPCXpresso_WorkSpace\lpc_chip_175x_6x\Debug\liblpc_chip_175x_6x.a(iocon_17xx_40xx.o)
 .debug_frame   0x00000fa8      0x12c D:\UTN - Apuntes\UTN 2015\PROYECTO\LPCXpresso_WorkSpace\lpc_chip_175x_6x\Debug\liblpc_chip_175x_6x.a(sysinit_17xx_40xx.o)
